Analysis & Synthesis report for Antenna_Switch_Interlock
Thu Nov 21 01:44:17 2019
Quartus Prime Version 18.1.0 Build 625 09/12/2018 SJ Lite Edition


---------------------
; Table of Contents ;
---------------------
  1. Legal Notice
  2. Analysis & Synthesis Summary
  3. Analysis & Synthesis Settings
  4. Parallel Compilation
  5. Analysis & Synthesis Source Files Read
  6. Analysis & Synthesis Resource Usage Summary
  7. Analysis & Synthesis Resource Utilization by Entity
  8. General Register Statistics
  9. Port Connectivity Checks: "Seven_seg_decoder:u_7SEG_B"
 10. Port Connectivity Checks: "Seven_seg_decoder:u_7SEG_A"
 11. Analysis & Synthesis Messages



----------------
; Legal Notice ;
----------------
Copyright (C) 2018  Intel Corporation. All rights reserved.
Your use of Intel Corporation's design tools, logic functions 
and other software and tools, and its AMPP partner logic 
functions, and any output files from any of the foregoing 
(including device programming or simulation files), and any 
associated documentation or information are expressly subject 
to the terms and conditions of the Intel Program License 
Subscription Agreement, the Intel Quartus Prime License Agreement,
the Intel FPGA IP License Agreement, or other applicable license
agreement, including, without limitation, that your use is for
the sole purpose of programming logic devices manufactured by
Intel and sold by Intel or its authorized distributors.  Please
refer to the applicable agreement for further details.



+---------------------------------------------------------------------------+
; Analysis & Synthesis Summary                                              ;
+-----------------------------+---------------------------------------------+
; Analysis & Synthesis Status ; Successful - Thu Nov 21 01:44:17 2019       ;
; Quartus Prime Version       ; 18.1.0 Build 625 09/12/2018 SJ Lite Edition ;
; Revision Name               ; Antenna_Switch_Interlock                    ;
; Top-level Entity Name       ; Antenna_Switch_Interlock_pin                ;
; Family                      ; MAX II                                      ;
; Total logic elements        ; 101                                         ;
; Total pins                  ; 57                                          ;
; Total virtual pins          ; 0                                           ;
; UFM blocks                  ; 0 / 1 ( 0 % )                               ;
+-----------------------------+---------------------------------------------+


+----------------------------------------------------------------------------------------------------------------------------+
; Analysis & Synthesis Settings                                                                                              ;
+------------------------------------------------------------------+------------------------------+--------------------------+
; Option                                                           ; Setting                      ; Default Value            ;
+------------------------------------------------------------------+------------------------------+--------------------------+
; Device                                                           ; EPM240T100C3                 ;                          ;
; Top-level entity name                                            ; Antenna_Switch_Interlock_pin ; Antenna_Switch_Interlock ;
; Family name                                                      ; MAX II                       ; Cyclone V                ;
; Type of Retiming Performed During Resynthesis                    ; Full                         ;                          ;
; Resynthesis Optimization Effort                                  ; Normal                       ;                          ;
; Physical Synthesis Level for Resynthesis                         ; Normal                       ;                          ;
; Use Generated Physical Constraints File                          ; On                           ;                          ;
; Use smart compilation                                            ; Off                          ; Off                      ;
; Enable parallel Assembler and Timing Analyzer during compilation ; On                           ; On                       ;
; Enable compact report table                                      ; Off                          ; Off                      ;
; Restructure Multiplexers                                         ; Auto                         ; Auto                     ;
; Create Debugging Nodes for IP Cores                              ; Off                          ; Off                      ;
; Preserve fewer node names                                        ; On                           ; On                       ;
; Intel FPGA IP Evaluation Mode                                    ; Enable                       ; Enable                   ;
; Verilog Version                                                  ; Verilog_2001                 ; Verilog_2001             ;
; VHDL Version                                                     ; VHDL_1993                    ; VHDL_1993                ;
; State Machine Processing                                         ; Auto                         ; Auto                     ;
; Safe State Machine                                               ; Off                          ; Off                      ;
; Extract Verilog State Machines                                   ; On                           ; On                       ;
; Extract VHDL State Machines                                      ; On                           ; On                       ;
; Ignore Verilog initial constructs                                ; Off                          ; Off                      ;
; Iteration limit for constant Verilog loops                       ; 5000                         ; 5000                     ;
; Iteration limit for non-constant Verilog loops                   ; 250                          ; 250                      ;
; Add Pass-Through Logic to Inferred RAMs                          ; On                           ; On                       ;
; Infer RAMs from Raw Logic                                        ; On                           ; On                       ;
; Parallel Synthesis                                               ; On                           ; On                       ;
; NOT Gate Push-Back                                               ; On                           ; On                       ;
; Power-Up Don't Care                                              ; On                           ; On                       ;
; Remove Redundant Logic Cells                                     ; Off                          ; Off                      ;
; Remove Duplicate Registers                                       ; On                           ; On                       ;
; Ignore CARRY Buffers                                             ; Off                          ; Off                      ;
; Ignore CASCADE Buffers                                           ; Off                          ; Off                      ;
; Ignore GLOBAL Buffers                                            ; Off                          ; Off                      ;
; Ignore ROW GLOBAL Buffers                                        ; Off                          ; Off                      ;
; Ignore LCELL Buffers                                             ; Off                          ; Off                      ;
; Ignore SOFT Buffers                                              ; On                           ; On                       ;
; Limit AHDL Integers to 32 Bits                                   ; Off                          ; Off                      ;
; Optimization Technique                                           ; Balanced                     ; Balanced                 ;
; Carry Chain Length                                               ; 70                           ; 70                       ;
; Auto Carry Chains                                                ; On                           ; On                       ;
; Auto Open-Drain Pins                                             ; On                           ; On                       ;
; Perform WYSIWYG Primitive Resynthesis                            ; Off                          ; Off                      ;
; Auto Shift Register Replacement                                  ; Auto                         ; Auto                     ;
; Allow Shift Register Merging across Hierarchies                  ; Auto                         ; Auto                     ;
; Auto Clock Enable Replacement                                    ; On                           ; On                       ;
; Allow Synchronous Control Signals                                ; On                           ; On                       ;
; Force Use of Synchronous Clear Signals                           ; Off                          ; Off                      ;
; Auto Resource Sharing                                            ; Off                          ; Off                      ;
; Use LogicLock Constraints during Resource Balancing              ; On                           ; On                       ;
; Ignore translate_off and synthesis_off directives                ; Off                          ; Off                      ;
; Report Parameter Settings                                        ; On                           ; On                       ;
; Report Source Assignments                                        ; On                           ; On                       ;
; Report Connectivity Checks                                       ; On                           ; On                       ;
; Ignore Maximum Fan-Out Assignments                               ; Off                          ; Off                      ;
; Synchronization Register Chain Length                            ; 2                            ; 2                        ;
; Power Optimization During Synthesis                              ; Normal compilation           ; Normal compilation       ;
; HDL message level                                                ; Level2                       ; Level2                   ;
; Suppress Register Optimization Related Messages                  ; Off                          ; Off                      ;
; Number of Removed Registers Reported in Synthesis Report         ; 5000                         ; 5000                     ;
; Number of Swept Nodes Reported in Synthesis Report               ; 5000                         ; 5000                     ;
; Number of Inverted Registers Reported in Synthesis Report        ; 100                          ; 100                      ;
; Clock MUX Protection                                             ; On                           ; On                       ;
; Block Design Naming                                              ; Auto                         ; Auto                     ;
; Synthesis Effort                                                 ; Auto                         ; Auto                     ;
; Shift Register Replacement - Allow Asynchronous Clear Signal     ; On                           ; On                       ;
; Analysis & Synthesis Message Level                               ; Medium                       ; Medium                   ;
; Disable Register Merging Across Hierarchies                      ; Auto                         ; Auto                     ;
+------------------------------------------------------------------+------------------------------+--------------------------+


+------------------------------------------+
; Parallel Compilation                     ;
+----------------------------+-------------+
; Processors                 ; Number      ;
+----------------------------+-------------+
; Number detected on machine ; 4           ;
; Maximum allowed            ; 2           ;
;                            ;             ;
; Average used               ; 1.00        ;
; Maximum used               ; 1           ;
;                            ;             ;
; Usage by Processor         ; % Time Used ;
;     Processor 1            ; 100.0%      ;
+----------------------------+-------------+


+----------------------------------------------------------------------------------------------------------------------------------------------------------------------------------------+
; Analysis & Synthesis Source Files Read                                                                                                                                                 ;
+----------------------------------+-----------------+------------------------+------------------------------------------------------------------------------------------------+---------+
; File Name with User-Entered Path ; Used in Netlist ; File Type              ; File Name with Absolute Path                                                                   ; Library ;
+----------------------------------+-----------------+------------------------+------------------------------------------------------------------------------------------------+---------+
; Seven_seg_decoder.v              ; yes             ; User Verilog HDL File  ; C:/Users/Zening/OneDrive/RADIO/Projects/6x2_Antenna_switch/CPLD/Seven_seg_decoder.v            ;         ;
; Out_latch.v                      ; yes             ; User Verilog HDL File  ; C:/Users/Zening/OneDrive/RADIO/Projects/6x2_Antenna_switch/CPLD/Out_latch.v                    ;         ;
; interlock.v                      ; yes             ; User Verilog HDL File  ; C:/Users/Zening/OneDrive/RADIO/Projects/6x2_Antenna_switch/CPLD/interlock.v                    ;         ;
; Diff.v                           ; yes             ; User Verilog HDL File  ; C:/Users/Zening/OneDrive/RADIO/Projects/6x2_Antenna_switch/CPLD/Diff.v                         ;         ;
; BCD_encoder.v                    ; yes             ; User Verilog HDL File  ; C:/Users/Zening/OneDrive/RADIO/Projects/6x2_Antenna_switch/CPLD/BCD_encoder.v                  ;         ;
; BCD_decoder.v                    ; yes             ; User Verilog HDL File  ; C:/Users/Zening/OneDrive/RADIO/Projects/6x2_Antenna_switch/CPLD/BCD_decoder.v                  ;         ;
; I_MUX.v                          ; yes             ; User Verilog HDL File  ; C:/Users/Zening/OneDrive/RADIO/Projects/6x2_Antenna_switch/CPLD/I_MUX.v                        ;         ;
; Antenna_Switch_Interlock_pin.v   ; yes             ; User Verilog HDL File  ; C:/Users/Zening/OneDrive/RADIO/Projects/6x2_Antenna_switch/CPLD/Antenna_Switch_Interlock_pin.v ;         ;
+----------------------------------+-----------------+------------------------+------------------------------------------------------------------------------------------------+---------+


+-----------------------------------------------------------------------------------+
; Analysis & Synthesis Resource Usage Summary                                       ;
+---------------------------------------------+-------------------------------------+
; Resource                                    ; Usage                               ;
+---------------------------------------------+-------------------------------------+
; Total logic elements                        ; 101                                 ;
;     -- Combinational with no register       ; 88                                  ;
;     -- Register only                        ; 12                                  ;
;     -- Combinational with a register        ; 1                                   ;
;                                             ;                                     ;
; Logic element usage by number of LUT inputs ;                                     ;
;     -- 4 input functions                    ; 58                                  ;
;     -- 3 input functions                    ; 27                                  ;
;     -- 2 input functions                    ; 3                                   ;
;     -- 1 input functions                    ; 1                                   ;
;     -- 0 input functions                    ; 0                                   ;
;                                             ;                                     ;
; Logic elements by mode                      ;                                     ;
;     -- normal mode                          ; 101                                 ;
;     -- arithmetic mode                      ; 0                                   ;
;     -- qfbk mode                            ; 0                                   ;
;     -- register cascade mode                ; 0                                   ;
;     -- synchronous clear/load mode          ; 0                                   ;
;     -- asynchronous clear/load mode         ; 0                                   ;
;                                             ;                                     ;
; Total registers                             ; 13                                  ;
; I/O pins                                    ; 57                                  ;
; Maximum fan-out node                        ; Interlock:u_Interlock|O_collision~2 ;
; Maximum fan-out                             ; 33                                  ;
; Total fan-out                               ; 393                                 ;
; Average fan-out                             ; 2.49                                ;
+---------------------------------------------+-------------------------------------+


+-----------------------------------------------------------------------------------------------------------------------------------------------------------------------------------------------------------------------------------------------------------------------------------------------+
; Analysis & Synthesis Resource Utilization by Entity                                                                                                                                                                                                                                           ;
+---------------------------------+-------------+--------------+------------+------+--------------+--------------+-------------------+------------------+-----------------+------------+----------------------------------------------------------+------------------------------+--------------+
; Compilation Hierarchy Node      ; Logic Cells ; LC Registers ; UFM Blocks ; Pins ; Virtual Pins ; LUT-Only LCs ; Register-Only LCs ; LUT/Register LCs ; Carry Chain LCs ; Packed LCs ; Full Hierarchy Name                                      ; Entity Name                  ; Library Name ;
+---------------------------------+-------------+--------------+------------+------+--------------+--------------+-------------------+------------------+-----------------+------------+----------------------------------------------------------+------------------------------+--------------+
; |Antenna_Switch_Interlock_pin   ; 101 (13)    ; 13           ; 0          ; 57   ; 0            ; 88 (12)      ; 12 (0)            ; 1 (1)            ; 0 (0)           ; 0 (0)      ; |Antenna_Switch_Interlock_pin                            ; Antenna_Switch_Interlock_pin ; work         ;
;    |BCD_encoder:u_BCD_enc_I1|   ; 3 (3)       ; 0            ; 0          ; 0    ; 0            ; 3 (3)        ; 0 (0)             ; 0 (0)            ; 0 (0)           ; 0 (0)      ; |Antenna_Switch_Interlock_pin|BCD_encoder:u_BCD_enc_I1   ; BCD_encoder                  ; work         ;
;    |BCD_encoder:u_BCD_enc_I2|   ; 3 (3)       ; 0            ; 0          ; 0    ; 0            ; 3 (3)        ; 0 (0)             ; 0 (0)            ; 0 (0)           ; 0 (0)      ; |Antenna_Switch_Interlock_pin|BCD_encoder:u_BCD_enc_I2   ; BCD_encoder                  ; work         ;
;    |BCD_encoder:u_BCD_enc_M1|   ; 5 (5)       ; 0            ; 0          ; 0    ; 0            ; 5 (5)        ; 0 (0)             ; 0 (0)            ; 0 (0)           ; 0 (0)      ; |Antenna_Switch_Interlock_pin|BCD_encoder:u_BCD_enc_M1   ; BCD_encoder                  ; work         ;
;    |BCD_encoder:u_BCD_enc_M2|   ; 5 (5)       ; 0            ; 0          ; 0    ; 0            ; 5 (5)        ; 0 (0)             ; 0 (0)            ; 0 (0)           ; 0 (0)      ; |Antenna_Switch_Interlock_pin|BCD_encoder:u_BCD_enc_M2   ; BCD_encoder                  ; work         ;
;    |BCD_encoder:u_BCD_enc_SW1|  ; 2 (2)       ; 0            ; 0          ; 0    ; 0            ; 2 (2)        ; 0 (0)             ; 0 (0)            ; 0 (0)           ; 0 (0)      ; |Antenna_Switch_Interlock_pin|BCD_encoder:u_BCD_enc_SW1  ; BCD_encoder                  ; work         ;
;    |BCD_encoder:u_BCD_enc_SW2|  ; 2 (2)       ; 0            ; 0          ; 0    ; 0            ; 2 (2)        ; 0 (0)             ; 0 (0)            ; 0 (0)           ; 0 (0)      ; |Antenna_Switch_Interlock_pin|BCD_encoder:u_BCD_enc_SW2  ; BCD_encoder                  ; work         ;
;    |Diff:u_Diff|                ; 4 (4)       ; 0            ; 0          ; 0    ; 0            ; 4 (4)        ; 0 (0)             ; 0 (0)            ; 0 (0)           ; 0 (0)      ; |Antenna_Switch_Interlock_pin|Diff:u_Diff                ; Diff                         ; work         ;
;    |I_MUX:u_IMUX|               ; 10 (10)     ; 0            ; 0          ; 0    ; 0            ; 10 (10)      ; 0 (0)             ; 0 (0)            ; 0 (0)           ; 0 (0)      ; |Antenna_Switch_Interlock_pin|I_MUX:u_IMUX               ; I_MUX                        ; work         ;
;    |Interlock:u_Interlock|      ; 15 (15)     ; 0            ; 0          ; 0    ; 0            ; 15 (15)      ; 0 (0)             ; 0 (0)            ; 0 (0)           ; 0 (0)      ; |Antenna_Switch_Interlock_pin|Interlock:u_Interlock      ; Interlock                    ; work         ;
;    |Out_latch:u_Olatch|         ; 25 (25)     ; 12           ; 0          ; 0    ; 0            ; 13 (13)      ; 12 (12)           ; 0 (0)            ; 0 (0)           ; 0 (0)      ; |Antenna_Switch_Interlock_pin|Out_latch:u_Olatch         ; Out_latch                    ; work         ;
;    |Seven_seg_decoder:u_7SEG_A| ; 7 (7)       ; 0            ; 0          ; 0    ; 0            ; 7 (7)        ; 0 (0)             ; 0 (0)            ; 0 (0)           ; 0 (0)      ; |Antenna_Switch_Interlock_pin|Seven_seg_decoder:u_7SEG_A ; Seven_seg_decoder            ; work         ;
;    |Seven_seg_decoder:u_7SEG_B| ; 7 (7)       ; 0            ; 0          ; 0    ; 0            ; 7 (7)        ; 0 (0)             ; 0 (0)            ; 0 (0)           ; 0 (0)      ; |Antenna_Switch_Interlock_pin|Seven_seg_decoder:u_7SEG_B ; Seven_seg_decoder            ; work         ;
+---------------------------------+-------------+--------------+------------+------+--------------+--------------+-------------------+------------------+-----------------+------------+----------------------------------------------------------+------------------------------+--------------+
Note: For table entries with two numbers listed, the numbers in parentheses indicate the number of resources of the given type used by the specific entity alone. The numbers listed outside of parentheses indicate the total resources of the given type used by the specific entity and all of its sub-entities in the hierarchy.


+------------------------------------------------------+
; General Register Statistics                          ;
+----------------------------------------------+-------+
; Statistic                                    ; Value ;
+----------------------------------------------+-------+
; Total registers                              ; 13    ;
; Number of registers using Synchronous Clear  ; 0     ;
; Number of registers using Synchronous Load   ; 0     ;
; Number of registers using Asynchronous Clear ; 0     ;
; Number of registers using Asynchronous Load  ; 0     ;
; Number of registers using Clock Enable       ; 12    ;
; Number of registers using Preset             ; 0     ;
+----------------------------------------------+-------+


+-------------------------------------------------------------------------------------------------------------------------------------------------+
; Port Connectivity Checks: "Seven_seg_decoder:u_7SEG_B"                                                                                          ;
+------+--------+----------+----------------------------------------------------------------------------------------------------------------------+
; Port ; Type   ; Severity ; Details                                                                                                              ;
+------+--------+----------+----------------------------------------------------------------------------------------------------------------------+
; O    ; Output ; Warning  ; Output or bidir port (8 bits) is wider than the port expression (7 bits) it drives; bit(s) "O[7..7]" have no fanouts ;
+------+--------+----------+----------------------------------------------------------------------------------------------------------------------+


+-------------------------------------------------------------------------------------------------------------------------------------------------+
; Port Connectivity Checks: "Seven_seg_decoder:u_7SEG_A"                                                                                          ;
+------+--------+----------+----------------------------------------------------------------------------------------------------------------------+
; Port ; Type   ; Severity ; Details                                                                                                              ;
+------+--------+----------+----------------------------------------------------------------------------------------------------------------------+
; O    ; Output ; Warning  ; Output or bidir port (8 bits) is wider than the port expression (7 bits) it drives; bit(s) "O[7..7]" have no fanouts ;
+------+--------+----------+----------------------------------------------------------------------------------------------------------------------+


+-------------------------------+
; Analysis & Synthesis Messages ;
+-------------------------------+
Info: *******************************************************************
Info: Running Quartus Prime Analysis & Synthesis
    Info: Version 18.1.0 Build 625 09/12/2018 SJ Lite Edition
    Info: Processing started: Thu Nov 21 01:43:59 2019
Info: Command: quartus_map --read_settings_files=on --write_settings_files=off Antenna_Switch_Interlock -c Antenna_Switch_Interlock
Warning (18236): Number of processors has not been specified which may cause overloading on shared machines.  Set the global assignment NUM_PARALLEL_PROCESSORS in your QSF to an appropriate value for best performance.
Info (20030): Parallel compilation is enabled and will use 2 of the 2 processors detected
Info (12021): Found 1 design units, including 1 entities, in source file seven_seg_decoder.v
    Info (12023): Found entity 1: Seven_seg_decoder File: C:/Users/Zening/OneDrive/RADIO/Projects/6x2_Antenna_switch/CPLD/Seven_seg_decoder.v Line: 4
Info (12021): Found 1 design units, including 1 entities, in source file out_latch.v
    Info (12023): Found entity 1: Out_latch File: C:/Users/Zening/OneDrive/RADIO/Projects/6x2_Antenna_switch/CPLD/Out_latch.v Line: 9
Info (12021): Found 1 design units, including 1 entities, in source file interlock.v
    Info (12023): Found entity 1: Interlock File: C:/Users/Zening/OneDrive/RADIO/Projects/6x2_Antenna_switch/CPLD/interlock.v Line: 7
Info (12021): Found 1 design units, including 1 entities, in source file diff.v
    Info (12023): Found entity 1: Diff File: C:/Users/Zening/OneDrive/RADIO/Projects/6x2_Antenna_switch/CPLD/Diff.v Line: 2
Info (12021): Found 1 design units, including 1 entities, in source file bcd_encoder.v
    Info (12023): Found entity 1: BCD_encoder File: C:/Users/Zening/OneDrive/RADIO/Projects/6x2_Antenna_switch/CPLD/BCD_encoder.v Line: 2
Info (12021): Found 1 design units, including 1 entities, in source file bcd_decoder.v
    Info (12023): Found entity 1: BCD_decoder File: C:/Users/Zening/OneDrive/RADIO/Projects/6x2_Antenna_switch/CPLD/BCD_decoder.v Line: 3
Info (12021): Found 1 design units, including 1 entities, in source file i_mux.v
    Info (12023): Found entity 1: I_MUX File: C:/Users/Zening/OneDrive/RADIO/Projects/6x2_Antenna_switch/CPLD/I_MUX.v Line: 3
Info (12021): Found 1 design units, including 1 entities, in source file antenna_switch_interlock_pin.v
    Info (12023): Found entity 1: Antenna_Switch_Interlock_pin File: C:/Users/Zening/OneDrive/RADIO/Projects/6x2_Antenna_switch/CPLD/Antenna_Switch_Interlock_pin.v Line: 15
Info (12127): Elaborating entity "Antenna_Switch_Interlock_pin" for the top level hierarchy
Info (12128): Elaborating entity "BCD_encoder" for hierarchy "BCD_encoder:u_BCD_enc_SW1" File: C:/Users/Zening/OneDrive/RADIO/Projects/6x2_Antenna_switch/CPLD/Antenna_Switch_Interlock_pin.v Line: 74
Info (12128): Elaborating entity "I_MUX" for hierarchy "I_MUX:u_IMUX" File: C:/Users/Zening/OneDrive/RADIO/Projects/6x2_Antenna_switch/CPLD/Antenna_Switch_Interlock_pin.v Line: 77
Info (12128): Elaborating entity "Interlock" for hierarchy "Interlock:u_Interlock" File: C:/Users/Zening/OneDrive/RADIO/Projects/6x2_Antenna_switch/CPLD/Antenna_Switch_Interlock_pin.v Line: 78
Warning (10230): Verilog HDL assignment warning at interlock.v(16): truncated value with size 32 to match size of target (1) File: C:/Users/Zening/OneDrive/RADIO/Projects/6x2_Antenna_switch/CPLD/interlock.v Line: 16
Warning (10230): Verilog HDL assignment warning at interlock.v(22): truncated value with size 32 to match size of target (6) File: C:/Users/Zening/OneDrive/RADIO/Projects/6x2_Antenna_switch/CPLD/interlock.v Line: 22
Warning (10230): Verilog HDL assignment warning at interlock.v(23): truncated value with size 32 to match size of target (6) File: C:/Users/Zening/OneDrive/RADIO/Projects/6x2_Antenna_switch/CPLD/interlock.v Line: 23
Info (12128): Elaborating entity "BCD_decoder" for hierarchy "Interlock:u_Interlock|BCD_decoder:u_Interlock_BCD_decoder_A" File: C:/Users/Zening/OneDrive/RADIO/Projects/6x2_Antenna_switch/CPLD/interlock.v Line: 19
Info (12128): Elaborating entity "Out_latch" for hierarchy "Out_latch:u_Olatch" File: C:/Users/Zening/OneDrive/RADIO/Projects/6x2_Antenna_switch/CPLD/Antenna_Switch_Interlock_pin.v Line: 83
Info (12128): Elaborating entity "Seven_seg_decoder" for hierarchy "Seven_seg_decoder:u_7SEG_A" File: C:/Users/Zening/OneDrive/RADIO/Projects/6x2_Antenna_switch/CPLD/Antenna_Switch_Interlock_pin.v Line: 93
Info (12128): Elaborating entity "Diff" for hierarchy "Diff:u_Diff" File: C:/Users/Zening/OneDrive/RADIO/Projects/6x2_Antenna_switch/CPLD/Antenna_Switch_Interlock_pin.v Line: 100
Warning (12241): 2 hierarchies have connectivity warnings - see the Connectivity Checks report folder
Warning (21074): Design contains 1 input pin(s) that do not drive logic
    Warning (15610): No output dependent on input pin "RST_EXT" File: C:/Users/Zening/OneDrive/RADIO/Projects/6x2_Antenna_switch/CPLD/Antenna_Switch_Interlock_pin.v Line: 45
Info (21057): Implemented 158 device resources after synthesis - the final resource count might be different
    Info (21058): Implemented 21 input pins
    Info (21059): Implemented 36 output pins
    Info (21061): Implemented 101 logic cells
Info: Quartus Prime Analysis & Synthesis was successful. 0 errors, 7 warnings
    Info: Peak virtual memory: 4712 megabytes
    Info: Processing ended: Thu Nov 21 01:44:17 2019
    Info: Elapsed time: 00:00:18
    Info: Total CPU time (on all processors): 00:00:39


