HTTPServer.c:51:6:resetHTTPParseState	0	static
HTTPServer.c:63:13:HTTPGetContentType	24	static
HTTPServer.c:332:7:strsepstr	24	static
HTTPServer.c:352:6:parse_http	32	static
HTTPServer.c:481:13:getHTTPArg	20	static
HTTPServer.c:509:9:atou8	8	static
HTTPServer.c:521:9:u16toa	24	static
HTTPServer.c:88:6:HTTPSendFile	64	static
HTTPServer.c:162:6:HTTPSendStr	32	static
HTTPServer.c:217:6:HTTPonNotFound	144	static
HTTPServer.c:251:6:HTTPHandle	32	static
HTTPServer.c:542:7:strcpy_f	0	static
HTTPServer.c:554:7:strncpy_f	0	static
