HTTPServer.c:51:6:resetHTTPParseState	0	static
HTTPServer.c:62:13:HTTPGetContentType	24	static
HTTPServer.c:302:7:strsepstr	24	static
HTTPServer.c:322:6:parse_http	32	static
HTTPServer.c:450:13:getHTTPArg	20	static
HTTPServer.c:478:9:atou8	8	static
HTTPServer.c:490:9:u16toa	24	static
HTTPServer.c:87:6:HTTPSendFile	64	static
HTTPServer.c:161:6:HTTPSendStr	32	static
HTTPServer.c:216:6:HTTPonNotFound	144	static
HTTPServer.c:250:6:HTTPHandle	32	static
HTTPServer.c:511:7:strcpy_f	0	static
HTTPServer.c:523:7:strncpy_f	0	static
