CH395CMD.c:23:6:CH395CMDReset	8	static
CH395CMD.c:36:6:CH395CMDSleep	8	static
CH395CMD.c:50:9:CH395CMDGetVer	8	static
CH395CMD.c:66:9:CH395CMDCheckExist	8	static
CH395CMD.c:84:6:CH395CMDSetPHY	8	static
CH395CMD.c:98:9:CH395CMDGetPHYStatus	8	static
CH395CMD.c:115:9:CH395CMDGetGlobIntStatus	8	static
CH395CMD.c:156:6:CH395CMDSetUartBaudRate	8	static
CH395CMD.c:173:9:CH395GetCmdStatus	8	static
CH395CMD.c:132:9:CH395CMDInitCH395	8	static
CH395CMD.c:190:6:CH395CMDSetIPAddr	16	static
CH395CMD.c:206:6:CH395CMDSetGWIPAddr	16	static
CH395CMD.c:222:6:CH395CMDSetMASKAddr	16	static
CH395CMD.c:238:6:CH395CMDSetMACAddr	16	static
CH395CMD.c:255:6:CH395CMDGetMACAddr	16	static
CH395CMD.c:273:6:CH395CMDSetMACFilt	16	static
CH395CMD.c:300:6:CH395CMDGetUnreachIPPT	16	static
CH395CMD.c:320:6:CH395CMDGetRemoteIPP	16	static
CH395CMD.c:341:6:CH395SetSocketDesIP	16	static
CH395CMD.c:360:6:CH395SetSocketProtType	16	static
CH395CMD.c:377:6:CH395SetSocketDesPort	16	static
CH395CMD.c:394:6:CH395SetSocketSourPort	16	static
CH395CMD.c:411:6:CH395SetSocketIPRAWProto	16	static
CH395CMD.c:427:6:CH395EnablePing	8	static
CH395CMD.c:444:6:CH395SendData	24	static
CH395CMD.c:468:6:CH395StartSendingData	16	static
CH395CMD.c:477:6:CH395ContinueSendingData	16	static
CH395CMD.c:486:6:CH395Complete	8	static
CH395CMD.c:497:10:CH395GetRecvLength	8	static
CH395CMD.c:516:6:CH395ClearRecvBuf	8	static
CH395CMD.c:532:6:CH395GetRecvData	16	static
CH395CMD.c:556:6:CH395CMDSetRetryCount	8	static
CH395CMD.c:570:6:CH395CMDSetRetryPeriod	8	static
CH395CMD.c:586:6:CH395CMDGetSocketStatus	16	static
CH395CMD.c:602:10:CH395OpenSocket	8	static
CH395CMD.c:626:10:CH395CloseSocket	8	static
CH395CMD.c:650:9:CH395TCPConnect	8	static
CH395CMD.c:674:9:CH395TCPListen	8	static
CH395CMD.c:698:9:CH395TCPDisconnect	8	static
CH395CMD.c:722:9:CH395GetSocketInt	8	static
CH395CMD.c:740:9:CH395CRCRet6Bit	16	static
CH395CMD.c:767:10:CH395DHCPEnable	8	static
CH395CMD.c:791:9:CH395GetDHCPStatus	8	static
CH395CMD.c:807:6:CH395GetIPInf	16	static
CH395CMD.c:826:6:CH395WriteGPIOAddr	16	static
CH395CMD.c:840:9:CH395ReadGPIOAddr	8	static
CH395CMD.c:857:9:CH395EEPROMErase	8	static
CH395CMD.c:880:9:CH395EEPROMWrite	16	static
CH395CMD.c:907:6:CH395EEPROMRead	16	static
CH395CMD.c:924:6:CH395SetTCPMss	8	static
CH395CMD.c:940:6:CH395SetSocketRecvBuf	16	static
CH395CMD.c:957:6:CH395SetSocketSendBuf	16	static
CH395CMD.c:976:6:CH395UDPSendTo	24	static
CH395CMD.c:990:6:CH395SetStartPara	8	static
CH395CMD.c:1006:10:CH395CMDGetGlobIntStatus_ALL	8	static
CH395CMD.c:1025:6:CH395SetKeepLive	16	static
CH395CMD.c:1039:6:CH395KeepLiveCNT	8	static
CH395CMD.c:1052:6:CH395KeepLiveIDLE	8	static
CH395CMD.c:1068:6:CH395KeepLiveINTVL	8	static
CH395CMD.c:1085:6:CH395SetTTLNum	16	static
