stm32f0xx_hal_tim.c:6841:13:TIM_OC1_SetConfig	16	static
stm32f0xx_hal_tim.c:6993:13:TIM_OC3_SetConfig	16	static
stm32f0xx_hal_tim.c:7068:13:TIM_OC4_SetConfig	12	static
stm32f0xx_hal_tim.c:7129:26:TIM_SlaveTimer_SetConfig	12	static
stm32f0xx_hal_tim.c:369:13:HAL_TIM_Base_MspInit	0	static
stm32f0xx_hal_tim.c:384:13:HAL_TIM_Base_MspDeInit	0	static
stm32f0xx_hal_tim.c:326:19:HAL_TIM_Base_DeInit	8	static
stm32f0xx_hal_tim.c:400:19:HAL_TIM_Base_Start	0	static
stm32f0xx_hal_tim.c:439:19:HAL_TIM_Base_Stop	0	static
stm32f0xx_hal_tim.c:459:19:HAL_TIM_Base_Start_IT	0	static
stm32f0xx_hal_tim.c:501:19:HAL_TIM_Base_Stop_IT	8	static
stm32f0xx_hal_tim.c:526:19:HAL_TIM_Base_Start_DMA	16	static
stm32f0xx_hal_tim.c:595:19:HAL_TIM_Base_Stop_DMA	8	static
stm32f0xx_hal_tim.c:753:13:HAL_TIM_OC_MspInit	0	static
stm32f0xx_hal_tim.c:768:13:HAL_TIM_OC_MspDeInit	0	static
stm32f0xx_hal_tim.c:710:19:HAL_TIM_OC_DeInit	8	static
stm32f0xx_hal_tim.c:789:19:HAL_TIM_OC_Start	0	static
stm32f0xx_hal_tim.c:843:19:HAL_TIM_OC_Stop	12	static
stm32f0xx_hal_tim.c:878:19:HAL_TIM_OC_Start_IT	8	static
stm32f0xx_hal_tim.c:971:19:HAL_TIM_OC_Stop_IT	12	static
stm32f0xx_hal_tim.c:1048:19:HAL_TIM_OC_Start_DMA	16	static
stm32f0xx_hal_tim.c:1212:19:HAL_TIM_OC_Stop_DMA	16	static
stm32f0xx_hal_tim.c:1418:13:HAL_TIM_PWM_MspInit	0	static
stm32f0xx_hal_tim.c:1433:13:HAL_TIM_PWM_MspDeInit	0	static
stm32f0xx_hal_tim.c:1375:19:HAL_TIM_PWM_DeInit	8	static
stm32f0xx_hal_tim.c:1454:19:HAL_TIM_PWM_Start	8	static
stm32f0xx_hal_tim.c:1508:19:HAL_TIM_PWM_Stop	8	static
stm32f0xx_hal_tim.c:1543:19:HAL_TIM_PWM_Start_IT	8	static
stm32f0xx_hal_tim.c:1636:19:HAL_TIM_PWM_Stop_IT	8	static
stm32f0xx_hal_tim.c:1713:19:HAL_TIM_PWM_Start_DMA	8	static
stm32f0xx_hal_tim.c:1876:19:HAL_TIM_PWM_Stop_DMA	8	static
stm32f0xx_hal_tim.c:2082:13:HAL_TIM_IC_MspInit	0	static
stm32f0xx_hal_tim.c:2097:13:HAL_TIM_IC_MspDeInit	0	static
stm32f0xx_hal_tim.c:2039:19:HAL_TIM_IC_DeInit	8	static
stm32f0xx_hal_tim.c:2118:19:HAL_TIM_IC_Start	0	static
stm32f0xx_hal_tim.c:2170:19:HAL_TIM_IC_Stop	16	static
stm32f0xx_hal_tim.c:2200:19:HAL_TIM_IC_Start_IT	8	static
stm32f0xx_hal_tim.c:2292:19:HAL_TIM_IC_Stop_IT	8	static
stm32f0xx_hal_tim.c:2364:19:HAL_TIM_IC_Start_DMA	16	static
stm32f0xx_hal_tim.c:2523:19:HAL_TIM_IC_Stop_DMA	16	static
stm32f0xx_hal_tim.c:2742:13:HAL_TIM_OnePulse_MspInit	0	static
stm32f0xx_hal_tim.c:2757:13:HAL_TIM_OnePulse_MspDeInit	0	static
stm32f0xx_hal_tim.c:2697:19:HAL_TIM_OnePulse_DeInit	8	static
stm32f0xx_hal_tim.c:2777:19:HAL_TIM_OnePulse_Start	24	static
stm32f0xx_hal_tim.c:2834:19:HAL_TIM_OnePulse_Stop	0	static
stm32f0xx_hal_tim.c:2877:19:HAL_TIM_OnePulse_Start_IT	24	static
stm32f0xx_hal_tim.c:2940:19:HAL_TIM_OnePulse_Stop_IT	0	static
stm32f0xx_hal_tim.c:3179:13:HAL_TIM_Encoder_MspInit	0	static
stm32f0xx_hal_tim.c:3194:13:HAL_TIM_Encoder_MspDeInit	0	static
stm32f0xx_hal_tim.c:3134:19:HAL_TIM_Encoder_DeInit	8	static
stm32f0xx_hal_tim.c:3214:19:HAL_TIM_Encoder_Start	24	static
stm32f0xx_hal_tim.c:3308:19:HAL_TIM_Encoder_Stop	8	static
stm32f0xx_hal_tim.c:3368:19:HAL_TIM_Encoder_Start_IT	24	static
stm32f0xx_hal_tim.c:3468:19:HAL_TIM_Encoder_Stop_IT	8	static
stm32f0xx_hal_tim.c:3533:19:HAL_TIM_Encoder_Start_DMA	40	static
stm32f0xx_hal_tim.c:3746:19:HAL_TIM_Encoder_Stop_DMA	16	static
stm32f0xx_hal_tim.c:4534:19:HAL_TIM_DMABurst_MultiWriteStart	16	static
stm32f0xx_hal_tim.c:4481:19:HAL_TIM_DMABurst_WriteStart	24	static
stm32f0xx_hal_tim.c:4718:19:HAL_TIM_DMABurst_WriteStop	16	static
stm32f0xx_hal_tim.c:4870:19:HAL_TIM_DMABurst_MultiReadStart	16	static
stm32f0xx_hal_tim.c:4819:19:HAL_TIM_DMABurst_ReadStart	24	static
stm32f0xx_hal_tim.c:5054:19:HAL_TIM_DMABurst_ReadStop	8	static
stm32f0xx_hal_tim.c:5137:19:HAL_TIM_GenerateEvent	8	static
stm32f0xx_hal_tim.c:5174:19:HAL_TIM_ConfigOCrefClear	16	static
stm32f0xx_hal_tim.c:5313:19:HAL_TIM_ConfigClockSource	16	static
stm32f0xx_hal_tim.c:5467:19:HAL_TIM_ConfigTI1Input	0	static
stm32f0xx_hal_tim.c:5499:19:HAL_TIM_SlaveConfigSynchro	24	static
stm32f0xx_hal_tim.c:5539:19:HAL_TIM_SlaveConfigSynchro_IT	24	static
stm32f0xx_hal_tim.c:5582:10:HAL_TIM_ReadCapturedValue	0	static
stm32f0xx_hal_tim.c:5666:13:HAL_TIM_PeriodElapsedCallback	0	static
stm32f0xx_hal_tim.c:6711:13:TIM_DMAPeriodElapsedCplt	8	static
stm32f0xx_hal_tim.c:5681:13:HAL_TIM_PeriodElapsedHalfCpltCallback	0	static
stm32f0xx_hal_tim.c:6732:13:TIM_DMAPeriodElapsedHalfCplt	8	static
stm32f0xx_hal_tim.c:5696:13:HAL_TIM_OC_DelayElapsedCallback	0	static
stm32f0xx_hal_tim.c:5711:13:HAL_TIM_IC_CaptureCallback	0	static
stm32f0xx_hal_tim.c:6609:6:TIM_DMACaptureCplt	8	static
stm32f0xx_hal_tim.c:5726:13:HAL_TIM_IC_CaptureHalfCpltCallback	0	static
stm32f0xx_hal_tim.c:6672:6:TIM_DMACaptureHalfCplt	8	static
stm32f0xx_hal_tim.c:5741:13:HAL_TIM_PWM_PulseFinishedCallback	0	static
stm32f0xx_hal_tim.c:6511:13:TIM_DMADelayPulseCplt	8	static
stm32f0xx_hal_tim.c:5756:13:HAL_TIM_PWM_PulseFinishedHalfCpltCallback	0	static
stm32f0xx_hal_tim.c:6570:6:TIM_DMADelayPulseHalfCplt	8	static
stm32f0xx_hal_tim.c:5771:13:HAL_TIM_TriggerCallback	0	static
stm32f0xx_hal_tim.c:3823:6:HAL_TIM_IRQHandler	16	static
stm32f0xx_hal_tim.c:6748:13:TIM_DMATriggerCplt	8	static
stm32f0xx_hal_tim.c:5786:13:HAL_TIM_TriggerHalfCpltCallback	0	static
stm32f0xx_hal_tim.c:6769:13:TIM_DMATriggerHalfCplt	8	static
stm32f0xx_hal_tim.c:5801:13:HAL_TIM_ErrorCallback	0	static
stm32f0xx_hal_tim.c:6468:6:TIM_DMAError	8	static
stm32f0xx_hal_tim.c:6348:22:HAL_TIM_Base_GetState	0	static
stm32f0xx_hal_tim.c:6358:22:HAL_TIM_OC_GetState	0	static
stm32f0xx_hal_tim.c:6368:22:HAL_TIM_PWM_GetState	0	static
stm32f0xx_hal_tim.c:6378:22:HAL_TIM_IC_GetState	0	static
stm32f0xx_hal_tim.c:6388:22:HAL_TIM_OnePulse_GetState	0	static
stm32f0xx_hal_tim.c:6398:22:HAL_TIM_Encoder_GetState	0	static
stm32f0xx_hal_tim.c:6408:23:HAL_TIM_GetActiveChannel	0	static
stm32f0xx_hal_tim.c:6426:29:HAL_TIM_GetChannelState	0	static
stm32f0xx_hal_tim.c:6443:30:HAL_TIM_DMABurstState	0	static
stm32f0xx_hal_tim.c:6786:6:TIM_Base_SetConfig	0	static
stm32f0xx_hal_tim.c:266:19:HAL_TIM_Base_Init	16	static
stm32f0xx_hal_tim.c:650:19:HAL_TIM_OC_Init	16	static
stm32f0xx_hal_tim.c:1315:19:HAL_TIM_PWM_Init	16	static
stm32f0xx_hal_tim.c:1979:19:HAL_TIM_IC_Init	16	static
stm32f0xx_hal_tim.c:2628:19:HAL_TIM_OnePulse_Init	16	static
stm32f0xx_hal_tim.c:3019:19:HAL_TIM_Encoder_Init	24	static
stm32f0xx_hal_tim.c:6917:6:TIM_OC2_SetConfig	16	static
stm32f0xx_hal_tim.c:4041:19:HAL_TIM_OC_ConfigChannel	8	static
stm32f0xx_hal_tim.c:4219:19:HAL_TIM_PWM_ConfigChannel	16	static
stm32f0xx_hal_tim.c:7263:6:TIM_TI1_SetConfig	20	static
stm32f0xx_hal_tim.c:4120:19:HAL_TIM_IC_ConfigChannel	24	static
stm32f0xx_hal_tim.c:4333:19:HAL_TIM_OnePulse_ConfigChannel	56	static
stm32f0xx_hal_tim.c:7557:6:TIM_ETR_SetConfig	12	static
stm32f0xx_hal_tim.c:7587:6:TIM_CCxChannelCmd	8	static
