stm32f0xx_hal_rcc.c:208:19:HAL_RCC_DeInit	24	static
stm32f0xx_hal_rcc.c:298:19:HAL_RCC_OscConfig	40	static
stm32f0xx_hal_rcc.c:777:19:HAL_RCC_ClockConfig	32	static
stm32f0xx_hal_rcc.c:1016:6:HAL_RCC_MCOConfig	40	static
stm32f0xx_hal_rcc.c:1053:6:HAL_RCC_EnableCSS	0	static
stm32f0xx_hal_rcc.c:1062:6:HAL_RCC_DisableCSS	0	static
stm32f0xx_hal_rcc.c:1098:10:HAL_RCC_GetSysClockFreq	8	static
stm32f0xx_hal_rcc.c:1173:10:HAL_RCC_GetHCLKFreq	0	static
stm32f0xx_hal_rcc.c:1184:10:HAL_RCC_GetPCLK1Freq	0	static
stm32f0xx_hal_rcc.c:1197:6:HAL_RCC_GetOscConfig	0	static
stm32f0xx_hal_rcc.c:1299:6:HAL_RCC_GetClockConfig	8	static
stm32f0xx_hal_rcc.c:1342:13:HAL_RCC_CSSCallback	0	static
stm32f0xx_hal_rcc.c:1325:6:HAL_RCC_NMI_IRQHandler	8	static
