stm32f0xx_hal_uart.c:3507:13:UART_EndRxTransfer	12	static,ignoring_inline_asm
stm32f0xx_hal_uart.c:3910:13:UART_TxISR_8BIT.part.0	12	static,ignoring_inline_asm
stm32f0xx_hal_uart.c:3910:13:UART_TxISR_8BIT	8	static
stm32f0xx_hal_uart.c:3939:13:UART_TxISR_16BIT	8	static
stm32f0xx_hal_uart.c:721:13:HAL_UART_MspInit	0	static
stm32f0xx_hal_uart.c:736:13:HAL_UART_MspDeInit	0	static
stm32f0xx_hal_uart.c:674:19:HAL_UART_DeInit	16	static
stm32f0xx_hal_uart.c:1351:19:HAL_UART_Transmit_IT	12	static,ignoring_inline_asm
stm32f0xx_hal_uart.c:1470:19:HAL_UART_Transmit_DMA	16	static,ignoring_inline_asm
stm32f0xx_hal_uart.c:1600:19:HAL_UART_DMAPause	16	static,ignoring_inline_asm
stm32f0xx_hal_uart.c:1630:19:HAL_UART_DMAResume	8	static,ignoring_inline_asm
stm32f0xx_hal_uart.c:1661:19:HAL_UART_DMAStop	16	static,ignoring_inline_asm
stm32f0xx_hal_uart.c:1736:19:HAL_UART_Abort	16	static,ignoring_inline_asm
stm32f0xx_hal_uart.c:1833:19:HAL_UART_AbortTransmit	16	static,ignoring_inline_asm
stm32f0xx_hal_uart.c:1886:19:HAL_UART_AbortReceive	16	static,ignoring_inline_asm
stm32f0xx_hal_uart.c:2585:13:HAL_UART_TxCpltCallback	0	static
stm32f0xx_hal_uart.c:3533:13:UART_DMATransmitCplt	16	static,ignoring_inline_asm
stm32f0xx_hal_uart.c:2600:13:HAL_UART_TxHalfCpltCallback	0	static
stm32f0xx_hal_uart.c:3567:13:UART_DMATxHalfCplt	8	static
stm32f0xx_hal_uart.c:2615:13:HAL_UART_RxCpltCallback	0	static
stm32f0xx_hal_uart.c:2630:13:HAL_UART_RxHalfCpltCallback	0	static
stm32f0xx_hal_uart.c:2645:13:HAL_UART_ErrorCallback	0	static
stm32f0xx_hal_uart.c:3684:13:UART_DMAError	16	static,ignoring_inline_asm
stm32f0xx_hal_uart.c:3724:13:UART_DMAAbortOnError	8	static
stm32f0xx_hal_uart.c:2660:13:HAL_UART_AbortCpltCallback	0	static
stm32f0xx_hal_uart.c:1954:19:HAL_UART_Abort_IT	16	static,ignoring_inline_asm
stm32f0xx_hal_uart.c:3797:13:UART_DMARxAbortCallback	8	static
stm32f0xx_hal_uart.c:3747:13:UART_DMATxAbortCallback	8	static
stm32f0xx_hal_uart.c:2675:13:HAL_UART_AbortTransmitCpltCallback	0	static
stm32f0xx_hal_uart.c:2101:19:HAL_UART_AbortTransmit_IT	16	static,ignoring_inline_asm
stm32f0xx_hal_uart.c:3849:13:UART_DMATxOnlyAbortCallback	8	static
stm32f0xx_hal_uart.c:2690:13:HAL_UART_AbortReceiveCpltCallback	0	static
stm32f0xx_hal_uart.c:2186:19:HAL_UART_AbortReceive_IT	16	static,ignoring_inline_asm
stm32f0xx_hal_uart.c:3877:13:UART_DMARxOnlyAbortCallback	8	static
stm32f0xx_hal_uart.c:2707:13:HAL_UARTEx_RxEventCallback	0	static
stm32f0xx_hal_uart.c:2279:6:HAL_UART_IRQHandler	32	static,ignoring_inline_asm
stm32f0xx_hal_uart.c:3996:13:UART_RxISR_8BIT.part.0	16	static,ignoring_inline_asm
stm32f0xx_hal_uart.c:4084:13:UART_RxISR_16BIT	8	static
stm32f0xx_hal_uart.c:3996:13:UART_RxISR_8BIT	8	static
stm32f0xx_hal_uart.c:3646:13:UART_DMARxHalfCplt	8	static
stm32f0xx_hal_uart.c:3585:13:UART_DMAReceiveCplt	16	static,ignoring_inline_asm
stm32f0xx_hal_uart.c:2755:6:HAL_UART_ReceiverTimeout_Config	0	static
stm32f0xx_hal_uart.c:2767:19:HAL_UART_EnableReceiverTimeout	12	static
stm32f0xx_hal_uart.c:2798:19:HAL_UART_DisableReceiverTimeout	12	static
stm32f0xx_hal_uart.c:2869:6:HAL_MultiProcessor_EnterMuteMode	0	static
stm32f0xx_hal_uart.c:2879:19:HAL_HalfDuplex_EnableTransmitter	16	static,ignoring_inline_asm
stm32f0xx_hal_uart.c:2902:19:HAL_HalfDuplex_EnableReceiver	16	static,ignoring_inline_asm
stm32f0xx_hal_uart.c:2973:23:HAL_UART_GetState	0	static
stm32f0xx_hal_uart.c:2989:10:HAL_UART_GetError	0	static
stm32f0xx_hal_uart.c:3037:19:UART_SetConfig	16	static
stm32f0xx_hal_uart.c:3175:6:UART_AdvFeatureConfig	12	static
stm32f0xx_hal_uart.c:3318:19:UART_WaitOnFlagUntilTimeout	40	static
stm32f0xx_hal_uart.c:1149:19:HAL_UART_Transmit	40	static
stm32f0xx_hal_uart.c:1251:19:HAL_UART_Receive	40	static
stm32f0xx_hal_uart.c:3249:19:UART_CheckIdleState	24	static,ignoring_inline_asm
stm32f0xx_hal_uart.c:289:19:HAL_UART_Init	8	static
stm32f0xx_hal_uart.c:380:19:HAL_HalfDuplex_Init	8	static
stm32f0xx_hal_uart.c:582:19:HAL_MultiProcessor_Init	16	static
stm32f0xx_hal_uart.c:2829:19:HAL_MultiProcessor_EnableMuteMode	8	static,ignoring_inline_asm
stm32f0xx_hal_uart.c:2849:19:HAL_MultiProcessor_DisableMuteMode	8	static,ignoring_inline_asm
stm32f0xx_hal_uart.c:3386:19:UART_Start_Receive_IT	8	static,ignoring_inline_asm
stm32f0xx_hal_uart.c:1416:19:HAL_UART_Receive_IT	16	static,ignoring_inline_asm
stm32f0xx_hal_uart.c:3435:19:UART_Start_Receive_DMA	24	static,ignoring_inline_asm
stm32f0xx_hal_uart.c:1556:19:HAL_UART_Receive_DMA	16	static,ignoring_inline_asm
