stm32f0xx_hal_spi.c:3925:26:SPI_WaitFlagStateUntilTimeout.constprop	32	static
stm32f0xx_hal_spi.c:3994:26:SPI_WaitFifoStateUntilTimeout.constprop	48	static
stm32f0xx_hal_spi.c:4325:13:SPI_AbortRx_ISR	24	static
stm32f0xx_hal_spi.c:4074:26:SPI_EndRxTransaction	24	static
stm32f0xx_hal_spi.c:4110:26:SPI_EndRxTxTransaction	16	static
stm32f0xx_hal_spi.c:4369:13:SPI_AbortTx_ISR	24	static
stm32f0xx_hal_spi.c:533:13:HAL_SPI_MspInit	0	static
stm32f0xx_hal_spi.c:314:19:HAL_SPI_Init	32	static
stm32f0xx_hal_spi.c:549:13:HAL_SPI_MspDeInit	0	static
stm32f0xx_hal_spi.c:489:19:HAL_SPI_DeInit	16	static
stm32f0xx_hal_spi.c:821:19:HAL_SPI_Transmit	40	static
stm32f0xx_hal_spi.c:1236:19:HAL_SPI_TransmitReceive	32	static
stm32f0xx_hal_spi.c:991:19:HAL_SPI_Receive	40	static
stm32f0xx_hal_spi.c:1548:19:HAL_SPI_Transmit_IT	16	static
stm32f0xx_hal_spi.c:1743:19:HAL_SPI_TransmitReceive_IT	16	static
stm32f0xx_hal_spi.c:1634:19:HAL_SPI_Receive_IT	24	static
stm32f0xx_hal_spi.c:1853:19:HAL_SPI_Transmit_DMA	24	static
stm32f0xx_hal_spi.c:2130:19:HAL_SPI_TransmitReceive_DMA	24	static
stm32f0xx_hal_spi.c:1977:19:HAL_SPI_Receive_DMA	24	static
stm32f0xx_hal_spi.c:2330:19:HAL_SPI_Abort	32	static
stm32f0xx_hal_spi.c:2651:19:HAL_SPI_DMAPause	8	static
stm32f0xx_hal_spi.c:2671:19:HAL_SPI_DMAResume	8	static
stm32f0xx_hal_spi.c:2691:19:HAL_SPI_DMAStop	16	static
stm32f0xx_hal_spi.c:2838:13:HAL_SPI_TxCpltCallback	0	static
stm32f0xx_hal_spi.c:2854:13:HAL_SPI_RxCpltCallback	0	static
stm32f0xx_hal_spi.c:2870:13:HAL_SPI_TxRxCpltCallback	0	static
stm32f0xx_hal_spi.c:2886:13:HAL_SPI_TxHalfCpltCallback	0	static
stm32f0xx_hal_spi.c:3298:13:SPI_DMAHalfTransmitCplt	8	static
stm32f0xx_hal_spi.c:2902:13:HAL_SPI_RxHalfCpltCallback	0	static
stm32f0xx_hal_spi.c:3316:13:SPI_DMAHalfReceiveCplt	8	static
stm32f0xx_hal_spi.c:2918:13:HAL_SPI_TxRxHalfCpltCallback	0	static
stm32f0xx_hal_spi.c:3334:13:SPI_DMAHalfTransmitReceiveCplt	8	static
stm32f0xx_hal_spi.c:2934:13:HAL_SPI_ErrorCallback	0	static
stm32f0xx_hal_spi.c:4276:13:SPI_CloseTx_ISR	16	static
stm32f0xx_hal_spi.c:3870:13:SPI_TxISR_8BIT	8	static
stm32f0xx_hal_spi.c:3895:13:SPI_TxISR_16BIT	8	static
stm32f0xx_hal_spi.c:4219:13:SPI_CloseRx_ISR	8	static
stm32f0xx_hal_spi.c:3781:13:SPI_RxISR_8BIT	8	static
stm32f0xx_hal_spi.c:3837:13:SPI_RxISR_16BIT	8	static
stm32f0xx_hal_spi.c:4142:13:SPI_CloseRxTx_ISR	16	static
stm32f0xx_hal_spi.c:3613:13:SPI_2linesTxISR_8BIT	8	static
stm32f0xx_hal_spi.c:3528:13:SPI_2linesRxISR_8BIT	8	static
stm32f0xx_hal_spi.c:3716:13:SPI_2linesTxISR_16BIT	8	static
stm32f0xx_hal_spi.c:3660:13:SPI_2linesRxISR_16BIT	8	static
stm32f0xx_hal_spi.c:3352:13:SPI_DMAError	8	static
stm32f0xx_hal_spi.c:3024:13:SPI_DMATransmitCplt	24	static
stm32f0xx_hal_spi.c:3081:13:SPI_DMAReceiveCplt	16	static
stm32f0xx_hal_spi.c:3198:13:SPI_DMATransmitReceiveCplt	16	static
stm32f0xx_hal_spi.c:2731:6:HAL_SPI_IRQHandler	40	static
stm32f0xx_hal_spi.c:3375:13:SPI_DMAAbortOnError	8	static
stm32f0xx_hal_spi.c:2952:13:HAL_SPI_AbortCpltCallback	0	static
stm32f0xx_hal_spi.c:2490:19:HAL_SPI_Abort_IT	32	static
stm32f0xx_hal_spi.c:3463:13:SPI_DMARxAbortCallback	24	static
stm32f0xx_hal_spi.c:3397:13:SPI_DMATxAbortCallback	24	static
stm32f0xx_hal_spi.c:2987:22:HAL_SPI_GetState	0	static
stm32f0xx_hal_spi.c:2999:10:HAL_SPI_GetError	0	static
