stm32f0xx_hal_cortex.c:135:6:HAL_NVIC_SetPriority	16	static
stm32f0xx_hal_cortex.c:154:6:HAL_NVIC_EnableIRQ	0	static
stm32f0xx_hal_cortex.c:170:6:HAL_NVIC_DisableIRQ	0	static,ignoring_inline_asm
stm32f0xx_hal_cortex.c:183:6:HAL_NVIC_SystemReset	0	static,ignoring_inline_asm
stm32f0xx_hal_cortex.c:196:10:HAL_SYSTICK_Config	0	static
stm32f0xx_hal_cortex.c:228:10:HAL_NVIC_GetPriority	0	static
stm32f0xx_hal_cortex.c:241:6:HAL_NVIC_SetPendingIRQ	0	static
stm32f0xx_hal_cortex.c:259:10:HAL_NVIC_GetPendingIRQ	0	static
stm32f0xx_hal_cortex.c:275:6:HAL_NVIC_ClearPendingIRQ	0	static
stm32f0xx_hal_cortex.c:292:6:HAL_SYSTICK_CLKSourceConfig	0	static
stm32f0xx_hal_cortex.c:319:13:HAL_SYSTICK_Callback	0	static
stm32f0xx_hal_cortex.c:310:6:HAL_SYSTICK_IRQHandler	8	static
