Archive member included to satisfy reference by file (symbol)

c:/st/stm32cubeide_1.0.0/stm32cubeide/plugins/com.st.stm32cube.ide.mcu.externaltools.gnu-tools-for-stm32.7-2018-q2-update.win32_1.0.0.201904181610/tools/bin/../lib/gcc/arm-none-eabi/7.3.1/../../../../arm-none-eabi/lib/thumb/v6-m\libc_nano.a(lib_a-errno.o)
                              Src/syscalls.o (__errno)
c:/st/stm32cubeide_1.0.0/stm32cubeide/plugins/com.st.stm32cube.ide.mcu.externaltools.gnu-tools-for-stm32.7-2018-q2-update.win32_1.0.0.201904181610/tools/bin/../lib/gcc/arm-none-eabi/7.3.1/../../../../arm-none-eabi/lib/thumb/v6-m\libc_nano.a(lib_a-exit.o)
                              c:/st/stm32cubeide_1.0.0/stm32cubeide/plugins/com.st.stm32cube.ide.mcu.externaltools.gnu-tools-for-stm32.7-2018-q2-update.win32_1.0.0.201904181610/tools/bin/../lib/gcc/arm-none-eabi/7.3.1/../../../../arm-none-eabi/lib/thumb/v6-m/crt0.o (exit)
c:/st/stm32cubeide_1.0.0/stm32cubeide/plugins/com.st.stm32cube.ide.mcu.externaltools.gnu-tools-for-stm32.7-2018-q2-update.win32_1.0.0.201904181610/tools/bin/../lib/gcc/arm-none-eabi/7.3.1/../../../../arm-none-eabi/lib/thumb/v6-m\libc_nano.a(lib_a-impure.o)
                              c:/st/stm32cubeide_1.0.0/stm32cubeide/plugins/com.st.stm32cube.ide.mcu.externaltools.gnu-tools-for-stm32.7-2018-q2-update.win32_1.0.0.201904181610/tools/bin/../lib/gcc/arm-none-eabi/7.3.1/../../../../arm-none-eabi/lib/thumb/v6-m\libc_nano.a(lib_a-exit.o) (_global_impure_ptr)
c:/st/stm32cubeide_1.0.0/stm32cubeide/plugins/com.st.stm32cube.ide.mcu.externaltools.gnu-tools-for-stm32.7-2018-q2-update.win32_1.0.0.201904181610/tools/bin/../lib/gcc/arm-none-eabi/7.3.1/../../../../arm-none-eabi/lib/thumb/v6-m\libc_nano.a(lib_a-init.o)
                              c:/st/stm32cubeide_1.0.0/stm32cubeide/plugins/com.st.stm32cube.ide.mcu.externaltools.gnu-tools-for-stm32.7-2018-q2-update.win32_1.0.0.201904181610/tools/bin/../lib/gcc/arm-none-eabi/7.3.1/../../../../arm-none-eabi/lib/thumb/v6-m/crt0.o (__libc_init_array)
c:/st/stm32cubeide_1.0.0/stm32cubeide/plugins/com.st.stm32cube.ide.mcu.externaltools.gnu-tools-for-stm32.7-2018-q2-update.win32_1.0.0.201904181610/tools/bin/../lib/gcc/arm-none-eabi/7.3.1/../../../../arm-none-eabi/lib/thumb/v6-m\libc_nano.a(lib_a-memcpy-stub.o)
                              Src/HTTPResponders.o (memcpy)
c:/st/stm32cubeide_1.0.0/stm32cubeide/plugins/com.st.stm32cube.ide.mcu.externaltools.gnu-tools-for-stm32.7-2018-q2-update.win32_1.0.0.201904181610/tools/bin/../lib/gcc/arm-none-eabi/7.3.1/../../../../arm-none-eabi/lib/thumb/v6-m\libc_nano.a(lib_a-memset.o)
                              c:/st/stm32cubeide_1.0.0/stm32cubeide/plugins/com.st.stm32cube.ide.mcu.externaltools.gnu-tools-for-stm32.7-2018-q2-update.win32_1.0.0.201904181610/tools/bin/../lib/gcc/arm-none-eabi/7.3.1/../../../../arm-none-eabi/lib/thumb/v6-m/crt0.o (memset)
c:/st/stm32cubeide_1.0.0/stm32cubeide/plugins/com.st.stm32cube.ide.mcu.externaltools.gnu-tools-for-stm32.7-2018-q2-update.win32_1.0.0.201904181610/tools/bin/../lib/gcc/arm-none-eabi/7.3.1/../../../../arm-none-eabi/lib/thumb/v6-m\libc_nano.a(lib_a-strcat.o)
                              Src/HTTPServer.o (strcat)
c:/st/stm32cubeide_1.0.0/stm32cubeide/plugins/com.st.stm32cube.ide.mcu.externaltools.gnu-tools-for-stm32.7-2018-q2-update.win32_1.0.0.201904181610/tools/bin/../lib/gcc/arm-none-eabi/7.3.1/../../../../arm-none-eabi/lib/thumb/v6-m\libc_nano.a(lib_a-strchr.o)
                              Src/HTTPServer.o (strchr)
c:/st/stm32cubeide_1.0.0/stm32cubeide/plugins/com.st.stm32cube.ide.mcu.externaltools.gnu-tools-for-stm32.7-2018-q2-update.win32_1.0.0.201904181610/tools/bin/../lib/gcc/arm-none-eabi/7.3.1/../../../../arm-none-eabi/lib/thumb/v6-m\libc_nano.a(lib_a-strcmp.o)
                              Src/FS.o (strcmp)
c:/st/stm32cubeide_1.0.0/stm32cubeide/plugins/com.st.stm32cube.ide.mcu.externaltools.gnu-tools-for-stm32.7-2018-q2-update.win32_1.0.0.201904181610/tools/bin/../lib/gcc/arm-none-eabi/7.3.1/../../../../arm-none-eabi/lib/thumb/v6-m\libc_nano.a(lib_a-strcpy.o)
                              Src/HTTPServer.o (strcpy)
c:/st/stm32cubeide_1.0.0/stm32cubeide/plugins/com.st.stm32cube.ide.mcu.externaltools.gnu-tools-for-stm32.7-2018-q2-update.win32_1.0.0.201904181610/tools/bin/../lib/gcc/arm-none-eabi/7.3.1/../../../../arm-none-eabi/lib/thumb/v6-m\libc_nano.a(lib_a-strlen.o)
                              Src/HTTPResponders.o (strlen)
c:/st/stm32cubeide_1.0.0/stm32cubeide/plugins/com.st.stm32cube.ide.mcu.externaltools.gnu-tools-for-stm32.7-2018-q2-update.win32_1.0.0.201904181610/tools/bin/../lib/gcc/arm-none-eabi/7.3.1/../../../../arm-none-eabi/lib/thumb/v6-m\libc_nano.a(lib_a-strncat.o)
                              Src/HTTPServer.o (strncat)
c:/st/stm32cubeide_1.0.0/stm32cubeide/plugins/com.st.stm32cube.ide.mcu.externaltools.gnu-tools-for-stm32.7-2018-q2-update.win32_1.0.0.201904181610/tools/bin/../lib/gcc/arm-none-eabi/7.3.1/../../../../arm-none-eabi/lib/thumb/v6-m\libc_nano.a(lib_a-strncmp.o)
[...]
Memory Configuration

Name             Origin             Length             Attributes
FLASH            0x0000000008000000 0x0000000000004000 xr
RAM              0x0000000020000000 0x0000000000001000 xrw
*default*        0x0000000000000000 0xffffffffffffffff

Linker script and memory map

LOAD c:/st/stm32cubeide_1.0.0/stm32cubeide/plugins/com.st.stm32cube.ide.mcu.externaltools.gnu-tools-for-stm32.7-2018-q2-update.win32_1.0.0.201904181610/tools/bin/../lib/gcc/arm-none-eabi/7.3.1/thumb/v6-m/crti.o
LOAD c:/st/stm32cubeide_1.0.0/stm32cubeide/plugins/com.st.stm32cube.ide.mcu.externaltools.gnu-tools-for-stm32.7-2018-q2-update.win32_1.0.0.201904181610/tools/bin/../lib/gcc/arm-none-eabi/7.3.1/thumb/v6-m/crtbegin.o
LOAD c:/st/stm32cubeide_1.0.0/stm32cubeide/plugins/com.st.stm32cube.ide.mcu.externaltools.gnu-tools-for-stm32.7-2018-q2-update.win32_1.0.0.201904181610/tools/bin/../lib/gcc/arm-none-eabi/7.3.1/../../../../arm-none-eabi/lib/thumb/v6-m/crt0.o
LOAD Drivers/STM32F0xx_HAL_Driver/Src/stm32f0xx_hal.o
LOAD Drivers/STM32F0xx_HAL_Driver/Src/stm32f0xx_hal_cortex.o
LOAD Drivers/STM32F0xx_HAL_Driver/Src/stm32f0xx_hal_dma.o
LOAD Drivers/STM32F0xx_HAL_Driver/Src/stm32f0xx_hal_flash.o
LOAD Drivers/STM32F0xx_HAL_Driver/Src/stm32f0xx_hal_flash_ex.o
LOAD Drivers/STM32F0xx_HAL_Driver/Src/stm32f0xx_hal_gpio.o
LOAD Drivers/STM32F0xx_HAL_Driver/Src/stm32f0xx_hal_i2c.o
LOAD Drivers/STM32F0xx_HAL_Driver/Src/stm32f0xx_hal_i2c_ex.o
LOAD Drivers/STM32F0xx_HAL_Driver/Src/stm32f0xx_hal_pwr.o
LOAD Drivers/STM32F0xx_HAL_Driver/Src/stm32f0xx_hal_pwr_ex.o
LOAD Drivers/STM32F0xx_HAL_Driver/Src/stm32f0xx_hal_rcc.o
LOAD Drivers/STM32F0xx_HAL_Driver/Src/stm32f0xx_hal_rcc_ex.o
LOAD Drivers/STM32F0xx_HAL_Driver/Src/stm32f0xx_hal_spi.o
LOAD Drivers/STM32F0xx_HAL_Driver/Src/stm32f0xx_hal_spi_ex.o
LOAD Drivers/STM32F0xx_HAL_Driver/Src/stm32f0xx_hal_tim.o
LOAD Drivers/STM32F0xx_HAL_Driver/Src/stm32f0xx_hal_tim_ex.o
LOAD Drivers/STM32F0xx_HAL_Driver/Src/stm32f0xx_hal_uart.o
LOAD Drivers/STM32F0xx_HAL_Driver/Src/stm32f0xx_hal_uart_ex.o
LOAD Src/CH395.o
LOAD Src/CH395CMD.o
LOAD Src/CH395SPI_HW.o
LOAD Src/Delay.o
LOAD Src/FS.o
LOAD Src/Flash_EEPROM.o
LOAD Src/HTTPResponders.o
LOAD Src/HTTPServer.o
LOAD Src/main.o
LOAD Src/stm32f0xx_hal_msp.o
LOAD Src/stm32f0xx_it.o
LOAD Src/syscalls.o
LOAD Src/sysmem.o
LOAD Src/system_stm32f0xx.o
LOAD Startup/startup_stm32f030f4px.o
START GROUP
LOAD c:/st/stm32cubeide_1.0.0/stm32cubeide/plugins/com.st.stm32cube.ide.mcu.externaltools.gnu-tools-for-stm32.7-2018-q2-update.win32_1.0.0.201904181610/tools/bin/../lib/gcc/arm-none-eabi/7.3.1/../../../../arm-none-eabi/lib/thumb/v6-m\libc_nano.a
LOAD c:/st/stm32cubeide_1.0.0/stm32cubeide/plugins/com.st.stm32cube.ide.mcu.externaltools.gnu-tools-for-stm32.7-2018-q2-update.win32_1.0.0.201904181610/tools/bin/../lib/gcc/arm-none-eabi/7.3.1/../../../../arm-none-eabi/lib/thumb/v6-m\libm.a
END GROUP
START GROUP
LOAD c:/st/stm32cubeide_1.0.0/stm32cubeide/plugins/com.st.stm32cube.ide.mcu.externaltools.gnu-tools-for-stm32.7-2018-q2-update.win32_1.0.0.201904181610/tools/bin/../lib/gcc/arm-none-eabi/7.3.1/thumb/v6-m\libgcc.a
LOAD c:/st/stm32cubeide_1.0.0/stm32cubeide/plugins/com.st.stm32cube.ide.mcu.externaltools.gnu-tools-for-stm32.7-2018-q2-update.win32_1.0.0.201904181610/tools/bin/../lib/gcc/arm-none-eabi/7.3.1/../../../../arm-none-eabi/lib/thumb/v6-m\libc_nano.a
END GROUP
START GROUP
LOAD c:/st/stm32cubeide_1.0.0/stm32cubeide/plugins/com.st.stm32cube.ide.mcu.externaltools.gnu-tools-for-stm32.7-2018-q2-update.win32_1.0.0.201904181610/tools/bin/../lib/gcc/arm-none-eabi/7.3.1/thumb/v6-m\libgcc.a
LOAD c:/st/stm32cubeide_1.0.0/stm32cubeide/plugins/com.st.stm32cube.ide.mcu.externaltools.gnu-tools-for-stm32.7-2018-q2-update.win32_1.0.0.201904181610/tools/bin/../lib/gcc/arm-none-eabi/7.3.1/../../../../arm-none-eabi/lib/thumb/v6-m\libc_nano.a
LOAD c:/st/stm32cubeide_1.0.0/stm32cubeide/plugins/com.st.stm32cube.ide.mcu.externaltools.gnu-tools-for-stm32.7-2018-q2-update.win32_1.0.0.201904181610/tools/bin/../lib/gcc/arm-none-eabi/7.3.1/../../../../arm-none-eabi/lib/thumb/v6-m\libnosys.a
END GROUP
START GROUP
LOAD c:/st/stm32cubeide_1.0.0/stm32cubeide/plugins/com.st.stm32cube.ide.mcu.externaltools.gnu-tools-for-stm32.7-2018-q2-update.win32_1.0.0.201904181610/tools/bin/../lib/gcc/arm-none-eabi/7.3.1/thumb/v6-m\libgcc.a
LOAD c:/st/stm32cubeide_1.0.0/stm32cubeide/plugins/com.st.stm32cube.ide.mcu.externaltools.gnu-tools-for-stm32.7-2018-q2-update.win32_1.0.0.201904181610/tools/bin/../lib/gcc/arm-none-eabi/7.3.1/../../../../arm-none-eabi/lib/thumb/v6-m\libc_nano.a
LOAD c:/st/stm32cubeide_1.0.0/stm32cubeide/plugins/com.st.stm32cube.ide.mcu.externaltools.gnu-tools-for-stm32.7-2018-q2-update.win32_1.0.0.201904181610/tools/bin/../lib/gcc/arm-none-eabi/7.3.1/../../../../arm-none-eabi/lib/thumb/v6-m\libnosys.a
END GROUP
LOAD c:/st/stm32cubeide_1.0.0/stm32cubeide/plugins/com.st.stm32cube.ide.mcu.externaltools.gnu-tools-for-stm32.7-2018-q2-update.win32_1.0.0.201904181610/tools/bin/../lib/gcc/arm-none-eabi/7.3.1/thumb/v6-m/crtend.o
LOAD c:/st/stm32cubeide_1.0.0/stm32cubeide/plugins/com.st.stm32cube.ide.mcu.externaltools.gnu-tools-for-stm32.7-2018-q2-update.win32_1.0.0.201904181610/tools/bin/../lib/gcc/arm-none-eabi/7.3.1/thumb/v6-m/crtn.o
                0x0000000020000fff                _estack = 0x20000fff
                0x0000000000000100                _Min_Heap_Size = 0x100
                0x0000000000000200                _Min_Stack_Size = 0x200

.isr_vector     0x0000000008000000       0xc0
                0x0000000008000000                . = ALIGN (0x4)
 *(.isr_vector)
 .isr_vector    0x0000000008000000       0xc0 Startup/startup_stm32f030f4px.o
                0x0000000008000000                g_pfnVectors
                0x00000000080000c0                . = ALIGN (0x4)

.text           0x00000000080000c0     0x3638
                0x00000000080000c0                . = ALIGN (0x4)
 *(.text)
 .text          0x00000000080000c0       0x48 c:/st/stm32cubeide_1.0.0/stm32cubeide/plugins/com.st.stm32cube.ide.mcu.externaltools.gnu-tools-for-stm32.7-2018-q2-update.win32_1.0.0.201904181610/tools/bin/../lib/gcc/arm-none-eabi/7.3.1/thumb/v6-m/crtbegin.o
 .text          0x0000000008000108       0x14 c:/st/stm32cubeide_1.0.0/stm32cubeide/plugins/com.st.stm32cube.ide.mcu.externaltools.gnu-tools-for-stm32.7-2018-q2-update.win32_1.0.0.201904181610/tools/bin/../lib/gcc/arm-none-eabi/7.3.1/../../../../arm-none-eabi/lib/thumb/v6-m\libc_nano.a(lib_a-strcmp.o)
                0x0000000008000108                strcmp
 .text          0x000000000800011c        0xe c:/st/stm32cubeide_1.0.0/stm32cubeide/plugins/com.st.stm32cube.ide.mcu.externaltools.gnu-tools-for-stm32.7-2018-q2-update.win32_1.0.0.201904181610/tools/bin/../lib/gcc/arm-none-eabi/7.3.1/../../../../arm-none-eabi/lib/thumb/v6-m\libc_nano.a(lib_a-strlen.o)
                0x000000000800011c                strlen
 *fill*         0x000000000800012a        0x2 
 .text          0x000000000800012c      0x114 c:/st/stm32cubeide_1.0.0/stm32cubeide/plugins/com.st.stm32cube.ide.mcu.externaltools.gnu-tools-for-stm32.7-2018-q2-update.win32_1.0.0.201904181610/tools/bin/../lib/gcc/arm-none-eabi/7.3.1/thumb/v6-m\libgcc.a(_udivsi3.o)
                0x000000000800012c                __aeabi_uidiv
                0x000000000800012c                __udivsi3
                0x0000000008000238                __aeabi_uidivmod
 .text          0x0000000008000240        0x4 c:/st/stm32cubeide_1.0.0/stm32cubeide/plugins/com.st.stm32cube.ide.mcu.externaltools.gnu-tools-for-stm32.7-2018-q2-update.win32_1.0.0.201904181610/tools/bin/../lib/gcc/arm-none-eabi/7.3.1/thumb/v6-m\libgcc.a(_dvmd_tls.o)
                0x0000000008000240                __aeabi_idiv0
                0x0000000008000240                __aeabi_ldiv0
 *(.text*)
 .text.HAL_InitTick
                0x0000000008000244       0x24 Drivers/STM32F0xx_HAL_Driver/Src/stm32f0xx_hal.o
                0x0000000008000244                HAL_InitTick
 .text.HAL_Init
                0x0000000008000268       0x20 Drivers/STM32F0xx_HAL_Driver/Src/stm32f0xx_hal.o
                0x0000000008000268                HAL_Init
 .text.HAL_IncTick
                0x0000000008000288       0x10 Drivers/STM32F0xx_HAL_Driver/Src/stm32f0xx_hal.o
                0x0000000008000288                HAL_IncTick
 .text.HAL_GetTick
                0x0000000008000298        0xc Drivers/STM32F0xx_HAL_Driver/Src/stm32f0xx_hal.o
                0x0000000008000298                HAL_GetTick
 .text.HAL_NVIC_SetPriority
                0x00000000080002a4       0x60 Drivers/STM32F0xx_HAL_Driver/Src/stm32f0xx_hal_cortex.o
                0x00000000080002a4                HAL_NVIC_SetPriority
 .text.HAL_NVIC_EnableIRQ
                0x0000000008000304       0x14 Drivers/STM32F0xx_HAL_Driver/Src/stm32f0xx_hal_cortex.o
                0x0000000008000304                HAL_NVIC_EnableIRQ
 .text.HAL_SYSTICK_Config
                0x0000000008000318       0x38 Drivers/STM32F0xx_HAL_Driver/Src/stm32f0xx_hal_cortex.o
                0x0000000008000318                HAL_SYSTICK_Config
 .text.FLASH_Program_HalfWord
                0x0000000008000350       0x20 Drivers/STM32F0xx_HAL_Driver/Src/stm32f0xx_hal_flash.o
 .text.FLASH_SetErrorCode
                0x0000000008000370       0x3c Drivers/STM32F0xx_HAL_Driver/Src/stm32f0xx_hal_flash.o
 .text.HAL_FLASH_Unlock
                0x00000000080003ac       0x30 Drivers/STM32F0xx_HAL_Driver/Src/stm32f0xx_hal_flash.o
                0x00000000080003ac                HAL_FLASH_Unlock
 .text.HAL_FLASH_Lock
                0x00000000080003dc       0x14 Drivers/STM32F0xx_HAL_Driver/Src/stm32f0xx_hal_flash.o
                0x00000000080003dc                HAL_FLASH_Lock
 .text.FLASH_WaitForLastOperation
                0x00000000080003f0       0x5c Drivers/STM32F0xx_HAL_Driver/Src/stm32f0xx_hal_flash.o
                0x00000000080003f0                FLASH_WaitForLastOperation
 .text.HAL_FLASH_Program
                0x000000000800044c       0xa0 Drivers/STM32F0xx_HAL_Driver/Src/stm32f0xx_hal_flash.o
                0x000000000800044c                HAL_FLASH_Program
 .text.FLASH_MassErase
                0x00000000080004ec       0x24 Drivers/STM32F0xx_HAL_Driver/Src/stm32f0xx_hal_flash_ex.o
 .text.FLASH_PageErase
                0x0000000008000510       0x24 Drivers/STM32F0xx_HAL_Driver/Src/stm32f0xx_hal_flash_ex.o
                0x0000000008000510                FLASH_PageErase
 .text.HAL_FLASHEx_Erase
                0x0000000008000534       0xa4 Drivers/STM32F0xx_HAL_Driver/Src/stm32f0xx_hal_flash_ex.o
                0x0000000008000534                HAL_FLASHEx_Erase
 .text.HAL_GPIO_Init
                0x00000000080005d8      0x18c Drivers/STM32F0xx_HAL_Driver/Src/stm32f0xx_hal_gpio.o
                0x00000000080005d8                HAL_GPIO_Init
 .text.HAL_GPIO_ReadPin
                0x0000000008000764        0xe Drivers/STM32F0xx_HAL_Driver/Src/stm32f0xx_hal_gpio.o
                0x0000000008000764                HAL_GPIO_ReadPin
 .text.HAL_GPIO_WritePin
                0x0000000008000772        0xc Drivers/STM32F0xx_HAL_Driver/Src/stm32f0xx_hal_gpio.o
                0x0000000008000772                HAL_GPIO_WritePin
 .text.HAL_GPIO_EXTI_Callback
                0x000000000800077e        0x2 Drivers/STM32F0xx_HAL_Driver/Src/stm32f0xx_hal_gpio.o
                0x000000000800077e                HAL_GPIO_EXTI_Callback
 .text.HAL_GPIO_EXTI_IRQHandler
                0x0000000008000780       0x1c Drivers/STM32F0xx_HAL_Driver/Src/stm32f0xx_hal_gpio.o
                0x0000000008000780                HAL_GPIO_EXTI_IRQHandler
 .text.HAL_RCC_OscConfig
                0x000000000800079c      0x454 Drivers/STM32F0xx_HAL_Driver/Src/stm32f0xx_hal_rcc.o
                0x000000000800079c                HAL_RCC_OscConfig
 .text.HAL_RCC_GetSysClockFreq
                0x0000000008000bf0       0x70 Drivers/STM32F0xx_HAL_Driver/Src/stm32f0xx_hal_rcc.o
                0x0000000008000bf0                HAL_RCC_GetSysClockFreq
 .text.HAL_RCC_ClockConfig
                0x0000000008000c60      0x154 Drivers/STM32F0xx_HAL_Driver/Src/stm32f0xx_hal_rcc.o
                0x0000000008000c60                HAL_RCC_ClockConfig
 .text.HAL_RCC_GetHCLKFreq
                0x0000000008000db4        0xc Drivers/STM32F0xx_HAL_Driver/Src/stm32f0xx_hal_rcc.o
                0x0000000008000db4                HAL_RCC_GetHCLKFreq
 .text.HAL_RCC_GetPCLK1Freq
                0x0000000008000dc0       0x20 Drivers/STM32F0xx_HAL_Driver/Src/stm32f0xx_hal_rcc.o
                0x0000000008000dc0                HAL_RCC_GetPCLK1Freq
 .text.HAL_RCCEx_PeriphCLKConfig
                0x0000000008000de0      0x118 Drivers/STM32F0xx_HAL_Driver/Src/stm32f0xx_hal_rcc_ex.o
                0x0000000008000de0                HAL_RCCEx_PeriphCLKConfig
 .text.SPI_WaitFlagStateUntilTimeout
                0x0000000008000ef8       0xa0 Drivers/STM32F0xx_HAL_Driver/Src/stm32f0xx_hal_spi.o
 .text.SPI_WaitFifoStateUntilTimeout
                0x0000000008000f98       0xb4 Drivers/STM32F0xx_HAL_Driver/Src/stm32f0xx_hal_spi.o
 .text.SPI_EndRxTxTransaction
                0x000000000800104c       0x68 Drivers/STM32F0xx_HAL_Driver/Src/stm32f0xx_hal_spi.o
 .text.SPI_EndRxTransaction
                0x00000000080010b4       0x90 Drivers/STM32F0xx_HAL_Driver/Src/stm32f0xx_hal_spi.o
 .text.HAL_SPI_Init
                0x0000000008001144       0xcc Drivers/STM32F0xx_HAL_Driver/Src/stm32f0xx_hal_spi.o
                0x0000000008001144                HAL_SPI_Init
 .text.HAL_SPI_Transmit
                0x0000000008001210      0x1c4 Drivers/STM32F0xx_HAL_Driver/Src/stm32f0xx_hal_spi.o
                0x0000000008001210                HAL_SPI_Transmit
 .text.HAL_SPI_TransmitReceive
                0x00000000080013d4      0x2a4 Drivers/STM32F0xx_HAL_Driver/Src/stm32f0xx_hal_spi.o
                0x00000000080013d4                HAL_SPI_TransmitReceive
 .text.HAL_SPI_Receive
                0x0000000008001678      0x190 Drivers/STM32F0xx_HAL_Driver/Src/stm32f0xx_hal_spi.o
                0x0000000008001678                HAL_SPI_Receive
 .text.UART_SetConfig
                0x0000000008001808      0x1a0 Drivers/STM32F0xx_HAL_Driver/Src/stm32f0xx_hal_uart.o
                0x0000000008001808                UART_SetConfig
 .text.UART_AdvFeatureConfig
                0x00000000080019a8       0xe0 Drivers/STM32F0xx_HAL_Driver/Src/stm32f0xx_hal_uart.o
                0x00000000080019a8                UART_AdvFeatureConfig
 .text.UART_CheckIdleState
                0x0000000008001a88       0x16 Drivers/STM32F0xx_HAL_Driver/Src/stm32f0xx_hal_uart.o
                0x0000000008001a88                UART_CheckIdleState
 *fill*         0x0000000008001a9e        0x2 
 .text.HAL_UART_Init
                0x0000000008001aa0       0x70 Drivers/STM32F0xx_HAL_Driver/Src/stm32f0xx_hal_uart.o
                0x0000000008001aa0                HAL_UART_Init
 .text.CH395TCPServerStart
                0x0000000008001b10       0x88 Src/CH395.o
                0x0000000008001b10                CH395TCPServerStart
 .text.CH395CMDReset
                0x0000000008001b98       0x1c Src/CH395CMD.o
                0x0000000008001b98                CH395CMDReset
 .text.CH395CMDGetVer
                0x0000000008001bb4       0x24 Src/CH395CMD.o
                0x0000000008001bb4                CH395CMDGetVer
 .text.CH395CMDGetPHYStatus
                0x0000000008001bd8       0x24 Src/CH395CMD.o
                0x0000000008001bd8                CH395CMDGetPHYStatus
 .text.CH395CMDGetGlobIntStatus
                0x0000000008001bfc       0x24 Src/CH395CMD.o
                0x0000000008001bfc                CH395CMDGetGlobIntStatus
 .text.CH395GetCmdStatus
                0x0000000008001c20       0x24 Src/CH395CMD.o
                0x0000000008001c20                CH395GetCmdStatus
 .text.CH395CMDInitCH395
                0x0000000008001c44       0x3c Src/CH395CMD.o
                0x0000000008001c44                CH395CMDInitCH395
 .text.CH395CMDSetIPAddr
                0x0000000008001c80       0x34 Src/CH395CMD.o
                0x0000000008001c80                CH395CMDSetIPAddr
 .text.CH395CMDSetGWIPAddr
                0x0000000008001cb4       0x34 Src/CH395CMD.o
                0x0000000008001cb4                CH395CMDSetGWIPAddr
 .text.CH395SetSocketProtType
                0x0000000008001ce8       0x2c Src/CH395CMD.o
                0x0000000008001ce8                CH395SetSocketProtType
 .text.CH395SetSocketSourPort
                0x0000000008001d14       0x30 Src/CH395CMD.o
                0x0000000008001d14                CH395SetSocketSourPort
 .text.CH395SendData
                0x0000000008001d44       0x78 Src/CH395CMD.o
                0x0000000008001d44                CH395SendData
 .text.CH395StartSendingData
                0x0000000008001dbc       0x26 Src/CH395CMD.o
                0x0000000008001dbc                CH395StartSendingData
 .text.CH395ContinueSendingData
                0x0000000008001de2       0x1c Src/CH395CMD.o
                0x0000000008001de2                CH395ContinueSendingData
 *fill*         0x0000000008001dfe        0x2 
 .text.CH395Complete
                0x0000000008001e00       0x14 Src/CH395CMD.o
                0x0000000008001e00                CH395Complete
 .text.CH395GetRecvLength
                0x0000000008001e14       0x38 Src/CH395CMD.o
                0x0000000008001e14                CH395GetRecvLength
 .text.CH395ClearRecvBuf
                0x0000000008001e4c       0x24 Src/CH395CMD.o
                0x0000000008001e4c                CH395ClearRecvBuf
 .text.CH395GetRecvData
                0x0000000008001e70       0x54 Src/CH395CMD.o
                0x0000000008001e70                CH395GetRecvData
 .text.CH395OpenSocket
                0x0000000008001ec4       0x44 Src/CH395CMD.o
                0x0000000008001ec4                CH395OpenSocket
 .text.CH395TCPListen
                0x0000000008001f08       0x44 Src/CH395CMD.o
                0x0000000008001f08                CH395TCPListen
 .text.CH395GetSocketInt
                0x0000000008001f4c       0x30 Src/CH395CMD.o
                0x0000000008001f4c                CH395GetSocketInt
 .text.CH395DHCPEnable
                0x0000000008001f7c       0x44 Src/CH395CMD.o
                0x0000000008001f7c                CH395DHCPEnable
 .text.CH395ReadGPIOAddr
                0x0000000008001fc0       0x1e Src/CH395CMD.o
                0x0000000008001fc0                CH395ReadGPIOAddr
 .text.CH395SetStartPara
                0x0000000008001fde       0x28 Src/CH395CMD.o
                0x0000000008001fde                CH395SetStartPara
 *fill*         0x0000000008002006        0x2 
 .text.xWriteCH395Cmd
                0x0000000008002008       0x40 Src/CH395SPI_HW.o
                0x0000000008002008                xWriteCH395Cmd
 .text.xWriteCH395Data
                0x0000000008002048       0x1c Src/CH395SPI_HW.o
                0x0000000008002048                xWriteCH395Data
 .text.xReadCH395Data
                0x0000000008002064       0x20 Src/CH395SPI_HW.o
                0x0000000008002064                xReadCH395Data
 .text.Delay_us
                0x0000000008002084       0x2c Src/Delay.o
                0x0000000008002084                Delay_us
 .text.FS_begin
                0x00000000080020b0       0x20 Src/FS.o
                0x00000000080020b0                FS_begin
 .text.FS_open  0x00000000080020d0       0x58 Src/FS.o
                0x00000000080020d0                FS_open
 .text.FS_exists
                0x0000000008002128       0x34 Src/FS.o
                0x0000000008002128                FS_exists
 .text.EEPROM_WriteBytes
                0x000000000800215c       0x62 Src/Flash_EEPROM.o
                0x000000000800215c                EEPROM_WriteBytes
 .text.EEPROM_ReadBytes
                0x00000000080021be       0x16 Src/Flash_EEPROM.o
                0x00000000080021be                EEPROM_ReadBytes
 .text.onHome   0x00000000080021d4       0x24 Src/HTTPResponders.o
                0x00000000080021d4                onHome
 .text.onSwitch
                0x00000000080021f8       0x68 Src/HTTPResponders.o
                0x00000000080021f8                onSwitch
 .text.onStatus
                0x0000000008002260       0x10 Src/HTTPResponders.o
                0x0000000008002260                onStatus
 .text.onReset  0x0000000008002270       0x10 Src/HTTPResponders.o
                0x0000000008002270                onReset
 .text.onGetAlloc
                0x0000000008002280       0x58 Src/HTTPResponders.o
                0x0000000008002280                onGetAlloc
 .text.onSetLabel
                0x00000000080022d8       0x88 Src/HTTPResponders.o
                0x00000000080022d8                onSetLabel
 .text.onGetLabel
                0x0000000008002360       0x58 Src/HTTPResponders.o
                0x0000000008002360                onGetLabel
 .text.resetHTTPParseState
                0x00000000080023b8       0x1a Src/HTTPServer.o
                0x00000000080023b8                resetHTTPParseState
 *fill*         0x00000000080023d2        0x2 
 .text.HTTPGetContentType
                0x00000000080023d4       0xdc Src/HTTPServer.o
                0x00000000080023d4                HTTPGetContentType
 .text.strsepstr
                0x00000000080024b0       0x36 Src/HTTPServer.o
                0x00000000080024b0                strsepstr
 *fill*         0x00000000080024e6        0x2 
 .text.parse_http
                0x00000000080024e8      0x1ec Src/HTTPServer.o
                0x00000000080024e8                parse_http
 .text.getHTTPArg
                0x00000000080026d4       0x4a Src/HTTPServer.o
                0x00000000080026d4                getHTTPArg
 .text.atou8    0x000000000800271e       0x2c Src/HTTPServer.o
                0x000000000800271e                atou8
 .text.u16toa   0x000000000800274a       0x54 Src/HTTPServer.o
                0x000000000800274a                u16toa
 *fill*         0x000000000800279e        0x2 
 .text.HTTPSendFile
                0x00000000080027a0      0x1bc Src/HTTPServer.o
                0x00000000080027a0                HTTPSendFile
 .text.HTTPSendStr
                0x000000000800295c      0x150 Src/HTTPServer.o
                0x000000000800295c                HTTPSendStr
 .text.HTTPonNotFound
                0x0000000008002aac       0xe0 Src/HTTPServer.o
                0x0000000008002aac                HTTPonNotFound
 .text.HTTPHandle
                0x0000000008002b8c      0x110 Src/HTTPServer.o
                0x0000000008002b8c                HTTPHandle
 .text.strcpy_f
                0x0000000008002c9c       0x12 Src/HTTPServer.o
                0x0000000008002c9c                strcpy_f
 .text.strncpy_f
                0x0000000008002cae       0x1c Src/HTTPServer.o
                0x0000000008002cae                strncpy_f
 *fill*         0x0000000008002cca        0x2 
 .text.MX_GPIO_Init
                0x0000000008002ccc       0xd0 Src/main.o
 .text.MX_SPI1_Init
                0x0000000008002d9c       0x48 Src/main.o
 .text.MX_USART1_UART_Init
                0x0000000008002de4       0x30 Src/main.o
 .text.MX_NVIC_Init
                0x0000000008002e14       0x14 Src/main.o
 .text.SystemClock_Config
                0x0000000008002e28       0x58 Src/main.o
                0x0000000008002e28                SystemClock_Config
 .text.main     0x0000000008002e80      0x14c Src/main.o
                0x0000000008002e80                main
 .text.interrupt_CH395
                0x0000000008002fcc      0x1cc Src/main.o
                0x0000000008002fcc                interrupt_CH395
 .text.switch_Antenna
                0x0000000008003198       0xa0 Src/main.o
                0x0000000008003198                switch_Antenna
 .text.get_Antenna
                0x0000000008003238       0x48 Src/main.o
                0x0000000008003238                get_Antenna
 .text.HAL_MspInit
                0x0000000008003280       0x30 Src/stm32f0xx_hal_msp.o
                0x0000000008003280                HAL_MspInit
 .text.HAL_SPI_MspInit
                0x00000000080032b0       0x68 Src/stm32f0xx_hal_msp.o
                0x00000000080032b0                HAL_SPI_MspInit
 .text.HAL_UART_MspInit
                0x0000000008003318       0x68 Src/stm32f0xx_hal_msp.o
                0x0000000008003318                HAL_UART_MspInit
 .text.NMI_Handler
                0x0000000008003380        0x2 Src/stm32f0xx_it.o
                0x0000000008003380                NMI_Handler
 .text.HardFault_Handler
                0x0000000008003382        0x2 Src/stm32f0xx_it.o
                0x0000000008003382                HardFault_Handler
 .text.SVC_Handler
                0x0000000008003384        0x2 Src/stm32f0xx_it.o
                0x0000000008003384                SVC_Handler
 .text.PendSV_Handler
                0x0000000008003386        0x2 Src/stm32f0xx_it.o
                0x0000000008003386                PendSV_Handler
 .text.SysTick_Handler
                0x0000000008003388        0x8 Src/stm32f0xx_it.o
                0x0000000008003388                SysTick_Handler
 .text.EXTI0_1_IRQHandler
                0x0000000008003390       0x20 Src/stm32f0xx_it.o
                0x0000000008003390                EXTI0_1_IRQHandler
 .text.SystemInit
                0x00000000080033b0       0x60 Src/system_stm32f0xx.o
                0x00000000080033b0                SystemInit
 .text.Reset_Handler
                0x0000000008003410       0x50 Startup/startup_stm32f030f4px.o
                0x0000000008003410                Reset_Handler
 .text.Default_Handler
                0x0000000008003460        0x2 Startup/startup_stm32f030f4px.o
                0x0000000008003460                TIM1_CC_IRQHandler
                0x0000000008003460                I2C1_IRQHandler
                0x0000000008003460                SPI1_IRQHandler
                0x0000000008003460                EXTI2_3_IRQHandler
                0x0000000008003460                ADC1_IRQHandler
                0x0000000008003460                TIM17_IRQHandler
                0x0000000008003460                RTC_IRQHandler
                0x0000000008003460                TIM16_IRQHandler
                0x0000000008003460                TIM3_IRQHandler
                0x0000000008003460                EXTI4_15_IRQHandler
                0x0000000008003460                RCC_IRQHandler
                0x0000000008003460                DMA1_Channel1_IRQHandler
                0x0000000008003460                Default_Handler
                0x0000000008003460                TIM14_IRQHandler
                0x0000000008003460                DMA1_Channel4_5_IRQHandler
                0x0000000008003460                WWDG_IRQHandler
                0x0000000008003460                DMA1_Channel2_3_IRQHandler
                0x0000000008003460                FLASH_IRQHandler
                0x0000000008003460                USART1_IRQHandler
                0x0000000008003460                TIM1_BRK_UP_TRG_COM_IRQHandler
 *fill*         0x0000000008003462        0x2 
 .text.__libc_init_array
                0x0000000008003464       0x48 c:/st/stm32cubeide_1.0.0/stm32cubeide/plugins/com.st.stm32cube.ide.mcu.externaltools.gnu-tools-for-stm32.7-2018-q2-update.win32_1.0.0.201904181610/tools/bin/../lib/gcc/arm-none-eabi/7.3.1/../../../../arm-none-eabi/lib/thumb/v6-m\libc_nano.a(lib_a-init.o)
                0x0000000008003464                __libc_init_array
 .text.memcpy   0x00000000080034ac       0x12 c:/st/stm32cubeide_1.0.0/stm32cubeide/plugins/com.st.stm32cube.ide.mcu.externaltools.gnu-tools-for-stm32.7-2018-q2-update.win32_1.0.0.201904181610/tools/bin/../lib/gcc/arm-none-eabi/7.3.1/../../../../arm-none-eabi/lib/thumb/v6-m\libc_nano.a(lib_a-memcpy-stub.o)
                0x00000000080034ac                memcpy
 .text.memset   0x00000000080034be       0x10 c:/st/stm32cubeide_1.0.0/stm32cubeide/plugins/com.st.stm32cube.ide.mcu.externaltools.gnu-tools-for-stm32.7-2018-q2-update.win32_1.0.0.201904181610/tools/bin/../lib/gcc/arm-none-eabi/7.3.1/../../../../arm-none-eabi/lib/thumb/v6-m\libc_nano.a(lib_a-memset.o)
                0x00000000080034be                memset
 .text.strcat   0x00000000080034ce       0x1c c:/st/stm32cubeide_1.0.0/stm32cubeide/plugins/com.st.stm32cube.ide.mcu.externaltools.gnu-tools-for-stm32.7-2018-q2-update.win32_1.0.0.201904181610/tools/bin/../lib/gcc/arm-none-eabi/7.3.1/../../../../arm-none-eabi/lib/thumb/v6-m\libc_nano.a(lib_a-strcat.o)
                0x00000000080034ce                strcat
 .text.strchr   0x00000000080034ea       0x1c c:/st/stm32cubeide_1.0.0/stm32cubeide/plugins/com.st.stm32cube.ide.mcu.externaltools.gnu-tools-for-stm32.7-2018-q2-update.win32_1.0.0.201904181610/tools/bin/../lib/gcc/arm-none-eabi/7.3.1/../../../../arm-none-eabi/lib/thumb/v6-m\libc_nano.a(lib_a-strchr.o)
                0x00000000080034ea                strchr
 .text.strcpy   0x0000000008003506       0x10 c:/st/stm32cubeide_1.0.0/stm32cubeide/plugins/com.st.stm32cube.ide.mcu.externaltools.gnu-tools-for-stm32.7-2018-q2-update.win32_1.0.0.201904181610/tools/bin/../lib/gcc/arm-none-eabi/7.3.1/../../../../arm-none-eabi/lib/thumb/v6-m\libc_nano.a(lib_a-strcpy.o)
                0x0000000008003506                strcpy
 .text.strncat  0x0000000008003516       0x2c c:/st/stm32cubeide_1.0.0/stm32cubeide/plugins/com.st.stm32cube.ide.mcu.externaltools.gnu-tools-for-stm32.7-2018-q2-update.win32_1.0.0.201904181610/tools/bin/../lib/gcc/arm-none-eabi/7.3.1/../../../../arm-none-eabi/lib/thumb/v6-m\libc_nano.a(lib_a-strncat.o)
                0x0000000008003516                strncat
 .text.strncmp  0x0000000008003542       0x22 c:/st/stm32cubeide_1.0.0/stm32cubeide/plugins/com.st.stm32cube.ide.mcu.externaltools.gnu-tools-for-stm32.7-2018-q2-update.win32_1.0.0.201904181610/tools/bin/../lib/gcc/arm-none-eabi/7.3.1/../../../../arm-none-eabi/lib/thumb/v6-m\libc_nano.a(lib_a-strncmp.o)
                0x0000000008003542                strncmp
 .text.strncpy  0x0000000008003564       0x28 c:/st/stm32cubeide_1.0.0/stm32cubeide/plugins/com.st.stm32cube.ide.mcu.externaltools.gnu-tools-for-stm32.7-2018-q2-update.win32_1.0.0.201904181610/tools/bin/../lib/gcc/arm-none-eabi/7.3.1/../../../../arm-none-eabi/lib/thumb/v6-m\libc_nano.a(lib_a-strncpy.o)
                0x0000000008003564                strncpy
 .text.strnstr  0x000000000800358c       0x3e c:/st/stm32cubeide_1.0.0/stm32cubeide/plugins/com.st.stm32cube.ide.mcu.externaltools.gnu-tools-for-stm32.7-2018-q2-update.win32_1.0.0.201904181610/tools/bin/../lib/gcc/arm-none-eabi/7.3.1/../../../../arm-none-eabi/lib/thumb/v6-m\libc_nano.a(lib_a-strnstr.o)
                0x000000000800358c                strnstr
 .text.strstr   0x00000000080035ca       0x32 c:/st/stm32cubeide_1.0.0/stm32cubeide/plugins/com.st.stm32cube.ide.mcu.externaltools.gnu-tools-for-stm32.7-2018-q2-update.win32_1.0.0.201904181610/tools/bin/../lib/gcc/arm-none-eabi/7.3.1/../../../../arm-none-eabi/lib/thumb/v6-m\libc_nano.a(lib_a-strstr.o)
                0x00000000080035ca                strstr
 .text.__strtok_r
                0x00000000080035fc       0x5a c:/st/stm32cubeide_1.0.0/stm32cubeide/plugins/com.st.stm32cube.ide.mcu.externaltools.gnu-tools-for-stm32.7-2018-q2-update.win32_1.0.0.201904181610/tools/bin/../lib/gcc/arm-none-eabi/7.3.1/../../../../arm-none-eabi/lib/thumb/v6-m\libc_nano.a(lib_a-strtok_r.o)
                0x00000000080035fc                __strtok_r
 .text.strtok_r
                0x0000000008003656        0xa c:/st/stm32cubeide_1.0.0/stm32cubeide/plugins/com.st.stm32cube.ide.mcu.externaltools.gnu-tools-for-stm32.7-2018-q2-update.win32_1.0.0.201904181610/tools/bin/../lib/gcc/arm-none-eabi/7.3.1/../../../../arm-none-eabi/lib/thumb/v6-m\libc_nano.a(lib_a-strtok_r.o)
                0x0000000008003656                strtok_r
 .text.memchr   0x0000000008003660       0x16 c:/st/stm32cubeide_1.0.0/stm32cubeide/plugins/com.st.stm32cube.ide.mcu.externaltools.gnu-tools-for-stm32.7-2018-q2-update.win32_1.0.0.201904181610/tools/bin/../lib/gcc/arm-none-eabi/7.3.1/../../../../arm-none-eabi/lib/thumb/v6-m\libc_nano.a(lib_a-memchr-stub.o)
                0x0000000008003660                memchr
 .text.memmem   0x0000000008003676       0x34 c:/st/stm32cubeide_1.0.0/stm32cubeide/plugins/com.st.stm32cube.ide.mcu.externaltools.gnu-tools-for-stm32.7-2018-q2-update.win32_1.0.0.201904181610/tools/bin/../lib/gcc/arm-none-eabi/7.3.1/../../../../arm-none-eabi/lib/thumb/v6-m\libc_nano.a(lib_a-memmem.o)
                0x0000000008003676                memmem
 .text.strnlen  0x00000000080036aa       0x16 c:/st/stm32cubeide_1.0.0/stm32cubeide/plugins/com.st.stm32cube.ide.mcu.externaltools.gnu-tools-for-stm32.7-2018-q2-update.win32_1.0.0.201904181610/tools/bin/../lib/gcc/arm-none-eabi/7.3.1/../../../../arm-none-eabi/lib/thumb/v6-m\libc_nano.a(lib_a-strnlen.o)
                0x00000000080036aa                strnlen
 .text.memcmp   0x00000000080036c0       0x1e c:/st/stm32cubeide_1.0.0/stm32cubeide/plugins/com.st.stm32cube.ide.mcu.externaltools.gnu-tools-for-stm32.7-2018-q2-update.win32_1.0.0.201904181610/tools/bin/../lib/gcc/arm-none-eabi/7.3.1/../../../../arm-none-eabi/lib/thumb/v6-m\libc_nano.a(lib_a-memcmp.o)
                0x00000000080036c0                memcmp
 *(.glue_7)
 .glue_7        0x00000000080036de        0x0 linker stubs
 *(.glue_7t)
 .glue_7t       0x00000000080036de        0x0 linker stubs
 *(.eh_frame)
 *fill*         0x00000000080036de        0x2 
 .eh_frame      0x00000000080036e0        0x0 c:/st/stm32cubeide_1.0.0/stm32cubeide/plugins/com.st.stm32cube.ide.mcu.externaltools.gnu-tools-for-stm32.7-2018-q2-update.win32_1.0.0.201904181610/tools/bin/../lib/gcc/arm-none-eabi/7.3.1/thumb/v6-m/crtbegin.o
 *(.init)
 .init          0x00000000080036e0        0x4 c:/st/stm32cubeide_1.0.0/stm32cubeide/plugins/com.st.stm32cube.ide.mcu.externaltools.gnu-tools-for-stm32.7-2018-q2-update.win32_1.0.0.201904181610/tools/bin/../lib/gcc/arm-none-eabi/7.3.1/thumb/v6-m/crti.o
                0x00000000080036e0                _init
 .init          0x00000000080036e4        0x8 c:/st/stm32cubeide_1.0.0/stm32cubeide/plugins/com.st.stm32cube.ide.mcu.externaltools.gnu-tools-for-stm32.7-2018-q2-update.win32_1.0.0.201904181610/tools/bin/../lib/gcc/arm-none-eabi/7.3.1/thumb/v6-m/crtn.o
 *(.fini)
 .fini          0x00000000080036ec        0x4 c:/st/stm32cubeide_1.0.0/stm32cubeide/plugins/com.st.stm32cube.ide.mcu.externaltools.gnu-tools-for-stm32.7-2018-q2-update.win32_1.0.0.201904181610/tools/bin/../lib/gcc/arm-none-eabi/7.3.1/thumb/v6-m/crti.o
                0x00000000080036ec                _fini
 .fini          0x00000000080036f0        0x8 c:/st/stm32cubeide_1.0.0/stm32cubeide/plugins/com.st.stm32cube.ide.mcu.externaltools.gnu-tools-for-stm32.7-2018-q2-update.win32_1.0.0.201904181610/tools/bin/../lib/gcc/arm-none-eabi/7.3.1/thumb/v6-m/crtn.o
                0x00000000080036f8                . = ALIGN (0x4)
                0x00000000080036f8                _etext = .

.vfp11_veneer   0x00000000080036f8        0x0
 .vfp11_veneer  0x00000000080036f8        0x0 linker stubs

.v4_bx          0x00000000080036f8        0x0
 .v4_bx         0x00000000080036f8        0x0 linker stubs

.iplt           0x00000000080036f8        0x0
 .iplt          0x00000000080036f8        0x0 c:/st/stm32cubeide_1.0.0/stm32cubeide/plugins/com.st.stm32cube.ide.mcu.externaltools.gnu-tools-for-stm32.7-2018-q2-update.win32_1.0.0.201904181610/tools/bin/../lib/gcc/arm-none-eabi/7.3.1/thumb/v6-m/crtbegin.o

.rodata         0x00000000080036f8      0x274
                0x00000000080036f8                . = ALIGN (0x4)
 *(.rodata)
 .rodata        0x00000000080036f8       0x20 Drivers/STM32F0xx_HAL_Driver/Src/stm32f0xx_hal_rcc.o
 *(.rodata*)
 .rodata.onGetAlloc.str1.4
                0x0000000008003718        0xb Src/HTTPResponders.o
 *fill*         0x0000000008003723        0x1 
 .rodata.onGetLabel.str1.4
                0x0000000008003724        0x4 Src/HTTPResponders.o
 .rodata.onHome.str1.4
                0x0000000008003728        0xb Src/HTTPResponders.o
 *fill*         0x0000000008003733        0x1 
 .rodata.onReset.str1.4
                0x0000000008003734        0x8 Src/HTTPResponders.o
 .rodata.onSetLabel.str1.4
                0x000000000800373c        0xf Src/HTTPResponders.o
 *fill*         0x000000000800374b        0x1 
 .rodata.onStatus.str1.4
                0x000000000800374c        0x9 Src/HTTPResponders.o
 *fill*         0x0000000008003755        0x3 
 .rodata.onSwitch.str1.4
                0x0000000008003758       0x1a Src/HTTPResponders.o
 *fill*         0x0000000008003772        0x2 
 .rodata.str1.4
                0x0000000008003774       0x3a Src/HTTPResponders.o
                                         0x3e (size before relaxing)
 *fill*         0x00000000080037ae        0x2 
 .rodata.HTTPGetContentType.str1.4
                0x00000000080037b0       0x39 Src/HTTPServer.o
 *fill*         0x00000000080037e9        0x3 
 .rodata.HTTPSendFile.str1.4
                0x00000000080037ec       0x81 Src/HTTPServer.o
                                         0x85 (size before relaxing)
 *fill*         0x000000000800386d        0x3 
 .rodata.HTTP_COLUMN_DELIM
                0x0000000008003870        0x3 Src/HTTPServer.o
                0x0000000008003870                HTTP_COLUMN_DELIM
 *fill*         0x0000000008003873        0x1 
 .rodata.HTTP_CONTENT_TYPE_CSS
                0x0000000008003874        0x9 Src/HTTPServer.o
                0x0000000008003874                HTTP_CONTENT_TYPE_CSS
 *fill*         0x000000000800387d        0x3 
 .rodata.HTTP_CONTENT_TYPE_GIF
                0x0000000008003880        0xa Src/HTTPServer.o
                0x0000000008003880                HTTP_CONTENT_TYPE_GIF
 *fill*         0x000000000800388a        0x2 
 .rodata.HTTP_CONTENT_TYPE_HTML
                0x000000000800388c        0xa Src/HTTPServer.o
                0x000000000800388c                HTTP_CONTENT_TYPE_HTML
 *fill*         0x0000000008003896        0x2 
 .rodata.HTTP_CONTENT_TYPE_JPEG
                0x0000000008003898        0xb Src/HTTPServer.o
                0x0000000008003898                HTTP_CONTENT_TYPE_JPEG
 *fill*         0x00000000080038a3        0x1 
 .rodata.HTTP_CONTENT_TYPE_JS
                0x00000000080038a4       0x17 Src/HTTPServer.o
                0x00000000080038a4                HTTP_CONTENT_TYPE_JS
 *fill*         0x00000000080038bb        0x1 
 .rodata.HTTP_CONTENT_TYPE_PLAIN
                0x00000000080038bc        0xb Src/HTTPServer.o
                0x00000000080038bc                HTTP_CONTENT_TYPE_PLAIN
 *fill*         0x00000000080038c7        0x1 
 .rodata.HTTP_CONTENT_TYPE_PNG
                0x00000000080038c8        0xa Src/HTTPServer.o
                0x00000000080038c8                HTTP_CONTENT_TYPE_PNG
 *fill*         0x00000000080038d2        0x2 
 .rodata.HTTP_DELIM
                0x00000000080038d4        0x2 Src/HTTPServer.o
                0x00000000080038d4                HTTP_DELIM
 *fill*         0x00000000080038d6        0x2 
 .rodata.HTTP_ITEM_STR_CONNECTION
                0x00000000080038d8        0xb Src/HTTPServer.o
                0x00000000080038d8                HTTP_ITEM_STR_CONNECTION
 *fill*         0x00000000080038e3        0x1 
 .rodata.HTTP_ITEM_STR_COOKIES
                0x00000000080038e4        0x7 Src/HTTPServer.o
                0x00000000080038e4                HTTP_ITEM_STR_COOKIES
 *fill*         0x00000000080038eb        0x1 
 .rodata.HTTP_ITEM_STR_GET
                0x00000000080038ec        0x4 Src/HTTPServer.o
                0x00000000080038ec                HTTP_ITEM_STR_GET
 .rodata.HTTP_ITEM_STR_POST
                0x00000000080038f0        0x5 Src/HTTPServer.o
                0x00000000080038f0                HTTP_ITEM_STR_POST
 *fill*         0x00000000080038f5        0x3 
 .rodata.HTTP_LINE_DELIM
                0x00000000080038f8        0x3 Src/HTTPServer.o
                0x00000000080038f8                HTTP_LINE_DELIM
 *fill*         0x00000000080038fb        0x1 
 .rodata.HTTPonNotFound.str1.4
                0x00000000080038fc        0xc Src/HTTPServer.o
 .rodata.parse_http.str1.4
                0x0000000008003908       0x11 Src/HTTPServer.o
 *fill*         0x0000000008003919        0x3 
 .rodata.BCD1_0
                0x000000000800391c        0x8 Src/main.o
                0x000000000800391c                BCD1_0
 .rodata.BCD1_1
                0x0000000008003924        0x8 Src/main.o
                0x0000000008003924                BCD1_1
 .rodata.BCD1_2
                0x000000000800392c        0x8 Src/main.o
                0x000000000800392c                BCD1_2
 .rodata.BCD2_0
                0x0000000008003934        0x8 Src/main.o
                0x0000000008003934                BCD2_0
 .rodata.BCD2_1
                0x000000000800393c        0x8 Src/main.o
                0x000000000800393c                BCD2_1
 .rodata.BCD2_2
                0x0000000008003944        0x8 Src/main.o
                0x0000000008003944                BCD2_2
 .rodata.main.str1.4
                0x000000000800394c        0x8 Src/main.o
                                          0x7 (size before relaxing)
 .rodata.AHBPrescTable
                0x0000000008003954       0x10 Src/system_stm32f0xx.o
                0x0000000008003954                AHBPrescTable
 .rodata.APBPrescTable
                0x0000000008003964        0x8 Src/system_stm32f0xx.o
                0x0000000008003964                APBPrescTable
                0x000000000800396c                . = ALIGN (0x4)

.rel.dyn        0x000000000800396c        0x0
 .rel.iplt      0x000000000800396c        0x0 c:/st/stm32cubeide_1.0.0/stm32cubeide/plugins/com.st.stm32cube.ide.mcu.externaltools.gnu-tools-for-stm32.7-2018-q2-update.win32_1.0.0.201904181610/tools/bin/../lib/gcc/arm-none-eabi/7.3.1/thumb/v6-m/crtbegin.o

.ARM.extab      0x000000000800396c        0x0
                0x000000000800396c                . = ALIGN (0x4)
 *(.ARM.extab* .gnu.linkonce.armextab.*)
                0x000000000800396c                . = ALIGN (0x4)

.ARM            0x000000000800396c        0x0
                0x000000000800396c                . = ALIGN (0x4)
                0x000000000800396c                __exidx_start = .
 *(.ARM.exidx*)
                0x000000000800396c                __exidx_end = .
                0x000000000800396c                . = ALIGN (0x4)

.preinit_array  0x000000000800396c        0x0
                0x000000000800396c                . = ALIGN (0x4)
                0x000000000800396c                PROVIDE (__preinit_array_start = .)
 *(.preinit_array*)
                0x000000000800396c                PROVIDE (__preinit_array_end = .)
                0x000000000800396c                . = ALIGN (0x4)

.init_array     0x000000000800396c        0x4
                0x000000000800396c                . = ALIGN (0x4)
                0x000000000800396c                PROVIDE (__init_array_start = .)
 *(SORT_BY_NAME(.init_array.*))
 *(.init_array*)
 .init_array    0x000000000800396c        0x4 c:/st/stm32cubeide_1.0.0/stm32cubeide/plugins/com.st.stm32cube.ide.mcu.externaltools.gnu-tools-for-stm32.7-2018-q2-update.win32_1.0.0.201904181610/tools/bin/../lib/gcc/arm-none-eabi/7.3.1/thumb/v6-m/crtbegin.o
                0x0000000008003970                PROVIDE (__init_array_end = .)
                0x0000000008003970                . = ALIGN (0x4)

.fini_array     0x0000000008003970        0x4
                0x0000000008003970                . = ALIGN (0x4)
                [!provide]                        PROVIDE (__fini_array_start = .)
 *(SORT_BY_NAME(.fini_array.*))
 *(.fini_array*)
 .fini_array    0x0000000008003970        0x4 c:/st/stm32cubeide_1.0.0/stm32cubeide/plugins/com.st.stm32cube.ide.mcu.externaltools.gnu-tools-for-stm32.7-2018-q2-update.win32_1.0.0.201904181610/tools/bin/../lib/gcc/arm-none-eabi/7.3.1/thumb/v6-m/crtbegin.o
                [!provide]                        PROVIDE (__fini_array_end = .)
                0x0000000008003974                . = ALIGN (0x4)
                0x0000000008003974                _sidata = LOADADDR (.data)

.data           0x0000000020000000      0x458 load address 0x0000000008003974
                0x0000000020000000                . = ALIGN (0x4)
                0x0000000020000000                _sdata = .
 *(.data)
 *(.data*)
 .data.CH395_SCS
                0x0000000020000000        0x8 Src/CH395SPI_HW.o
                0x0000000020000000                CH395_SCS
 .data.ch395    0x0000000020000008      0x403 Src/CH395SPI_HW.o
                0x0000000020000008                ch395
 *fill*         0x000000002000040b        0x1 
 .data.EEPROM   0x000000002000040c        0x8 Src/Flash_EEPROM.o
                0x000000002000040c                EEPROM
 .data.HTTPResponders
                0x0000000020000414       0x38 Src/HTTPResponders.o
                0x0000000020000414                HTTPResponders
 .data.IP       0x000000002000044c        0x4 Src/main.o
                0x000000002000044c                IP
 .data.port     0x0000000020000450        0x2 Src/main.o
                0x0000000020000450                port
 *fill*         0x0000000020000452        0x2 
 .data.SystemCoreClock
                0x0000000020000454        0x4 Src/system_stm32f0xx.o
                0x0000000020000454                SystemCoreClock
                0x0000000020000458                . = ALIGN (0x4)
                0x0000000020000458                _edata = .

.igot.plt       0x0000000020000458        0x0 load address 0x0000000008003dcc
 .igot.plt      0x0000000020000458        0x0 c:/st/stm32cubeide_1.0.0/stm32cubeide/plugins/com.st.stm32cube.ide.mcu.externaltools.gnu-tools-for-stm32.7-2018-q2-update.win32_1.0.0.201904181610/tools/bin/../lib/gcc/arm-none-eabi/7.3.1/thumb/v6-m/crtbegin.o
                0x0000000020000458                . = ALIGN (0x4)

.bss            0x0000000020000458      0x604 load address 0x0000000008003dcc
                0x0000000020000458                _sbss = .
                0x0000000020000458                __bss_start__ = _sbss
 *(.bss)
 .bss           0x0000000020000458       0x1c c:/st/stm32cubeide_1.0.0/stm32cubeide/plugins/com.st.stm32cube.ide.mcu.externaltools.gnu-tools-for-stm32.7-2018-q2-update.win32_1.0.0.201904181610/tools/bin/../lib/gcc/arm-none-eabi/7.3.1/thumb/v6-m/crtbegin.o
 *(.bss*)
 .bss.s_tmp.6994
                0x0000000020000474        0xa Src/HTTPResponders.o
 *fill*         0x000000002000047e        0x2 
 .bss.s_tmp.7015
                0x0000000020000480       0x78 Src/HTTPResponders.o
 .bss.parseStates
                0x00000000200004f8      0x378 Src/HTTPServer.o
                0x00000000200004f8                parseStates
 .bss.s_notfound.7013
                0x0000000020000870       0x50 Src/HTTPServer.o
 .bss.flag_CH395_ready
                0x00000000200008c0        0x1 Src/main.o
                0x00000000200008c0                flag_CH395_ready
 *(COMMON)
 *fill*         0x00000000200008c1        0x3 
 COMMON         0x00000000200008c4        0x4 Drivers/STM32F0xx_HAL_Driver/Src/stm32f0xx_hal.o
                0x00000000200008c4                uwTick
 COMMON         0x00000000200008c8       0x20 Drivers/STM32F0xx_HAL_Driver/Src/stm32f0xx_hal_flash.o
                0x00000000200008c8                pFlash
 COMMON         0x00000000200008e8        0x8 Src/FS.o
                0x00000000200008e8                FS
 COMMON         0x00000000200008f0      0x16c Src/main.o
                0x00000000200008f0                flag_IP_conflict
                0x00000000200008f4                SavedData
                0x000000002000094f                flag_PHY_change
                0x0000000020000950                Selector
                0x0000000020000988                huart1
                0x00000000200009f8                hspi1
                0x0000000020000a5c                . = ALIGN (0x4)
                0x0000000020000a5c                _ebss = .
                0x0000000020000a5c                __bss_end__ = _ebss

._user_heap_stack
                0x0000000020000a5c      0x304 load address 0x0000000008003dcc
                0x0000000020000a60                . = ALIGN (0x8)
 *fill*         0x0000000020000a5c        0x4 
                0x0000000020000a60                PROVIDE (end = .)
                [!provide]                        PROVIDE (_end = .)
                0x0000000020000b60                . = (. + _Min_Heap_Size)
 *fill*         0x0000000020000a60      0x100 
                0x0000000020000d60                . = (. + _Min_Stack_Size)
 *fill*         0x0000000020000b60      0x200 
                0x0000000020000d60                . = ALIGN (0x8)

/DISCARD/
 libc.a(*)
 libm.a(*)
 libgcc.a(*)

.ARM.attributes
                0x0000000000000000       0x28
 *(.ARM.attributes)
 .ARM.attributes
                0x0000000000000000       0x1e c:/st/stm32cubeide_1.0.0/stm32cubeide/plugins/com.st.stm32cube.ide.mcu.externaltools.gnu-tools-for-stm32.7-2018-q2-update.win32_1.0.0.201904181610/tools/bin/../lib/gcc/arm-none-eabi/7.3.1/thumb/v6-m/crti.o
 .ARM.attributes
                0x000000000000001e       0x2c c:/st/stm32cubeide_1.0.0/stm32cubeide/plugins/com.st.stm32cube.ide.mcu.externaltools.gnu-tools-for-stm32.7-2018-q2-update.win32_1.0.0.201904181610/tools/bin/../lib/gcc/arm-none-eabi/7.3.1/thumb/v6-m/crtbegin.o
 .ARM.attributes
                0x000000000000004a       0x31 Drivers/STM32F0xx_HAL_Driver/Src/stm32f0xx_hal.o
 .ARM.attributes
                0x000000000000007b       0x31 Drivers/STM32F0xx_HAL_Driver/Src/stm32f0xx_hal_cortex.o
 .ARM.attributes
                0x00000000000000ac       0x31 Drivers/STM32F0xx_HAL_Driver/Src/stm32f0xx_hal_flash.o
 .ARM.attributes
                0x00000000000000dd       0x31 Drivers/STM32F0xx_HAL_Driver/Src/stm32f0xx_hal_flash_ex.o
 .ARM.attributes
                0x000000000000010e       0x31 Drivers/STM32F0xx_HAL_Driver/Src/stm32f0xx_hal_gpio.o
 .ARM.attributes
                0x000000000000013f       0x31 Drivers/STM32F0xx_HAL_Driver/Src/stm32f0xx_hal_rcc.o
 .ARM.attributes
                0x0000000000000170       0x31 Drivers/STM32F0xx_HAL_Driver/Src/stm32f0xx_hal_rcc_ex.o
 .ARM.attributes
                0x00000000000001a1       0x31 Drivers/STM32F0xx_HAL_Driver/Src/stm32f0xx_hal_spi.o
 .ARM.attributes
                0x00000000000001d2       0x31 Drivers/STM32F0xx_HAL_Driver/Src/stm32f0xx_hal_uart.o
 .ARM.attributes
                0x0000000000000203       0x31 Src/CH395.o
 .ARM.attributes
                0x0000000000000234       0x31 Src/CH395CMD.o
 .ARM.attributes
                0x0000000000000265       0x31 Src/CH395SPI_HW.o
 .ARM.attributes
                0x0000000000000296       0x31 Src/Delay.o
 .ARM.attributes
                0x00000000000002c7       0x31 Src/FS.o
 .ARM.attributes
                0x00000000000002f8       0x31 Src/Flash_EEPROM.o
 .ARM.attributes
                0x0000000000000329       0x31 Src/HTTPResponders.o
 .ARM.attributes
                0x000000000000035a       0x31 Src/HTTPServer.o
 .ARM.attributes
                0x000000000000038b       0x31 Src/main.o
 .ARM.attributes
                0x00000000000003bc       0x31 Src/stm32f0xx_hal_msp.o
 .ARM.attributes
                0x00000000000003ed       0x31 Src/stm32f0xx_it.o
 .ARM.attributes
                0x000000000000041e       0x31 Src/system_stm32f0xx.o
 .ARM.attributes
                0x000000000000044f       0x21 Startup/startup_stm32f030f4px.o
 .ARM.attributes
                0x0000000000000470       0x2c c:/st/stm32cubeide_1.0.0/stm32cubeide/plugins/com.st.stm32cube.ide.mcu.externaltools.gnu-tools-for-stm32.7-2018-q2-update.win32_1.0.0.201904181610/tools/bin/../lib/gcc/arm-none-eabi/7.3.1/../../../../arm-none-eabi/lib/thumb/v6-m\libc_nano.a(lib_a-init.o)
 .ARM.attributes
                0x000000000000049c       0x2c c:/st/stm32cubeide_1.0.0/stm32cubeide/plugins/com.st.stm32cube.ide.mcu.externaltools.gnu-tools-for-stm32.7-2018-q2-update.win32_1.0.0.201904181610/tools/bin/../lib/gcc/arm-none-eabi/7.3.1/../../../../arm-none-eabi/lib/thumb/v6-m\libc_nano.a(lib_a-memcpy-stub.o)
 .ARM.attributes
                0x00000000000004c8       0x2c c:/st/stm32cubeide_1.0.0/stm32cubeide/plugins/com.st.stm32cube.ide.mcu.externaltools.gnu-tools-for-stm32.7-2018-q2-update.win32_1.0.0.201904181610/tools/bin/../lib/gcc/arm-none-eabi/7.3.1/../../../../arm-none-eabi/lib/thumb/v6-m\libc_nano.a(lib_a-memset.o)
 .ARM.attributes
                0x00000000000004f4       0x2c c:/st/stm32cubeide_1.0.0/stm32cubeide/plugins/com.st.stm32cube.ide.mcu.externaltools.gnu-tools-for-stm32.7-2018-q2-update.win32_1.0.0.201904181610/tools/bin/../lib/gcc/arm-none-eabi/7.3.1/../../../../arm-none-eabi/lib/thumb/v6-m\libc_nano.a(lib_a-strcat.o)
 .ARM.attributes
                0x0000000000000520       0x2c c:/st/stm32cubeide_1.0.0/stm32cubeide/plugins/com.st.stm32cube.ide.mcu.externaltools.gnu-tools-for-stm32.7-2018-q2-update.win32_1.0.0.201904181610/tools/bin/../lib/gcc/arm-none-eabi/7.3.1/../../../../arm-none-eabi/lib/thumb/v6-m\libc_nano.a(lib_a-strchr.o)
 .ARM.attributes
                0x000000000000054c       0x1c c:/st/stm32cubeide_1.0.0/stm32cubeide/plugins/com.st.stm32cube.ide.mcu.externaltools.gnu-tools-for-stm32.7-2018-q2-update.win32_1.0.0.201904181610/tools/bin/../lib/gcc/arm-none-eabi/7.3.1/../../../../arm-none-eabi/lib/thumb/v6-m\libc_nano.a(lib_a-strcmp.o)
 .ARM.attributes
                0x0000000000000568       0x2c c:/st/stm32cubeide_1.0.0/stm32cubeide/plugins/com.st.stm32cube.ide.mcu.externaltools.gnu-tools-for-stm32.7-2018-q2-update.win32_1.0.0.201904181610/tools/bin/../lib/gcc/arm-none-eabi/7.3.1/../../../../arm-none-eabi/lib/thumb/v6-m\libc_nano.a(lib_a-strcpy.o)
 .ARM.attributes
                0x0000000000000594       0x1c c:/st/stm32cubeide_1.0.0/stm32cubeide/plugins/com.st.stm32cube.ide.mcu.externaltools.gnu-tools-for-stm32.7-2018-q2-update.win32_1.0.0.201904181610/tools/bin/../lib/gcc/arm-none-eabi/7.3.1/../../../../arm-none-eabi/lib/thumb/v6-m\libc_nano.a(lib_a-strlen.o)
 .ARM.attributes
                0x00000000000005b0       0x2c c:/st/stm32cubeide_1.0.0/stm32cubeide/plugins/com.st.stm32cube.ide.mcu.externaltools.gnu-tools-for-stm32.7-2018-q2-update.win32_1.0.0.201904181610/tools/bin/../lib/gcc/arm-none-eabi/7.3.1/../../../../arm-none-eabi/lib/thumb/v6-m\libc_nano.a(lib_a-strncat.o)
 .ARM.attributes
                0x00000000000005dc       0x2c c:/st/stm32cubeide_1.0.0/stm32cubeide/plugins/com.st.stm32cube.ide.mcu.externaltools.gnu-tools-for-stm32.7-2018-q2-update.win32_1.0.0.201904181610/tools/bin/../lib/gcc/arm-none-eabi/7.3.1/../../../../arm-none-eabi/lib/thumb/v6-m\libc_nano.a(lib_a-strncmp.o)
 .ARM.attributes
                0x0000000000000608       0x2c c:/st/stm32cubeide_1.0.0/stm32cubeide/plugins/com.st.stm32cube.ide.mcu.externaltools.gnu-tools-for-stm32.7-2018-q2-update.win32_1.0.0.201904181610/tools/bin/../lib/gcc/arm-none-eabi/7.3.1/../../../../arm-none-eabi/lib/thumb/v6-m\libc_nano.a(lib_a-strncpy.o)
 .ARM.attributes
                0x0000000000000634       0x2c c:/st/stm32cubeide_1.0.0/stm32cubeide/plugins/com.st.stm32cube.ide.mcu.externaltools.gnu-tools-for-stm32.7-2018-q2-update.win32_1.0.0.201904181610/tools/bin/../lib/gcc/arm-none-eabi/7.3.1/../../../../arm-none-eabi/lib/thumb/v6-m\libc_nano.a(lib_a-strnstr.o)
 .ARM.attributes
                0x0000000000000660       0x2c c:/st/stm32cubeide_1.0.0/stm32cubeide/plugins/com.st.stm32cube.ide.mcu.externaltools.gnu-tools-for-stm32.7-2018-q2-update.win32_1.0.0.201904181610/tools/bin/../lib/gcc/arm-none-eabi/7.3.1/../../../../arm-none-eabi/lib/thumb/v6-m\libc_nano.a(lib_a-strstr.o)
 .ARM.attributes
                0x000000000000068c       0x2c c:/st/stm32cubeide_1.0.0/stm32cubeide/plugins/com.st.stm32cube.ide.mcu.externaltools.gnu-tools-for-stm32.7-2018-q2-update.win32_1.0.0.201904181610/tools/bin/../lib/gcc/arm-none-eabi/7.3.1/../../../../arm-none-eabi/lib/thumb/v6-m\libc_nano.a(lib_a-strtok_r.o)
 .ARM.attributes
                0x00000000000006b8       0x2c c:/st/stm32cubeide_1.0.0/stm32cubeide/plugins/com.st.stm32cube.ide.mcu.externaltools.gnu-tools-for-stm32.7-2018-q2-update.win32_1.0.0.201904181610/tools/bin/../lib/gcc/arm-none-eabi/7.3.1/../../../../arm-none-eabi/lib/thumb/v6-m\libc_nano.a(lib_a-memchr-stub.o)
 .ARM.attributes
                0x00000000000006e4       0x2c c:/st/stm32cubeide_1.0.0/stm32cubeide/plugins/com.st.stm32cube.ide.mcu.externaltools.gnu-tools-for-stm32.7-2018-q2-update.win32_1.0.0.201904181610/tools/bin/../lib/gcc/arm-none-eabi/7.3.1/../../../../arm-none-eabi/lib/thumb/v6-m\libc_nano.a(lib_a-memmem.o)
 .ARM.attributes
                0x0000000000000710       0x2c c:/st/stm32cubeide_1.0.0/stm32cubeide/plugins/com.st.stm32cube.ide.mcu.externaltools.gnu-tools-for-stm32.7-2018-q2-update.win32_1.0.0.201904181610/tools/bin/../lib/gcc/arm-none-eabi/7.3.1/../../../../arm-none-eabi/lib/thumb/v6-m\libc_nano.a(lib_a-strnlen.o)
 .ARM.attributes
                0x000000000000073c       0x2c c:/st/stm32cubeide_1.0.0/stm32cubeide/plugins/com.st.stm32cube.ide.mcu.externaltools.gnu-tools-for-stm32.7-2018-q2-update.win32_1.0.0.201904181610/tools/bin/../lib/gcc/arm-none-eabi/7.3.1/../../../../arm-none-eabi/lib/thumb/v6-m\libc_nano.a(lib_a-memcmp.o)
 .ARM.attributes
                0x0000000000000768       0x1e c:/st/stm32cubeide_1.0.0/stm32cubeide/plugins/com.st.stm32cube.ide.mcu.externaltools.gnu-tools-for-stm32.7-2018-q2-update.win32_1.0.0.201904181610/tools/bin/../lib/gcc/arm-none-eabi/7.3.1/thumb/v6-m\libgcc.a(_udivsi3.o)
 .ARM.attributes
                0x0000000000000786       0x1e c:/st/stm32cubeide_1.0.0/stm32cubeide/plugins/com.st.stm32cube.ide.mcu.externaltools.gnu-tools-for-stm32.7-2018-q2-update.win32_1.0.0.201904181610/tools/bin/../lib/gcc/arm-none-eabi/7.3.1/thumb/v6-m\libgcc.a(_dvmd_tls.o)
 .ARM.attributes
                0x00000000000007a4       0x1e c:/st/stm32cubeide_1.0.0/stm32cubeide/plugins/com.st.stm32cube.ide.mcu.externaltools.gnu-tools-for-stm32.7-2018-q2-update.win32_1.0.0.201904181610/tools/bin/../lib/gcc/arm-none-eabi/7.3.1/thumb/v6-m/crtn.o
OUTPUT(Antenna Switch 6x2.elf elf32-littlearm)

.debug_info     0x0000000000000000    0x1a2fb
 .debug_info    0x0000000000000000      0xe2e Drivers/STM32F0xx_HAL_Driver/Src/stm32f0xx_hal.o
 .debug_info    0x0000000000000e2e      0xfa3 Drivers/STM32F0xx_HAL_Driver/Src/stm32f0xx_hal_cortex.o
 .debug_info    0x0000000000001dd1      0xe4f Drivers/STM32F0xx_HAL_Driver/Src/stm32f0xx_hal_flash.o
 .debug_info    0x0000000000002c20     0x1116 Drivers/STM32F0xx_HAL_Driver/Src/stm32f0xx_hal_flash_ex.o
 .debug_info    0x0000000000003d36      0xe4a Drivers/STM32F0xx_HAL_Driver/Src/stm32f0xx_hal_gpio.o
 .debug_info    0x0000000000004b80     0x1128 Drivers/STM32F0xx_HAL_Driver/Src/stm32f0xx_hal_rcc.o
 .debug_info    0x0000000000005ca8      0xbf5 Drivers/STM32F0xx_HAL_Driver/Src/stm32f0xx_hal_rcc_ex.o
 .debug_info    0x000000000000689d     0x2567 Drivers/STM32F0xx_HAL_Driver/Src/stm32f0xx_hal_spi.o
 .debug_info    0x0000000000008e04     0x1fe5 Drivers/STM32F0xx_HAL_Driver/Src/stm32f0xx_hal_uart.o
 .debug_info    0x000000000000ade9      0xb63 Src/CH395.o
 .debug_info    0x000000000000b94c     0x2b5a Src/CH395CMD.o
 .debug_info    0x000000000000e4a6     0x137a Src/CH395SPI_HW.o
 .debug_info    0x000000000000f820      0x987 Src/Delay.o
 .debug_info    0x00000000000101a7      0xb39 Src/FS.o
 .debug_info    0x0000000000010ce0      0xf7f Src/Flash_EEPROM.o
 .debug_info    0x0000000000011c5f     0x1298 Src/HTTPResponders.o
 .debug_info    0x0000000000012ef7     0x20dc Src/HTTPServer.o
 .debug_info    0x0000000000014fd3     0x2274 Src/main.o
 .debug_info    0x0000000000017247     0x17f6 Src/stm32f0xx_hal_msp.o
 .debug_info    0x0000000000018a3d      0xe38 Src/stm32f0xx_it.o
 .debug_info    0x0000000000019875      0xa64 Src/system_stm32f0xx.o
 .debug_info    0x000000000001a2d9       0x22 Startup/startup_stm32f030f4px.o

.debug_abbrev   0x0000000000000000     0x35ef
 .debug_abbrev  0x0000000000000000      0x2be Drivers/STM32F0xx_HAL_Driver/Src/stm32f0xx_hal.o
 .debug_abbrev  0x00000000000002be      0x2ff Drivers/STM32F0xx_HAL_Driver/Src/stm32f0xx_hal_cortex.o
 .debug_abbrev  0x00000000000005bd      0x2c6 Drivers/STM32F0xx_HAL_Driver/Src/stm32f0xx_hal_flash.o
 .debug_abbrev  0x0000000000000883      0x2b1 Drivers/STM32F0xx_HAL_Driver/Src/stm32f0xx_hal_flash_ex.o
 .debug_abbrev  0x0000000000000b34      0x26f Drivers/STM32F0xx_HAL_Driver/Src/stm32f0xx_hal_gpio.o
 .debug_abbrev  0x0000000000000da3      0x2b2 Drivers/STM32F0xx_HAL_Driver/Src/stm32f0xx_hal_rcc.o
 .debug_abbrev  0x0000000000001055      0x26d Drivers/STM32F0xx_HAL_Driver/Src/stm32f0xx_hal_rcc_ex.o
 .debug_abbrev  0x00000000000012c2      0x2dd Drivers/STM32F0xx_HAL_Driver/Src/stm32f0xx_hal_spi.o
 .debug_abbrev  0x000000000000159f      0x293 Drivers/STM32F0xx_HAL_Driver/Src/stm32f0xx_hal_uart.o
 .debug_abbrev  0x0000000000001832      0x227 Src/CH395.o
 .debug_abbrev  0x0000000000001a59      0x305 Src/CH395CMD.o
 .debug_abbrev  0x0000000000001d5e      0x27d Src/CH395SPI_HW.o
 .debug_abbrev  0x0000000000001fdb      0x1a6 Src/Delay.o
 .debug_abbrev  0x0000000000002181      0x1ff Src/FS.o
 .debug_abbrev  0x0000000000002380      0x26e Src/Flash_EEPROM.o
 .debug_abbrev  0x00000000000025ee      0x273 Src/HTTPResponders.o
 .debug_abbrev  0x0000000000002861      0x387 Src/HTTPServer.o
 .debug_abbrev  0x0000000000002be8      0x3b2 Src/main.o
 .debug_abbrev  0x0000000000002f9a      0x24a Src/stm32f0xx_hal_msp.o
 .debug_abbrev  0x00000000000031e4      0x22c Src/stm32f0xx_it.o
 .debug_abbrev  0x0000000000003410      0x1cd Src/system_stm32f0xx.o
 .debug_abbrev  0x00000000000035dd       0x12 Startup/startup_stm32f030f4px.o

.debug_loc      0x0000000000000000     0x72e3
 .debug_loc     0x0000000000000000       0x7c Drivers/STM32F0xx_HAL_Driver/Src/stm32f0xx_hal.o
 .debug_loc     0x000000000000007c      0x393 Drivers/STM32F0xx_HAL_Driver/Src/stm32f0xx_hal_cortex.o
 .debug_loc     0x000000000000040f      0x354 Drivers/STM32F0xx_HAL_Driver/Src/stm32f0xx_hal_flash.o
 .debug_loc     0x0000000000000763      0x62b Drivers/STM32F0xx_HAL_Driver/Src/stm32f0xx_hal_flash_ex.o
 .debug_loc     0x0000000000000d8e      0x2fe Drivers/STM32F0xx_HAL_Driver/Src/stm32f0xx_hal_gpio.o
 .debug_loc     0x000000000000108c      0x480 Drivers/STM32F0xx_HAL_Driver/Src/stm32f0xx_hal_rcc.o
 .debug_loc     0x000000000000150c      0x359 Drivers/STM32F0xx_HAL_Driver/Src/stm32f0xx_hal_rcc_ex.o
 .debug_loc     0x0000000000001865     0x1d2b Drivers/STM32F0xx_HAL_Driver/Src/stm32f0xx_hal_spi.o
 .debug_loc     0x0000000000003590     0x15f9 Drivers/STM32F0xx_HAL_Driver/Src/stm32f0xx_hal_uart.o
 .debug_loc     0x0000000000004b89       0xa9 Src/CH395.o
 .debug_loc     0x0000000000004c32     0x124f Src/CH395CMD.o
 .debug_loc     0x0000000000005e81       0x3e Src/CH395SPI_HW.o
 .debug_loc     0x0000000000005ebf       0x34 Src/Delay.o
 .debug_loc     0x0000000000005ef3      0x2ab Src/FS.o
 .debug_loc     0x000000000000619e      0x126 Src/Flash_EEPROM.o
 .debug_loc     0x00000000000062c4      0x2de Src/HTTPResponders.o
 .debug_loc     0x00000000000065a2      0x93d Src/HTTPServer.o
 .debug_loc     0x0000000000006edf      0x1e7 Src/main.o
 .debug_loc     0x00000000000070c6       0xe2 Src/stm32f0xx_hal_msp.o
 .debug_loc     0x00000000000071a8      0x13b Src/system_stm32f0xx.o

.debug_aranges  0x0000000000000000      0xbe8
 .debug_aranges
                0x0000000000000000       0xb8 Drivers/STM32F0xx_HAL_Driver/Src/stm32f0xx_hal.o
 .debug_aranges
                0x00000000000000b8       0x78 Drivers/STM32F0xx_HAL_Driver/Src/stm32f0xx_hal_cortex.o
 .debug_aranges
                0x0000000000000130       0x88 Drivers/STM32F0xx_HAL_Driver/Src/stm32f0xx_hal_flash.o
 .debug_aranges
                0x00000000000001b8       0x98 Drivers/STM32F0xx_HAL_Driver/Src/stm32f0xx_hal_flash_ex.o
 .debug_aranges
                0x0000000000000250       0x58 Drivers/STM32F0xx_HAL_Driver/Src/stm32f0xx_hal_gpio.o
 .debug_aranges
                0x00000000000002a8       0x80 Drivers/STM32F0xx_HAL_Driver/Src/stm32f0xx_hal_rcc.o
 .debug_aranges
                0x0000000000000328       0x30 Drivers/STM32F0xx_HAL_Driver/Src/stm32f0xx_hal_rcc_ex.o
 .debug_aranges
                0x0000000000000358      0x1d8 Drivers/STM32F0xx_HAL_Driver/Src/stm32f0xx_hal_spi.o
 .debug_aranges
                0x0000000000000530      0x1d8 Drivers/STM32F0xx_HAL_Driver/Src/stm32f0xx_hal_uart.o
 .debug_aranges
                0x0000000000000708       0x20 Src/CH395.o
 .debug_aranges
                0x0000000000000728      0x1f8 Src/CH395CMD.o
 .debug_aranges
                0x0000000000000920       0x38 Src/CH395SPI_HW.o
 .debug_aranges
                0x0000000000000958       0x20 Src/Delay.o
 .debug_aranges
                0x0000000000000978       0x38 Src/FS.o
 .debug_aranges
                0x00000000000009b0       0x28 Src/Flash_EEPROM.o
 .debug_aranges
                0x00000000000009d8       0x50 Src/HTTPResponders.o
 .debug_aranges
                0x0000000000000a28       0x80 Src/HTTPServer.o
 .debug_aranges
                0x0000000000000aa8       0x68 Src/main.o
 .debug_aranges
                0x0000000000000b10       0x40 Src/stm32f0xx_hal_msp.o
 .debug_aranges
                0x0000000000000b50       0x48 Src/stm32f0xx_it.o
 .debug_aranges
                0x0000000000000b98       0x28 Src/system_stm32f0xx.o
 .debug_aranges
                0x0000000000000bc0       0x28 Startup/startup_stm32f030f4px.o

.debug_ranges   0x0000000000000000      0xc10
 .debug_ranges  0x0000000000000000       0xa8 Drivers/STM32F0xx_HAL_Driver/Src/stm32f0xx_hal.o
 .debug_ranges  0x00000000000000a8       0xb0 Drivers/STM32F0xx_HAL_Driver/Src/stm32f0xx_hal_cortex.o
 .debug_ranges  0x0000000000000158       0x78 Drivers/STM32F0xx_HAL_Driver/Src/stm32f0xx_hal_flash.o
 .debug_ranges  0x00000000000001d0       0x88 Drivers/STM32F0xx_HAL_Driver/Src/stm32f0xx_hal_flash_ex.o
 .debug_ranges  0x0000000000000258       0x48 Drivers/STM32F0xx_HAL_Driver/Src/stm32f0xx_hal_gpio.o
 .debug_ranges  0x00000000000002a0       0x88 Drivers/STM32F0xx_HAL_Driver/Src/stm32f0xx_hal_rcc.o
 .debug_ranges  0x0000000000000328       0x38 Drivers/STM32F0xx_HAL_Driver/Src/stm32f0xx_hal_rcc_ex.o
 .debug_ranges  0x0000000000000360      0x1c8 Drivers/STM32F0xx_HAL_Driver/Src/stm32f0xx_hal_spi.o
 .debug_ranges  0x0000000000000528      0x1c8 Drivers/STM32F0xx_HAL_Driver/Src/stm32f0xx_hal_uart.o
 .debug_ranges  0x00000000000006f0       0x10 Src/CH395.o
 .debug_ranges  0x0000000000000700      0x1e8 Src/CH395CMD.o
 .debug_ranges  0x00000000000008e8       0x28 Src/CH395SPI_HW.o
 .debug_ranges  0x0000000000000910       0x10 Src/Delay.o
 .debug_ranges  0x0000000000000920       0x70 Src/FS.o
 .debug_ranges  0x0000000000000990       0x18 Src/Flash_EEPROM.o
 .debug_ranges  0x00000000000009a8       0x58 Src/HTTPResponders.o
 .debug_ranges  0x0000000000000a00       0xd0 Src/HTTPServer.o
 .debug_ranges  0x0000000000000ad0       0xa0 Src/main.o
 .debug_ranges  0x0000000000000b70       0x30 Src/stm32f0xx_hal_msp.o
 .debug_ranges  0x0000000000000ba0       0x38 Src/stm32f0xx_it.o
 .debug_ranges  0x0000000000000bd8       0x18 Src/system_stm32f0xx.o
 .debug_ranges  0x0000000000000bf0       0x20 Startup/startup_stm32f030f4px.o

.debug_macro    0x0000000000000000     0xfdce
 .debug_macro   0x0000000000000000      0x32a Drivers/STM32F0xx_HAL_Driver/Src/stm32f0xx_hal.o
 .debug_macro   0x000000000000032a      0xa48 Drivers/STM32F0xx_HAL_Driver/Src/stm32f0xx_hal.o
 .debug_macro   0x0000000000000d72       0xb1 Drivers/STM32F0xx_HAL_Driver/Src/stm32f0xx_hal.o
 .debug_macro   0x0000000000000e23       0x2e Drivers/STM32F0xx_HAL_Driver/Src/stm32f0xx_hal.o
 .debug_macro   0x0000000000000e51       0x22 Drivers/STM32F0xx_HAL_Driver/Src/stm32f0xx_hal.o
 .debug_macro   0x0000000000000e73       0x22 Drivers/STM32F0xx_HAL_Driver/Src/stm32f0xx_hal.o
 .debug_macro   0x0000000000000e95       0x8e Drivers/STM32F0xx_HAL_Driver/Src/stm32f0xx_hal.o
 .debug_macro   0x0000000000000f23       0x51 Drivers/STM32F0xx_HAL_Driver/Src/stm32f0xx_hal.o
 .debug_macro   0x0000000000000f74       0xef Drivers/STM32F0xx_HAL_Driver/Src/stm32f0xx_hal.o
 .debug_macro   0x0000000000001063       0x6a Drivers/STM32F0xx_HAL_Driver/Src/stm32f0xx_hal.o
 .debug_macro   0x00000000000010cd      0x1df Drivers/STM32F0xx_HAL_Driver/Src/stm32f0xx_hal.o
 .debug_macro   0x00000000000012ac       0x34 Drivers/STM32F0xx_HAL_Driver/Src/stm32f0xx_hal.o
 .debug_macro   0x00000000000012e0       0x26 Drivers/STM32F0xx_HAL_Driver/Src/stm32f0xx_hal.o
 .debug_macro   0x0000000000001306      0x30d Drivers/STM32F0xx_HAL_Driver/Src/stm32f0xx_hal.o
 .debug_macro   0x0000000000001613     0x6ed0 Drivers/STM32F0xx_HAL_Driver/Src/stm32f0xx_hal.o
 .debug_macro   0x00000000000084e3       0x3c Drivers/STM32F0xx_HAL_Driver/Src/stm32f0xx_hal.o
 .debug_macro   0x000000000000851f       0x46 Drivers/STM32F0xx_HAL_Driver/Src/stm32f0xx_hal.o
 .debug_macro   0x0000000000008565       0x18 Drivers/STM32F0xx_HAL_Driver/Src/stm32f0xx_hal.o
 .debug_macro   0x000000000000857d       0x3c Drivers/STM32F0xx_HAL_Driver/Src/stm32f0xx_hal.o
 .debug_macro   0x00000000000085b9       0x34 Drivers/STM32F0xx_HAL_Driver/Src/stm32f0xx_hal.o
 .debug_macro   0x00000000000085ed       0x16 Drivers/STM32F0xx_HAL_Driver/Src/stm32f0xx_hal.o
 .debug_macro   0x0000000000008603       0x97 Drivers/STM32F0xx_HAL_Driver/Src/stm32f0xx_hal.o
 .debug_macro   0x000000000000869a      0x330 Drivers/STM32F0xx_HAL_Driver/Src/stm32f0xx_hal.o
 .debug_macro   0x00000000000089ca       0xfd Drivers/STM32F0xx_HAL_Driver/Src/stm32f0xx_hal.o
 .debug_macro   0x0000000000008ac7       0x10 Drivers/STM32F0xx_HAL_Driver/Src/stm32f0xx_hal.o
 .debug_macro   0x0000000000008ad7       0x52 Drivers/STM32F0xx_HAL_Driver/Src/stm32f0xx_hal.o
 .debug_macro   0x0000000000008b29       0x1f Drivers/STM32F0xx_HAL_Driver/Src/stm32f0xx_hal.o
 .debug_macro   0x0000000000008b48       0x43 Drivers/STM32F0xx_HAL_Driver/Src/stm32f0xx_hal.o
 .debug_macro   0x0000000000008b8b       0x20 Drivers/STM32F0xx_HAL_Driver/Src/stm32f0xx_hal.o
 .debug_macro   0x0000000000008bab      0x1a3 Drivers/STM32F0xx_HAL_Driver/Src/stm32f0xx_hal.o
 .debug_macro   0x0000000000008d4e       0x10 Drivers/STM32F0xx_HAL_Driver/Src/stm32f0xx_hal.o
 .debug_macro   0x0000000000008d5e       0x1c Drivers/STM32F0xx_HAL_Driver/Src/stm32f0xx_hal.o
 .debug_macro   0x0000000000008d7a       0x52 Drivers/STM32F0xx_HAL_Driver/Src/stm32f0xx_hal.o
 .debug_macro   0x0000000000008dcc       0x40 Drivers/STM32F0xx_HAL_Driver/Src/stm32f0xx_hal.o
 .debug_macro   0x0000000000008e0c       0x10 Drivers/STM32F0xx_HAL_Driver/Src/stm32f0xx_hal.o
 .debug_macro   0x0000000000008e1c       0x40 Drivers/STM32F0xx_HAL_Driver/Src/stm32f0xx_hal.o
 .debug_macro   0x0000000000008e5c       0xd7 Drivers/STM32F0xx_HAL_Driver/Src/stm32f0xx_hal.o
 .debug_macro   0x0000000000008f33       0x1c Drivers/STM32F0xx_HAL_Driver/Src/stm32f0xx_hal.o
 .debug_macro   0x0000000000008f4f       0x3d Drivers/STM32F0xx_HAL_Driver/Src/stm32f0xx_hal.o
 .debug_macro   0x0000000000008f8c       0x16 Drivers/STM32F0xx_HAL_Driver/Src/stm32f0xx_hal.o
 .debug_macro   0x0000000000008fa2      0x145 Drivers/STM32F0xx_HAL_Driver/Src/stm32f0xx_hal.o
 .debug_macro   0x00000000000090e7       0x50 Drivers/STM32F0xx_HAL_Driver/Src/stm32f0xx_hal.o
 .debug_macro   0x0000000000009137      0x92f Drivers/STM32F0xx_HAL_Driver/Src/stm32f0xx_hal.o
 .debug_macro   0x0000000000009a66       0xe5 Drivers/STM32F0xx_HAL_Driver/Src/stm32f0xx_hal.o
 .debug_macro   0x0000000000009b4b      0x13a Drivers/STM32F0xx_HAL_Driver/Src/stm32f0xx_hal.o
 .debug_macro   0x0000000000009c85       0xb3 Drivers/STM32F0xx_HAL_Driver/Src/stm32f0xx_hal.o
 .debug_macro   0x0000000000009d38      0x1ed Drivers/STM32F0xx_HAL_Driver/Src/stm32f0xx_hal.o
 .debug_macro   0x0000000000009f25       0x34 Drivers/STM32F0xx_HAL_Driver/Src/stm32f0xx_hal.o
 .debug_macro   0x0000000000009f59       0x43 Drivers/STM32F0xx_HAL_Driver/Src/stm32f0xx_hal.o
 .debug_macro   0x0000000000009f9c       0x28 Drivers/STM32F0xx_HAL_Driver/Src/stm32f0xx_hal.o
 .debug_macro   0x0000000000009fc4       0xb6 Drivers/STM32F0xx_HAL_Driver/Src/stm32f0xx_hal.o
 .debug_macro   0x000000000000a07a      0x15a Drivers/STM32F0xx_HAL_Driver/Src/stm32f0xx_hal.o
 .debug_macro   0x000000000000a1d4      0x202 Drivers/STM32F0xx_HAL_Driver/Src/stm32f0xx_hal.o
 .debug_macro   0x000000000000a3d6       0x61 Drivers/STM32F0xx_HAL_Driver/Src/stm32f0xx_hal.o
 .debug_macro   0x000000000000a437       0x90 Drivers/STM32F0xx_HAL_Driver/Src/stm32f0xx_hal.o
 .debug_macro   0x000000000000a4c7       0x4d Drivers/STM32F0xx_HAL_Driver/Src/stm32f0xx_hal.o
 .debug_macro   0x000000000000a514       0x2d Drivers/STM32F0xx_HAL_Driver/Src/stm32f0xx_hal.o
 .debug_macro   0x000000000000a541      0x2f0 Drivers/STM32F0xx_HAL_Driver/Src/stm32f0xx_hal.o
 .debug_macro   0x000000000000a831      0x37c Drivers/STM32F0xx_HAL_Driver/Src/stm32f0xx_hal.o
 .debug_macro   0x000000000000abad      0x156 Drivers/STM32F0xx_HAL_Driver/Src/stm32f0xx_hal.o
 .debug_macro   0x000000000000ad03       0xea Drivers/STM32F0xx_HAL_Driver/Src/stm32f0xx_hal.o
 .debug_macro   0x000000000000aded      0x306 Drivers/STM32F0xx_HAL_Driver/Src/stm32f0xx_hal_cortex.o
 .debug_macro   0x000000000000b0f3      0x306 Drivers/STM32F0xx_HAL_Driver/Src/stm32f0xx_hal_flash.o
 .debug_macro   0x000000000000b3f9      0x318 Drivers/STM32F0xx_HAL_Driver/Src/stm32f0xx_hal_flash_ex.o
 .debug_macro   0x000000000000b711      0x33e Drivers/STM32F0xx_HAL_Driver/Src/stm32f0xx_hal_gpio.o
 .debug_macro   0x000000000000ba4f      0x318 Drivers/STM32F0xx_HAL_Driver/Src/stm32f0xx_hal_rcc.o
 .debug_macro   0x000000000000bd67      0x306 Drivers/STM32F0xx_HAL_Driver/Src/stm32f0xx_hal_rcc_ex.o
 .debug_macro   0x000000000000c06d      0x30e Drivers/STM32F0xx_HAL_Driver/Src/stm32f0xx_hal_spi.o
 .debug_macro   0x000000000000c37b      0x30e Drivers/STM32F0xx_HAL_Driver/Src/stm32f0xx_hal_uart.o
 .debug_macro   0x000000000000c689      0x329 Src/CH395.o
 .debug_macro   0x000000000000c9b2      0x412 Src/CH395.o
 .debug_macro   0x000000000000cdc4       0x3a Src/CH395.o
 .debug_macro   0x000000000000cdfe      0x370 Src/CH395CMD.o
 .debug_macro   0x000000000000d16e      0x418 Src/CH395CMD.o
 .debug_macro   0x000000000000d586       0x22 Src/CH395CMD.o
 .debug_macro   0x000000000000d5a8       0x3a Src/CH395CMD.o
 .debug_macro   0x000000000000d5e2       0x9a Src/CH395CMD.o
 .debug_macro   0x000000000000d67c       0x10 Src/CH395CMD.o
 .debug_macro   0x000000000000d68c       0x1c Src/CH395CMD.o
 .debug_macro   0x000000000000d6a8      0x36a Src/CH395SPI_HW.o
 .debug_macro   0x000000000000da12      0x412 Src/CH395SPI_HW.o
 .debug_macro   0x000000000000de24      0x316 Src/Delay.o
 .debug_macro   0x000000000000e13a      0x136 Src/FS.o
 .debug_macro   0x000000000000e270       0x40 Src/FS.o
 .debug_macro   0x000000000000e2b0       0x94 Src/FS.o
 .debug_macro   0x000000000000e344      0x174 Src/FS.o
 .debug_macro   0x000000000000e4b8       0x57 Src/FS.o
 .debug_macro   0x000000000000e50f       0x10 Src/FS.o
 .debug_macro   0x000000000000e51f       0x35 Src/FS.o
 .debug_macro   0x000000000000e554       0x20 Src/FS.o
 .debug_macro   0x000000000000e574      0x392 Src/Flash_EEPROM.o
 .debug_macro   0x000000000000e906       0x16 Src/Flash_EEPROM.o
 .debug_macro   0x000000000000e91c      0x394 Src/HTTPResponders.o
 .debug_macro   0x000000000000ecb0       0x1c Src/HTTPResponders.o
 .debug_macro   0x000000000000eccc      0x3a3 Src/HTTPServer.o
 .debug_macro   0x000000000000f06f      0x39f Src/main.o
 .debug_macro   0x000000000000f40e      0x358 Src/stm32f0xx_hal_msp.o
 .debug_macro   0x000000000000f766      0x362 Src/stm32f0xx_it.o
 .debug_macro   0x000000000000fac8      0x306 Src/system_stm32f0xx.o

.debug_line     0x0000000000000000     0xdc4b
 .debug_line    0x0000000000000000      0x9bd Drivers/STM32F0xx_HAL_Driver/Src/stm32f0xx_hal.o
 .debug_line    0x00000000000009bd      0x9b6 Drivers/STM32F0xx_HAL_Driver/Src/stm32f0xx_hal_cortex.o
 .debug_line    0x0000000000001373      0xa19 Drivers/STM32F0xx_HAL_Driver/Src/stm32f0xx_hal_flash.o
 .debug_line    0x0000000000001d8c      0xa7a Drivers/STM32F0xx_HAL_Driver/Src/stm32f0xx_hal_flash_ex.o
 .debug_line    0x0000000000002806      0x99a Drivers/STM32F0xx_HAL_Driver/Src/stm32f0xx_hal_gpio.o
 .debug_line    0x00000000000031a0      0xacf Drivers/STM32F0xx_HAL_Driver/Src/stm32f0xx_hal_rcc.o
 .debug_line    0x0000000000003c6f      0x92c Drivers/STM32F0xx_HAL_Driver/Src/stm32f0xx_hal_rcc_ex.o
 .debug_line    0x000000000000459b     0x1383 Drivers/STM32F0xx_HAL_Driver/Src/stm32f0xx_hal_spi.o
 .debug_line    0x000000000000591e     0x11fb Drivers/STM32F0xx_HAL_Driver/Src/stm32f0xx_hal_uart.o
 .debug_line    0x0000000000006b19      0x883 Src/CH395.o
 .debug_line    0x000000000000739c      0xebc Src/CH395CMD.o
 .debug_line    0x0000000000008258      0x8d2 Src/CH395SPI_HW.o
 .debug_line    0x0000000000008b2a      0x84c Src/Delay.o
 .debug_line    0x0000000000009376      0x561 Src/FS.o
 .debug_line    0x00000000000098d7      0x917 Src/Flash_EEPROM.o
 .debug_line    0x000000000000a1ee      0x987 Src/HTTPResponders.o
 .debug_line    0x000000000000ab75      0xb5e Src/HTTPServer.o
 .debug_line    0x000000000000b6d3      0xa91 Src/main.o
 .debug_line    0x000000000000c164      0x903 Src/stm32f0xx_hal_msp.o
 .debug_line    0x000000000000ca67      0x8e9 Src/stm32f0xx_it.o
 .debug_line    0x000000000000d350      0x876 Src/system_stm32f0xx.o
 .debug_line    0x000000000000dbc6       0x85 Startup/startup_stm32f030f4px.o

.debug_str      0x0000000000000000    0x4576e
 .debug_str     0x0000000000000000    0x41540 Drivers/STM32F0xx_HAL_Driver/Src/stm32f0xx_hal.o
                                      0x4180b (size before relaxing)
 .debug_str     0x0000000000041540      0x1f8 Drivers/STM32F0xx_HAL_Driver/Src/stm32f0xx_hal_cortex.o
                                      0x416b9 (size before relaxing)
 .debug_str     0x0000000000041738      0x2c3 Drivers/STM32F0xx_HAL_Driver/Src/stm32f0xx_hal_flash.o
                                      0x41615 (size before relaxing)
 .debug_str     0x00000000000419fb      0x2f0 Drivers/STM32F0xx_HAL_Driver/Src/stm32f0xx_hal_flash_ex.o
                                      0x41767 (size before relaxing)
 .debug_str     0x0000000000041ceb      0x289 Drivers/STM32F0xx_HAL_Driver/Src/stm32f0xx_hal_gpio.o
                                      0x415e0 (size before relaxing)
 .debug_str     0x0000000000041f74      0x331 Drivers/STM32F0xx_HAL_Driver/Src/stm32f0xx_hal_rcc.o
                                      0x41744 (size before relaxing)
 .debug_str     0x00000000000422a5      0x127 Drivers/STM32F0xx_HAL_Driver/Src/stm32f0xx_hal_rcc_ex.o
                                      0x414b3 (size before relaxing)
 .debug_str     0x00000000000423cc      0x8f1 Drivers/STM32F0xx_HAL_Driver/Src/stm32f0xx_hal_spi.o
                                      0x41c73 (size before relaxing)
 .debug_str     0x0000000000042cbd      0x878 Drivers/STM32F0xx_HAL_Driver/Src/stm32f0xx_hal_uart.o
                                      0x41eda (size before relaxing)
 .debug_str     0x0000000000043535      0xf38 Src/CH395.o
                                      0x421e5 (size before relaxing)
 .debug_str     0x000000000004446d      0xb14 Src/CH395CMD.o
                                      0x42d91 (size before relaxing)
 .debug_str     0x0000000000044f81       0x39 Src/CH395SPI_HW.o
                                      0x42be5 (size before relaxing)
 .debug_str     0x0000000000044fba        0xf Src/Delay.o
                                      0x412ef (size before relaxing)
 .debug_str     0x0000000000044fc9       0xca Src/FS.o
                                       0x6f09 (size before relaxing)
 .debug_str     0x0000000000045093       0xaa Src/Flash_EEPROM.o
                                      0x42818 (size before relaxing)
 .debug_str     0x000000000004513d       0xf3 Src/HTTPResponders.o
                                      0x4281c (size before relaxing)
 .debug_str     0x0000000000045230      0x2bf Src/HTTPServer.o
                                      0x42afb (size before relaxing)
 .debug_str     0x00000000000454ef      0x155 Src/main.o
                                      0x4349b (size before relaxing)
 .debug_str     0x0000000000045644       0x1b Src/stm32f0xx_hal_msp.o
                                      0x42d93 (size before relaxing)
 .debug_str     0x000000000004565f       0x84 Src/stm32f0xx_it.o
                                      0x42744 (size before relaxing)
 .debug_str     0x00000000000456e3       0x5a Src/system_stm32f0xx.o
                                      0x41339 (size before relaxing)
 .debug_str     0x000000000004573d       0x31 Startup/startup_stm32f030f4px.o
                                         0x76 (size before relaxing)

.comment        0x0000000000000000       0x7b
 .comment       0x0000000000000000       0x7b Drivers/STM32F0xx_HAL_Driver/Src/stm32f0xx_hal.o
                                         0x7c (size before relaxing)
 .comment       0x000000000000007b       0x7c Drivers/STM32F0xx_HAL_Driver/Src/stm32f0xx_hal_cortex.o
 .comment       0x000000000000007b       0x7c Drivers/STM32F0xx_HAL_Driver/Src/stm32f0xx_hal_flash.o
 .comment       0x000000000000007b       0x7c Drivers/STM32F0xx_HAL_Driver/Src/stm32f0xx_hal_flash_ex.o
 .comment       0x000000000000007b       0x7c Drivers/STM32F0xx_HAL_Driver/Src/stm32f0xx_hal_gpio.o
 .comment       0x000000000000007b       0x7c Drivers/STM32F0xx_HAL_Driver/Src/stm32f0xx_hal_rcc.o
 .comment       0x000000000000007b       0x7c Drivers/STM32F0xx_HAL_Driver/Src/stm32f0xx_hal_rcc_ex.o
 .comment       0x000000000000007b       0x7c Drivers/STM32F0xx_HAL_Driver/Src/stm32f0xx_hal_spi.o
 .comment       0x000000000000007b       0x7c Drivers/STM32F0xx_HAL_Driver/Src/stm32f0xx_hal_uart.o
 .comment       0x000000000000007b       0x7c Src/CH395.o
 .comment       0x000000000000007b       0x7c Src/CH395CMD.o
 .comment       0x000000000000007b       0x7c Src/CH395SPI_HW.o
 .comment       0x000000000000007b       0x7c Src/Delay.o
 .comment       0x000000000000007b       0x7c Src/FS.o
 .comment       0x000000000000007b       0x7c Src/Flash_EEPROM.o
 .comment       0x000000000000007b       0x7c Src/HTTPResponders.o
 .comment       0x000000000000007b       0x7c Src/HTTPServer.o
 .comment       0x000000000000007b       0x7c Src/main.o
 .comment       0x000000000000007b       0x7c Src/stm32f0xx_hal_msp.o
 .comment       0x000000000000007b       0x7c Src/stm32f0xx_it.o
 .comment       0x000000000000007b       0x7c Src/system_stm32f0xx.o

.debug_frame    0x0000000000000000     0x2134
 .debug_frame   0x0000000000000000      0x174 Drivers/STM32F0xx_HAL_Driver/Src/stm32f0xx_hal.o
 .debug_frame   0x0000000000000174       0xe4 Drivers/STM32F0xx_HAL_Driver/Src/stm32f0xx_hal_cortex.o
 .debug_frame   0x0000000000000258      0x140 Drivers/STM32F0xx_HAL_Driver/Src/stm32f0xx_hal_flash.o
 .debug_frame   0x0000000000000398      0x178 Drivers/STM32F0xx_HAL_Driver/Src/stm32f0xx_hal_flash_ex.o
 .debug_frame   0x0000000000000510       0xcc Drivers/STM32F0xx_HAL_Driver/Src/stm32f0xx_hal_gpio.o
 .debug_frame   0x00000000000005dc      0x130 Drivers/STM32F0xx_HAL_Driver/Src/stm32f0xx_hal_rcc.o
 .debug_frame   0x000000000000070c       0x58 Drivers/STM32F0xx_HAL_Driver/Src/stm32f0xx_hal_rcc_ex.o
 .debug_frame   0x0000000000000764      0x574 Drivers/STM32F0xx_HAL_Driver/Src/stm32f0xx_hal_spi.o
 .debug_frame   0x0000000000000cd8      0x4f0 Drivers/STM32F0xx_HAL_Driver/Src/stm32f0xx_hal_uart.o
 .debug_frame   0x00000000000011c8       0x2c Src/CH395.o
 .debug_frame   0x00000000000011f4      0x634 Src/CH395CMD.o
 .debug_frame   0x0000000000001828       0x78 Src/CH395SPI_HW.o
 .debug_frame   0x00000000000018a0       0x20 Src/Delay.o
 .debug_frame   0x00000000000018c0       0x90 Src/FS.o
 .debug_frame   0x0000000000001950       0x40 Src/Flash_EEPROM.o
 .debug_frame   0x0000000000001990       0xd0 Src/HTTPResponders.o
 .debug_frame   0x0000000000001a60      0x188 Src/HTTPServer.o
 .debug_frame   0x0000000000001be8      0x128 Src/main.o
 .debug_frame   0x0000000000001d10       0x8c Src/stm32f0xx_hal_msp.o
 .debug_frame   0x0000000000001d9c       0x80 Src/stm32f0xx_it.o
 .debug_frame   0x0000000000001e1c       0x38 Src/system_stm32f0xx.o
 .debug_frame   0x0000000000001e54       0x2c c:/st/stm32cubeide_1.0.0/stm32cubeide/plugins/com.st.stm32cube.ide.mcu.externaltools.gnu-tools-for-stm32.7-2018-q2-update.win32_1.0.0.201904181610/tools/bin/../lib/gcc/arm-none-eabi/7.3.1/../../../../arm-none-eabi/lib/thumb/v6-m\libc_nano.a(lib_a-init.o)
 .debug_frame   0x0000000000001e80       0x28 c:/st/stm32cubeide_1.0.0/stm32cubeide/plugins/com.st.stm32cube.ide.mcu.externaltools.gnu-tools-for-stm32.7-2018-q2-update.win32_1.0.0.201904181610/tools/bin/../lib/gcc/arm-none-eabi/7.3.1/../../../../arm-none-eabi/lib/thumb/v6-m\libc_nano.a(lib_a-memcpy-stub.o)
 .debug_frame   0x0000000000001ea8       0x20 c:/st/stm32cubeide_1.0.0/stm32cubeide/plugins/com.st.stm32cube.ide.mcu.externaltools.gnu-tools-for-stm32.7-2018-q2-update.win32_1.0.0.201904181610/tools/bin/../lib/gcc/arm-none-eabi/7.3.1/../../../../arm-none-eabi/lib/thumb/v6-m\libc_nano.a(lib_a-memset.o)
 .debug_frame   0x0000000000001ec8       0x28 c:/st/stm32cubeide_1.0.0/stm32cubeide/plugins/com.st.stm32cube.ide.mcu.externaltools.gnu-tools-for-stm32.7-2018-q2-update.win32_1.0.0.201904181610/tools/bin/../lib/gcc/arm-none-eabi/7.3.1/../../../../arm-none-eabi/lib/thumb/v6-m\libc_nano.a(lib_a-strcat.o)
 .debug_frame   0x0000000000001ef0       0x20 c:/st/stm32cubeide_1.0.0/stm32cubeide/plugins/com.st.stm32cube.ide.mcu.externaltools.gnu-tools-for-stm32.7-2018-q2-update.win32_1.0.0.201904181610/tools/bin/../lib/gcc/arm-none-eabi/7.3.1/../../../../arm-none-eabi/lib/thumb/v6-m\libc_nano.a(lib_a-strchr.o)
 .debug_frame   0x0000000000001f10       0x20 c:/st/stm32cubeide_1.0.0/stm32cubeide/plugins/com.st.stm32cube.ide.mcu.externaltools.gnu-tools-for-stm32.7-2018-q2-update.win32_1.0.0.201904181610/tools/bin/../lib/gcc/arm-none-eabi/7.3.1/../../../../arm-none-eabi/lib/thumb/v6-m\libc_nano.a(lib_a-strcmp.o)
 .debug_frame   0x0000000000001f30       0x20 c:/st/stm32cubeide_1.0.0/stm32cubeide/plugins/com.st.stm32cube.ide.mcu.externaltools.gnu-tools-for-stm32.7-2018-q2-update.win32_1.0.0.201904181610/tools/bin/../lib/gcc/arm-none-eabi/7.3.1/../../../../arm-none-eabi/lib/thumb/v6-m\libc_nano.a(lib_a-strcpy.o)
 .debug_frame   0x0000000000001f50       0x30 c:/st/stm32cubeide_1.0.0/stm32cubeide/plugins/com.st.stm32cube.ide.mcu.externaltools.gnu-tools-for-stm32.7-2018-q2-update.win32_1.0.0.201904181610/tools/bin/../lib/gcc/arm-none-eabi/7.3.1/../../../../arm-none-eabi/lib/thumb/v6-m\libc_nano.a(lib_a-strncat.o)
 .debug_frame   0x0000000000001f80       0x2c c:/st/stm32cubeide_1.0.0/stm32cubeide/plugins/com.st.stm32cube.ide.mcu.externaltools.gnu-tools-for-stm32.7-2018-q2-update.win32_1.0.0.201904181610/tools/bin/../lib/gcc/arm-none-eabi/7.3.1/../../../../arm-none-eabi/lib/thumb/v6-m\libc_nano.a(lib_a-strncmp.o)
 .debug_frame   0x0000000000001fac       0x2c c:/st/stm32cubeide_1.0.0/stm32cubeide/plugins/com.st.stm32cube.ide.mcu.externaltools.gnu-tools-for-stm32.7-2018-q2-update.win32_1.0.0.201904181610/tools/bin/../lib/gcc/arm-none-eabi/7.3.1/../../../../arm-none-eabi/lib/thumb/v6-m\libc_nano.a(lib_a-strncpy.o)
 .debug_frame   0x0000000000001fd8       0x2c c:/st/stm32cubeide_1.0.0/stm32cubeide/plugins/com.st.stm32cube.ide.mcu.externaltools.gnu-tools-for-stm32.7-2018-q2-update.win32_1.0.0.201904181610/tools/bin/../lib/gcc/arm-none-eabi/7.3.1/../../../../arm-none-eabi/lib/thumb/v6-m\libc_nano.a(lib_a-strnstr.o)
 .debug_frame   0x0000000000002004       0x28 c:/st/stm32cubeide_1.0.0/stm32cubeide/plugins/com.st.stm32cube.ide.mcu.externaltools.gnu-tools-for-stm32.7-2018-q2-update.win32_1.0.0.201904181610/tools/bin/../lib/gcc/arm-none-eabi/7.3.1/../../../../arm-none-eabi/lib/thumb/v6-m\libc_nano.a(lib_a-strstr.o)
 .debug_frame   0x000000000000202c       0x48 c:/st/stm32cubeide_1.0.0/stm32cubeide/plugins/com.st.stm32cube.ide.mcu.externaltools.gnu-tools-for-stm32.7-2018-q2-update.win32_1.0.0.201904181610/tools/bin/../lib/gcc/arm-none-eabi/7.3.1/../../../../arm-none-eabi/lib/thumb/v6-m\libc_nano.a(lib_a-strtok_r.o)
 .debug_frame   0x0000000000002074       0x20 c:/st/stm32cubeide_1.0.0/stm32cubeide/plugins/com.st.stm32cube.ide.mcu.externaltools.gnu-tools-for-stm32.7-2018-q2-update.win32_1.0.0.201904181610/tools/bin/../lib/gcc/arm-none-eabi/7.3.1/../../../../arm-none-eabi/lib/thumb/v6-m\libc_nano.a(lib_a-memchr-stub.o)
 .debug_frame   0x0000000000002094       0x34 c:/st/stm32cubeide_1.0.0/stm32cubeide/plugins/com.st.stm32cube.ide.mcu.externaltools.gnu-tools-for-stm32.7-2018-q2-update.win32_1.0.0.201904181610/tools/bin/../lib/gcc/arm-none-eabi/7.3.1/../../../../arm-none-eabi/lib/thumb/v6-m\libc_nano.a(lib_a-memmem.o)
 .debug_frame   0x00000000000020c8       0x20 c:/st/stm32cubeide_1.0.0/stm32cubeide/plugins/com.st.stm32cube.ide.mcu.externaltools.gnu-tools-for-stm32.7-2018-q2-update.win32_1.0.0.201904181610/tools/bin/../lib/gcc/arm-none-eabi/7.3.1/../../../../arm-none-eabi/lib/thumb/v6-m\libc_nano.a(lib_a-strnlen.o)
 .debug_frame   0x00000000000020e8       0x2c c:/st/stm32cubeide_1.0.0/stm32cubeide/plugins/com.st.stm32cube.ide.mcu.externaltools.gnu-tools-for-stm32.7-2018-q2-update.win32_1.0.0.201904181610/tools/bin/../lib/gcc/arm-none-eabi/7.3.1/../../../../arm-none-eabi/lib/thumb/v6-m\libc_nano.a(lib_a-memcmp.o)
 .debug_frame   0x0000000000002114       0x20 c:/st/stm32cubeide_1.0.0/stm32cubeide/plugins/com.st.stm32cube.ide.mcu.externaltools.gnu-tools-for-stm32.7-2018-q2-update.win32_1.0.0.201904181610/tools/bin/../lib/gcc/arm-none-eabi/7.3.1/thumb/v6-m\libgcc.a(_udivsi3.o)
