CH395CMD.c:23:6:CH395CMDReset	8	static
CH395CMD.c:36:6:CH395CMDSleep	8	static
CH395CMD.c:50:9:CH395CMDGetVer	24	static
CH395CMD.c:66:9:CH395CMDCheckExist	32	static
CH395CMD.c:84:6:CH395CMDSetPHY	16	static
CH395CMD.c:98:9:CH395CMDGetPHYStatus	24	static
CH395CMD.c:115:9:CH395CMDGetGlobIntStatus	24	static
CH395CMD.c:132:9:CH395CMDInitCH395	24	static
CH395CMD.c:156:6:CH395CMDSetUartBaudRate	16	static
CH395CMD.c:173:9:CH395GetCmdStatus	24	static
CH395CMD.c:190:6:CH395CMDSetIPAddr	24	static
CH395CMD.c:206:6:CH395CMDSetGWIPAddr	24	static
CH395CMD.c:222:6:CH395CMDSetMASKAddr	24	static
CH395CMD.c:238:6:CH395CMDSetMACAddr	24	static
CH395CMD.c:255:6:CH395CMDGetMACAddr	32	static
CH395CMD.c:273:6:CH395CMDSetMACFilt	32	static
CH395CMD.c:300:6:CH395CMDGetUnreachIPPT	32	static
CH395CMD.c:320:6:CH395CMDGetRemoteIPP	32	static
CH395CMD.c:341:6:CH395SetSocketDesIP	16	static
CH395CMD.c:360:6:CH395SetSocketProtType	16	static
CH395CMD.c:377:6:CH395SetSocketDesPort	16	static
CH395CMD.c:394:6:CH395SetSocketSourPort	16	static
CH395CMD.c:411:6:CH395SetSocketIPRAWProto	16	static
CH395CMD.c:427:6:CH395EnablePing	16	static
CH395CMD.c:444:6:CH395SendData	24	static
CH395CMD.c:466:6:CH395StartSendingData	16	static
CH395CMD.c:475:6:CH395ContinueSendingData	24	static
CH395CMD.c:484:6:CH395Complete	8	static
CH395CMD.c:495:10:CH395GetRecvLength	32	static
CH395CMD.c:514:6:CH395ClearRecvBuf	16	static
CH395CMD.c:530:6:CH395GetRecvData	24	static
CH395CMD.c:554:6:CH395CMDSetRetryCount	16	static
CH395CMD.c:568:6:CH395CMDSetRetryPeriod	16	static
CH395CMD.c:584:6:CH395CMDGetSocketStatus	24	static
CH395CMD.c:600:10:CH395OpenSocket	32	static
CH395CMD.c:624:10:CH395CloseSocket	32	static
CH395CMD.c:648:9:CH395TCPConnect	32	static
CH395CMD.c:672:9:CH395TCPListen	32	static
CH395CMD.c:696:9:CH395TCPDisconnect	32	static
CH395CMD.c:720:9:CH395GetSocketInt	32	static
CH395CMD.c:738:9:CH395CRCRet6Bit	40	static
CH395CMD.c:765:10:CH395DHCPEnable	32	static
CH395CMD.c:789:9:CH395GetDHCPStatus	24	static
CH395CMD.c:805:6:CH395GetIPInf	32	static
CH395CMD.c:824:6:CH395WriteGPIOAddr	16	static
CH395CMD.c:838:9:CH395ReadGPIOAddr	32	static
CH395CMD.c:855:9:CH395EEPROMErase	24	static
CH395CMD.c:878:9:CH395EEPROMWrite	32	static
CH395CMD.c:905:6:CH395EEPROMRead	24	static
CH395CMD.c:922:6:CH395SetTCPMss	16	static
CH395CMD.c:938:6:CH395SetSocketRecvBuf	24	static
CH395CMD.c:955:6:CH395SetSocketSendBuf	24	static
CH395CMD.c:974:6:CH395UDPSendTo	32	static
CH395CMD.c:988:6:CH395SetStartPara	16	static
CH395CMD.c:1004:10:CH395CMDGetGlobIntStatus_ALL	16	static
CH395CMD.c:1023:6:CH395SetKeepLive	16	static
CH395CMD.c:1037:6:CH395KeepLiveCNT	16	static
CH395CMD.c:1050:6:CH395KeepLiveIDLE	16	static
CH395CMD.c:1066:6:CH395KeepLiveINTVL	16	static
CH395CMD.c:1083:6:CH395SetTTLNum	16	static
