main.c:156:5:main	104	static,ignoring_inline_asm
main.c:456:6:SystemClock_Config	80	static
main.c:496:13:MX_IWDG_Init	8	static
main.c:525:13:MX_SPI1_Init	8	static
main.c:565:13:MX_TIM6_Init	8	static
main.c:595:13:MX_USART2_UART_Init	8	static
main.c:628:13:MX_DMA_Init	16	static
main.c:646:13:MX_GPIO_Init	48	static
main.c:722:6:reset_CH395	16	static
main.c:770:6:interrupt_CH395	144	static
main.c:1091:13:check_conflict	32	static
main.c:1117:8:switch_Antenna	48	static
main.c:1173:6:get_Antenna_real_BCDs	40	static
main.c:1201:6:display_IP	32	static
main.c:1233:6:HAL_TIM_PeriodElapsedCallback	32	static
main.c:1303:6:Error_Handler	8	static
