main.c:146:5:main	48	static
main.c:348:6:SystemClock_Config	80	static
main.c:387:13:MX_IWDG_Init	8	static
main.c:416:13:MX_SPI1_Init	8	static
main.c:456:13:MX_TIM6_Init	8	static
main.c:486:13:MX_USART2_UART_Init	8	static
main.c:519:13:MX_DMA_Init	16	static
main.c:537:13:MX_GPIO_Init	48	static
main.c:603:6:reset_CH395	16	static
main.c:645:6:interrupt_CH395	128	static
main.c:854:13:check_conflict	32	static
main.c:881:8:switch_Antenna	48	static
main.c:931:6:get_Antenna_real_BCDs	40	static
main.c:959:6:display_IP	32	static
main.c:991:6:HAL_TIM_PeriodElapsedCallback	32	static
main.c:1061:6:Error_Handler	8	static
