HTTPServer.c:51:6:resetHTTPParseState	0	static
HTTPServer.c:63:13:HTTPGetContentType	24	static
HTTPServer.c:217:6:HTTPredirect	32	static
HTTPServer.c:377:8:getNextSock	12	static
HTTPServer.c:390:6:HTTPclose	0	static
HTTPServer.c:398:7:strsepstr	24	static
HTTPServer.c:418:6:parse_http	56	static
HTTPServer.c:548:13:getHTTPArg	20	static
HTTPServer.c:576:9:atou8	8	static
HTTPServer.c:593:10:atou16	8	static
HTTPServer.c:611:9:u16toa	24	static
HTTPServer.c:88:6:HTTPSendFile	64	static
HTTPServer.c:162:6:HTTPSendStr	24	static
HTTPServer.c:254:6:HTTPonNotFound	136	static
HTTPServer.c:288:6:HTTPHandle	40	static
HTTPServer.c:632:7:strcpy_f	0	static
HTTPServer.c:644:7:strncpy_f	8	static
HTTPServer.c:657:9:IPv4_to_s	40	static
