HTTPServer.c:51:6:resetHTTPParseState	0	static
HTTPServer.c:63:13:HTTPGetContentType	24	static
HTTPServer.c:217:6:HTTPredirect	32	static
HTTPServer.c:367:8:getNextSock	12	static
HTTPServer.c:379:6:HTTPclose	8	static
HTTPServer.c:387:7:strsepstr	24	static
HTTPServer.c:407:6:parse_http	56	static
HTTPServer.c:537:13:getHTTPArg	20	static
HTTPServer.c:565:9:atou8	8	static
HTTPServer.c:582:9:u16toa	24	static
HTTPServer.c:88:6:HTTPSendFile	64	static
HTTPServer.c:162:6:HTTPSendStr	24	static
HTTPServer.c:254:6:HTTPonNotFound	136	static
HTTPServer.c:288:6:HTTPHandle	56	static
HTTPServer.c:603:7:strcpy_f	0	static
HTTPServer.c:615:7:strncpy_f	8	static
HTTPServer.c:628:9:IPv4_to_s	40	static
