HTTPResponders.c:37:6:onSwitch	32	static
HTTPResponders.c:18:6:onHome	16	static
HTTPResponders.c:127:6:onStatus	8	static
HTTPResponders.c:141:6:onReset	8	static
HTTPResponders.c:332:6:onGetPort	16	static
HTTPResponders.c:160:6:onSetLabel	32	static
HTTPResponders.c:209:6:onGetLabel	48	static
HTTPResponders.c:246:6:onSetPort	16	static
HTTPResponders.c:88:5:make_ant_alloc_str	16	static
HTTPResponders.c:107:6:onGetAlloc	16	static
HTTPResponders.c:366:5:make_socket_status_str	48	static
HTTPResponders.c:459:6:onGetSocket	16	static
