HTTPServer.c:52:6:resetHTTPParseState	8	static
HTTPServer.c:66:6:resetHTTPParseState_for_long_connection	0	static
HTTPServer.c:79:6:activateHTTPParseState	8	static
HTTPServer.c:84:13:HTTPGetContentType	24	static
HTTPServer.c:260:5:WSMakeStrOriginal	32	static
HTTPServer.c:279:6:WSSendStr	16	static
HTTPServer.c:339:6:HTTPredirect	24	static
HTTPServer.c:553:8:getNextSock	12	static
HTTPServer.c:566:6:HTTPclose	8	static
HTTPServer.c:578:6:HTTPclose_for_long_connection	0	static
HTTPServer.c:584:7:strsepstr	24	static
HTTPServer.c:606:6:parse_http	56	static
HTTPServer.c:780:13:getHTTPArg	20	static
HTTPServer.c:811:9:atou8	8	static
HTTPServer.c:828:10:atou16	8	static
HTTPServer.c:846:9:u16toa	24	static
HTTPServer.c:109:6:HTTPSendFile	64	static
HTTPServer.c:183:6:HTTPSendStr	24	static
HTTPServer.c:385:6:HTTPonNotFound	104	static
HTTPServer.c:291:5:HTTPSendWebSocketHandshakeResponse	24	static
HTTPServer.c:421:6:HTTPHandle	48	static
HTTPServer.c:867:7:strcpy_f	0	static
HTTPServer.c:879:7:strncpy_f	8	static
HTTPServer.c:892:9:IPv4_to_s	40	static
