Archive member included to satisfy reference by file (symbol)

c:/st/stm32cubeide_1.7.0/stm32cubeide/plugins/com.st.stm32cube.ide.mcu.externaltools.gnu-tools-for-stm32.9-2020-q2-update.win32_2.0.0.202105311346/tools/bin/../lib/gcc/arm-none-eabi/9.3.1/../../../../arm-none-eabi/lib/thumb/v6-m/nofp\libc_nano.a(lib_a-errno.o)
                              ./Src/syscalls.o (__errno)
c:/st/stm32cubeide_1.7.0/stm32cubeide/plugins/com.st.stm32cube.ide.mcu.externaltools.gnu-tools-for-stm32.9-2020-q2-update.win32_2.0.0.202105311346/tools/bin/../lib/gcc/arm-none-eabi/9.3.1/../../../../arm-none-eabi/lib/thumb/v6-m/nofp\libc_nano.a(lib_a-exit.o)
                              c:/st/stm32cubeide_1.7.0/stm32cubeide/plugins/com.st.stm32cube.ide.mcu.externaltools.gnu-tools-for-stm32.9-2020-q2-update.win32_2.0.0.202105311346/tools/bin/../lib/gcc/arm-none-eabi/9.3.1/../../../../arm-none-eabi/lib/thumb/v6-m/nofp/crt0.o (exit)
c:/st/stm32cubeide_1.7.0/stm32cubeide/plugins/com.st.stm32cube.ide.mcu.externaltools.gnu-tools-for-stm32.9-2020-q2-update.win32_2.0.0.202105311346/tools/bin/../lib/gcc/arm-none-eabi/9.3.1/../../../../arm-none-eabi/lib/thumb/v6-m/nofp\libc_nano.a(lib_a-impure.o)
                              c:/st/stm32cubeide_1.7.0/stm32cubeide/plugins/com.st.stm32cube.ide.mcu.externaltools.gnu-tools-for-stm32.9-2020-q2-update.win32_2.0.0.202105311346/tools/bin/../lib/gcc/arm-none-eabi/9.3.1/../../../../arm-none-eabi/lib/thumb/v6-m/nofp\libc_nano.a(lib_a-exit.o) (_global_impure_ptr)
c:/st/stm32cubeide_1.7.0/stm32cubeide/plugins/com.st.stm32cube.ide.mcu.externaltools.gnu-tools-for-stm32.9-2020-q2-update.win32_2.0.0.202105311346/tools/bin/../lib/gcc/arm-none-eabi/9.3.1/../../../../arm-none-eabi/lib/thumb/v6-m/nofp\libc_nano.a(lib_a-init.o)
                              c:/st/stm32cubeide_1.7.0/stm32cubeide/plugins/com.st.stm32cube.ide.mcu.externaltools.gnu-tools-for-stm32.9-2020-q2-update.win32_2.0.0.202105311346/tools/bin/../lib/gcc/arm-none-eabi/9.3.1/../../../../arm-none-eabi/lib/thumb/v6-m/nofp/crt0.o (__libc_init_array)
c:/st/stm32cubeide_1.7.0/stm32cubeide/plugins/com.st.stm32cube.ide.mcu.externaltools.gnu-tools-for-stm32.9-2020-q2-update.win32_2.0.0.202105311346/tools/bin/../lib/gcc/arm-none-eabi/9.3.1/../../../../arm-none-eabi/lib/thumb/v6-m/nofp\libc_nano.a(lib_a-memcpy-stub.o)
                              ./Drivers/Config/Config.o (memcpy)
c:/st/stm32cubeide_1.7.0/stm32cubeide/plugins/com.st.stm32cube.ide.mcu.externaltools.gnu-tools-for-stm32.9-2020-q2-update.win32_2.0.0.202105311346/tools/bin/../lib/gcc/arm-none-eabi/9.3.1/../../../../arm-none-eabi/lib/thumb/v6-m/nofp\libc_nano.a(lib_a-memset.o)
                              c:/st/stm32cubeide_1.7.0/stm32cubeide/plugins/com.st.stm32cube.ide.mcu.externaltools.gnu-tools-for-stm32.9-2020-q2-update.win32_2.0.0.202105311346/tools/bin/../lib/gcc/arm-none-eabi/9.3.1/../../../../arm-none-eabi/lib/thumb/v6-m/nofp/crt0.o (memset)
c:/st/stm32cubeide_1.7.0/stm32cubeide/plugins/com.st.stm32cube.ide.mcu.externaltools.gnu-tools-for-stm32.9-2020-q2-update.win32_2.0.0.202105311346/tools/bin/../lib/gcc/arm-none-eabi/9.3.1/../../../../arm-none-eabi/lib/thumb/v6-m/nofp\libc_nano.a(lib_a-strcat.o)
                              ./Src/HTTPServer.o (strcat)
c:/st/stm32cubeide_1.7.0/stm32cubeide/plugins/com.st.stm32cube.ide.mcu.externaltools.gnu-tools-for-stm32.9-2020-q2-update.win32_2.0.0.202105311346/tools/bin/../lib/gcc/arm-none-eabi/9.3.1/../../../../arm-none-eabi/lib/thumb/v6-m/nofp\libc_nano.a(lib_a-strchr.o)
                              ./Src/HTTPServer.o (strchr)
c:/st/stm32cubeide_1.7.0/stm32cubeide/plugins/com.st.stm32cube.ide.mcu.externaltools.gnu-tools-for-stm32.9-2020-q2-update.win32_2.0.0.202105311346/tools/bin/../lib/gcc/arm-none-eabi/9.3.1/../../../../arm-none-eabi/lib/thumb/v6-m/nofp\libc_nano.a(lib_a-strcmp.o)
                              ./Drivers/Config/Config.o (strcmp)
c:/st/stm32cubeide_1.7.0/stm32cubeide/plugins/com.st.stm32cube.ide.mcu.externaltools.gnu-tools-for-stm32.9-2020-q2-update.win32_2.0.0.202105311346/tools/bin/../lib/gcc/arm-none-eabi/9.3.1/../../../../arm-none-eabi/lib/thumb/v6-m/nofp\libc_nano.a(lib_a-strcpy.o)
                              ./Src/HTTPServer.o (strcpy)
c:/st/stm32cubeide_1.7.0/stm32cubeide/plugins/com.st.stm32cube.ide.mcu.externaltools.gnu-tools-for-stm32.9-2020-q2-update.win32_2.0.0.202105311346/tools/bin/../lib/gcc/arm-none-eabi/9.3.1/../../../../arm-none-eabi/lib/thumb/v6-m/nofp\libc_nano.a(lib_a-strlen.o)
                              ./Src/HTTPResponders.o (strlen)
c:/st/stm32cubeide_1.7.0/stm32cubeide/plugins/com.st.stm32cube.ide.mcu.externaltools.gnu-tools-for-stm32.9-2020-q2-update.win32_2.0.0.202105311346/tools/bin/../lib/gcc/arm-none-eabi/9.3.1/../../../../arm-none-eabi/lib/thumb/v6-m/nofp\libc_nano.a(lib_a-strncat.o)
                              ./Src/HTTPServer.o (strncat)
[...]
Memory Configuration

Name             Origin             Length             Attributes
FLASH            0x0000000008000000 0x0000000000010000 xr
RAM              0x0000000020000000 0x0000000000002000 xrw
*default*        0x0000000000000000 0xffffffffffffffff

Linker script and memory map

LOAD c:/st/stm32cubeide_1.7.0/stm32cubeide/plugins/com.st.stm32cube.ide.mcu.externaltools.gnu-tools-for-stm32.9-2020-q2-update.win32_2.0.0.202105311346/tools/bin/../lib/gcc/arm-none-eabi/9.3.1/thumb/v6-m/nofp/crti.o
LOAD c:/st/stm32cubeide_1.7.0/stm32cubeide/plugins/com.st.stm32cube.ide.mcu.externaltools.gnu-tools-for-stm32.9-2020-q2-update.win32_2.0.0.202105311346/tools/bin/../lib/gcc/arm-none-eabi/9.3.1/thumb/v6-m/nofp/crtbegin.o
LOAD c:/st/stm32cubeide_1.7.0/stm32cubeide/plugins/com.st.stm32cube.ide.mcu.externaltools.gnu-tools-for-stm32.9-2020-q2-update.win32_2.0.0.202105311346/tools/bin/../lib/gcc/arm-none-eabi/9.3.1/../../../../arm-none-eabi/lib/thumb/v6-m/nofp/crt0.o
LOAD ./Drivers/Config/Config.o
LOAD ./Drivers/Flash_EEPROM/Flash_EEPROM.o
LOAD ./Drivers/STM32F0xx_HAL_Driver/Src/stm32f0xx_hal.o
LOAD ./Drivers/STM32F0xx_HAL_Driver/Src/stm32f0xx_hal_cortex.o
LOAD ./Drivers/STM32F0xx_HAL_Driver/Src/stm32f0xx_hal_dma.o
LOAD ./Drivers/STM32F0xx_HAL_Driver/Src/stm32f0xx_hal_exti.o
LOAD ./Drivers/STM32F0xx_HAL_Driver/Src/stm32f0xx_hal_flash.o
LOAD ./Drivers/STM32F0xx_HAL_Driver/Src/stm32f0xx_hal_flash_ex.o
LOAD ./Drivers/STM32F0xx_HAL_Driver/Src/stm32f0xx_hal_gpio.o
LOAD ./Drivers/STM32F0xx_HAL_Driver/Src/stm32f0xx_hal_i2c.o
LOAD ./Drivers/STM32F0xx_HAL_Driver/Src/stm32f0xx_hal_i2c_ex.o
LOAD ./Drivers/STM32F0xx_HAL_Driver/Src/stm32f0xx_hal_iwdg.o
LOAD ./Drivers/STM32F0xx_HAL_Driver/Src/stm32f0xx_hal_pwr.o
LOAD ./Drivers/STM32F0xx_HAL_Driver/Src/stm32f0xx_hal_pwr_ex.o
LOAD ./Drivers/STM32F0xx_HAL_Driver/Src/stm32f0xx_hal_rcc.o
LOAD ./Drivers/STM32F0xx_HAL_Driver/Src/stm32f0xx_hal_rcc_ex.o
LOAD ./Drivers/STM32F0xx_HAL_Driver/Src/stm32f0xx_hal_spi.o
LOAD ./Drivers/STM32F0xx_HAL_Driver/Src/stm32f0xx_hal_spi_ex.o
LOAD ./Drivers/STM32F0xx_HAL_Driver/Src/stm32f0xx_hal_tim.o
LOAD ./Drivers/STM32F0xx_HAL_Driver/Src/stm32f0xx_hal_tim_ex.o
LOAD ./Drivers/STM32F0xx_HAL_Driver/Src/stm32f0xx_hal_uart.o
LOAD ./Drivers/STM32F0xx_HAL_Driver/Src/stm32f0xx_hal_uart_ex.o
LOAD ./Src/CH395.o
LOAD ./Src/CH395CMD.o
LOAD ./Src/CH395SPI_HW.o
LOAD ./Src/Config_user_define.o
LOAD ./Src/Delay.o
LOAD ./Src/FS.o
LOAD ./Src/HTTPResponders.o
LOAD ./Src/HTTPServer.o
LOAD ./Src/Lib485.o
LOAD ./Src/command_funcs_OTRSP.o
LOAD ./Src/commands.o
LOAD ./Src/main.o
LOAD ./Src/stm32f0xx_hal_msp.o
LOAD ./Src/stm32f0xx_it.o
LOAD ./Src/syscalls.o
LOAD ./Src/sysmem.o
LOAD ./Src/system_stm32f0xx.o
LOAD ./Startup/startup_stm32f030c8tx.o
START GROUP
LOAD c:/st/stm32cubeide_1.7.0/stm32cubeide/plugins/com.st.stm32cube.ide.mcu.externaltools.gnu-tools-for-stm32.9-2020-q2-update.win32_2.0.0.202105311346/tools/bin/../lib/gcc/arm-none-eabi/9.3.1/../../../../arm-none-eabi/lib/thumb/v6-m/nofp\libc_nano.a
LOAD c:/st/stm32cubeide_1.7.0/stm32cubeide/plugins/com.st.stm32cube.ide.mcu.externaltools.gnu-tools-for-stm32.9-2020-q2-update.win32_2.0.0.202105311346/tools/bin/../lib/gcc/arm-none-eabi/9.3.1/../../../../arm-none-eabi/lib/thumb/v6-m/nofp\libm.a
END GROUP
START GROUP
LOAD c:/st/stm32cubeide_1.7.0/stm32cubeide/plugins/com.st.stm32cube.ide.mcu.externaltools.gnu-tools-for-stm32.9-2020-q2-update.win32_2.0.0.202105311346/tools/bin/../lib/gcc/arm-none-eabi/9.3.1/thumb/v6-m/nofp\libgcc.a
LOAD c:/st/stm32cubeide_1.7.0/stm32cubeide/plugins/com.st.stm32cube.ide.mcu.externaltools.gnu-tools-for-stm32.9-2020-q2-update.win32_2.0.0.202105311346/tools/bin/../lib/gcc/arm-none-eabi/9.3.1/../../../../arm-none-eabi/lib/thumb/v6-m/nofp\libc_nano.a
END GROUP
START GROUP
LOAD c:/st/stm32cubeide_1.7.0/stm32cubeide/plugins/com.st.stm32cube.ide.mcu.externaltools.gnu-tools-for-stm32.9-2020-q2-update.win32_2.0.0.202105311346/tools/bin/../lib/gcc/arm-none-eabi/9.3.1/thumb/v6-m/nofp\libgcc.a
LOAD c:/st/stm32cubeide_1.7.0/stm32cubeide/plugins/com.st.stm32cube.ide.mcu.externaltools.gnu-tools-for-stm32.9-2020-q2-update.win32_2.0.0.202105311346/tools/bin/../lib/gcc/arm-none-eabi/9.3.1/../../../../arm-none-eabi/lib/thumb/v6-m/nofp\libc_nano.a
LOAD c:/st/stm32cubeide_1.7.0/stm32cubeide/plugins/com.st.stm32cube.ide.mcu.externaltools.gnu-tools-for-stm32.9-2020-q2-update.win32_2.0.0.202105311346/tools/bin/../lib/gcc/arm-none-eabi/9.3.1/../../../../arm-none-eabi/lib/thumb/v6-m/nofp\libnosys.a
END GROUP
START GROUP
LOAD c:/st/stm32cubeide_1.7.0/stm32cubeide/plugins/com.st.stm32cube.ide.mcu.externaltools.gnu-tools-for-stm32.9-2020-q2-update.win32_2.0.0.202105311346/tools/bin/../lib/gcc/arm-none-eabi/9.3.1/thumb/v6-m/nofp\libgcc.a
LOAD c:/st/stm32cubeide_1.7.0/stm32cubeide/plugins/com.st.stm32cube.ide.mcu.externaltools.gnu-tools-for-stm32.9-2020-q2-update.win32_2.0.0.202105311346/tools/bin/../lib/gcc/arm-none-eabi/9.3.1/../../../../arm-none-eabi/lib/thumb/v6-m/nofp\libc_nano.a
LOAD c:/st/stm32cubeide_1.7.0/stm32cubeide/plugins/com.st.stm32cube.ide.mcu.externaltools.gnu-tools-for-stm32.9-2020-q2-update.win32_2.0.0.202105311346/tools/bin/../lib/gcc/arm-none-eabi/9.3.1/../../../../arm-none-eabi/lib/thumb/v6-m/nofp\libnosys.a
END GROUP
LOAD c:/st/stm32cubeide_1.7.0/stm32cubeide/plugins/com.st.stm32cube.ide.mcu.externaltools.gnu-tools-for-stm32.9-2020-q2-update.win32_2.0.0.202105311346/tools/bin/../lib/gcc/arm-none-eabi/9.3.1/thumb/v6-m/nofp/crtend.o
LOAD c:/st/stm32cubeide_1.7.0/stm32cubeide/plugins/com.st.stm32cube.ide.mcu.externaltools.gnu-tools-for-stm32.9-2020-q2-update.win32_2.0.0.202105311346/tools/bin/../lib/gcc/arm-none-eabi/9.3.1/thumb/v6-m/nofp/crtn.o
                0x0000000020001fff                _estack = 0x20001fff
                0x0000000000000000                _Min_Heap_Size = 0x0
                0x0000000000000400                _Min_Stack_Size = 0x400

.isr_vector     0x0000000008000000       0xc0
                0x0000000008000000                . = ALIGN (0x4)
 *(.isr_vector)
 .isr_vector    0x0000000008000000       0xc0 ./Startup/startup_stm32f030c8tx.o
                0x0000000008000000                g_pfnVectors
                0x00000000080000c0                . = ALIGN (0x4)

.text           0x00000000080000c0     0x8650
                0x00000000080000c0                . = ALIGN (0x4)
 *(.text)
 .text          0x00000000080000c0       0x48 c:/st/stm32cubeide_1.7.0/stm32cubeide/plugins/com.st.stm32cube.ide.mcu.externaltools.gnu-tools-for-stm32.9-2020-q2-update.win32_2.0.0.202105311346/tools/bin/../lib/gcc/arm-none-eabi/9.3.1/thumb/v6-m/nofp/crtbegin.o
 .text          0x0000000008000108       0x14 c:/st/stm32cubeide_1.7.0/stm32cubeide/plugins/com.st.stm32cube.ide.mcu.externaltools.gnu-tools-for-stm32.9-2020-q2-update.win32_2.0.0.202105311346/tools/bin/../lib/gcc/arm-none-eabi/9.3.1/../../../../arm-none-eabi/lib/thumb/v6-m/nofp\libc_nano.a(lib_a-strcmp.o)
                0x0000000008000108                strcmp
 .text          0x000000000800011c        0xe c:/st/stm32cubeide_1.7.0/stm32cubeide/plugins/com.st.stm32cube.ide.mcu.externaltools.gnu-tools-for-stm32.9-2020-q2-update.win32_2.0.0.202105311346/tools/bin/../lib/gcc/arm-none-eabi/9.3.1/../../../../arm-none-eabi/lib/thumb/v6-m/nofp\libc_nano.a(lib_a-strlen.o)
                0x000000000800011c                strlen
 *fill*         0x000000000800012a        0x2 
 .text          0x000000000800012c      0x114 c:/st/stm32cubeide_1.7.0/stm32cubeide/plugins/com.st.stm32cube.ide.mcu.externaltools.gnu-tools-for-stm32.9-2020-q2-update.win32_2.0.0.202105311346/tools/bin/../lib/gcc/arm-none-eabi/9.3.1/thumb/v6-m/nofp\libgcc.a(_udivsi3.o)
                0x000000000800012c                __aeabi_uidiv
                0x000000000800012c                __udivsi3
                0x0000000008000238                __aeabi_uidivmod
 .text          0x0000000008000240        0x4 c:/st/stm32cubeide_1.7.0/stm32cubeide/plugins/com.st.stm32cube.ide.mcu.externaltools.gnu-tools-for-stm32.9-2020-q2-update.win32_2.0.0.202105311346/tools/bin/../lib/gcc/arm-none-eabi/9.3.1/thumb/v6-m/nofp\libgcc.a(_dvmd_tls.o)
                0x0000000008000240                __aeabi_idiv0
                0x0000000008000240                __aeabi_ldiv0
 *(.text*)
 .text.load_config
                0x0000000008000244       0x20 ./Drivers/Config/Config.o
                0x0000000008000244                load_config
 .text.save_config
                0x0000000008000264       0x2c ./Drivers/Config/Config.o
                0x0000000008000264                save_config
 .text.config_check_valid
                0x0000000008000290       0x34 ./Drivers/Config/Config.o
                0x0000000008000290                config_check_valid
 .text.EEPROM_WriteBytes
                0x00000000080002c4      0x16c ./Drivers/Flash_EEPROM/Flash_EEPROM.o
                0x00000000080002c4                EEPROM_WriteBytes
 .text.EEPROM_ReadBytes
                0x0000000008000430       0xce ./Drivers/Flash_EEPROM/Flash_EEPROM.o
                0x0000000008000430                EEPROM_ReadBytes
 *fill*         0x00000000080004fe        0x2 
 .text.HAL_Init
                0x0000000008000500       0x28 ./Drivers/STM32F0xx_HAL_Driver/Src/stm32f0xx_hal.o
                0x0000000008000500                HAL_Init
 .text.HAL_InitTick
                0x0000000008000528       0x68 ./Drivers/STM32F0xx_HAL_Driver/Src/stm32f0xx_hal.o
                0x0000000008000528                HAL_InitTick
 .text.HAL_IncTick
                0x0000000008000590       0x24 ./Drivers/STM32F0xx_HAL_Driver/Src/stm32f0xx_hal.o
                0x0000000008000590                HAL_IncTick
 .text.HAL_GetTick
                0x00000000080005b4       0x14 ./Drivers/STM32F0xx_HAL_Driver/Src/stm32f0xx_hal.o
                0x00000000080005b4                HAL_GetTick
 .text.HAL_Delay
                0x00000000080005c8       0x48 ./Drivers/STM32F0xx_HAL_Driver/Src/stm32f0xx_hal.o
                0x00000000080005c8                HAL_Delay
 .text.__NVIC_EnableIRQ
                0x0000000008000610       0x34 ./Drivers/STM32F0xx_HAL_Driver/Src/stm32f0xx_hal_cortex.o
 .text.__NVIC_SetPriority
                0x0000000008000644       0xdc ./Drivers/STM32F0xx_HAL_Driver/Src/stm32f0xx_hal_cortex.o
 .text.SysTick_Config
                0x0000000008000720       0x48 ./Drivers/STM32F0xx_HAL_Driver/Src/stm32f0xx_hal_cortex.o
 .text.HAL_NVIC_SetPriority
                0x0000000008000768       0x2a ./Drivers/STM32F0xx_HAL_Driver/Src/stm32f0xx_hal_cortex.o
                0x0000000008000768                HAL_NVIC_SetPriority
 .text.HAL_NVIC_EnableIRQ
                0x0000000008000792       0x20 ./Drivers/STM32F0xx_HAL_Driver/Src/stm32f0xx_hal_cortex.o
                0x0000000008000792                HAL_NVIC_EnableIRQ
 .text.HAL_SYSTICK_Config
                0x00000000080007b2       0x1a ./Drivers/STM32F0xx_HAL_Driver/Src/stm32f0xx_hal_cortex.o
                0x00000000080007b2                HAL_SYSTICK_Config
 .text.HAL_DMA_Init
                0x00000000080007cc       0x90 ./Drivers/STM32F0xx_HAL_Driver/Src/stm32f0xx_hal_dma.o
                0x00000000080007cc                HAL_DMA_Init
 .text.HAL_DMA_Start_IT
                0x000000000800085c       0xcc ./Drivers/STM32F0xx_HAL_Driver/Src/stm32f0xx_hal_dma.o
                0x000000000800085c                HAL_DMA_Start_IT
 .text.HAL_DMA_Abort
                0x0000000008000928       0x70 ./Drivers/STM32F0xx_HAL_Driver/Src/stm32f0xx_hal_dma.o
                0x0000000008000928                HAL_DMA_Abort
 .text.HAL_DMA_Abort_IT
                0x0000000008000998       0x8a ./Drivers/STM32F0xx_HAL_Driver/Src/stm32f0xx_hal_dma.o
                0x0000000008000998                HAL_DMA_Abort_IT
 .text.HAL_DMA_IRQHandler
                0x0000000008000a22      0x144 ./Drivers/STM32F0xx_HAL_Driver/Src/stm32f0xx_hal_dma.o
                0x0000000008000a22                HAL_DMA_IRQHandler
 .text.DMA_SetConfig
                0x0000000008000b66       0x58 ./Drivers/STM32F0xx_HAL_Driver/Src/stm32f0xx_hal_dma.o
 *fill*         0x0000000008000bbe        0x2 
 .text.DMA_CalcBaseAndBitshift
                0x0000000008000bc0       0x38 ./Drivers/STM32F0xx_HAL_Driver/Src/stm32f0xx_hal_dma.o
 .text.HAL_FLASH_Program
                0x0000000008000bf8      0x12c ./Drivers/STM32F0xx_HAL_Driver/Src/stm32f0xx_hal_flash.o
                0x0000000008000bf8                HAL_FLASH_Program
 .text.HAL_FLASH_Unlock
                0x0000000008000d24       0x4c ./Drivers/STM32F0xx_HAL_Driver/Src/stm32f0xx_hal_flash.o
                0x0000000008000d24                HAL_FLASH_Unlock
 .text.HAL_FLASH_Lock
                0x0000000008000d70       0x1c ./Drivers/STM32F0xx_HAL_Driver/Src/stm32f0xx_hal_flash.o
                0x0000000008000d70                HAL_FLASH_Lock
 .text.FLASH_Program_HalfWord
                0x0000000008000d8c       0x38 ./Drivers/STM32F0xx_HAL_Driver/Src/stm32f0xx_hal_flash.o
 .text.FLASH_WaitForLastOperation
                0x0000000008000dc4       0x80 ./Drivers/STM32F0xx_HAL_Driver/Src/stm32f0xx_hal_flash.o
                0x0000000008000dc4                FLASH_WaitForLastOperation
 .text.FLASH_SetErrorCode
                0x0000000008000e44       0x60 ./Drivers/STM32F0xx_HAL_Driver/Src/stm32f0xx_hal_flash.o
 .text.HAL_FLASHEx_Erase
                0x0000000008000ea4       0xec ./Drivers/STM32F0xx_HAL_Driver/Src/stm32f0xx_hal_flash_ex.o
                0x0000000008000ea4                HAL_FLASHEx_Erase
 .text.FLASH_MassErase
                0x0000000008000f90       0x30 ./Drivers/STM32F0xx_HAL_Driver/Src/stm32f0xx_hal_flash_ex.o
 .text.FLASH_PageErase
                0x0000000008000fc0       0x3c ./Drivers/STM32F0xx_HAL_Driver/Src/stm32f0xx_hal_flash_ex.o
                0x0000000008000fc0                FLASH_PageErase
 .text.HAL_GPIO_Init
                0x0000000008000ffc      0x2e0 ./Drivers/STM32F0xx_HAL_Driver/Src/stm32f0xx_hal_gpio.o
                0x0000000008000ffc                HAL_GPIO_Init
 .text.HAL_GPIO_ReadPin
                0x00000000080012dc       0x3a ./Drivers/STM32F0xx_HAL_Driver/Src/stm32f0xx_hal_gpio.o
                0x00000000080012dc                HAL_GPIO_ReadPin
 .text.HAL_GPIO_WritePin
                0x0000000008001316       0x3a ./Drivers/STM32F0xx_HAL_Driver/Src/stm32f0xx_hal_gpio.o
                0x0000000008001316                HAL_GPIO_WritePin
 .text.HAL_RCC_OscConfig
                0x0000000008001350      0x634 ./Drivers/STM32F0xx_HAL_Driver/Src/stm32f0xx_hal_rcc.o
                0x0000000008001350                HAL_RCC_OscConfig
 .text.HAL_RCC_ClockConfig
                0x0000000008001984      0x19c ./Drivers/STM32F0xx_HAL_Driver/Src/stm32f0xx_hal_rcc.o
                0x0000000008001984                HAL_RCC_ClockConfig
 .text.HAL_RCC_GetSysClockFreq
                0x0000000008001b20       0xac ./Drivers/STM32F0xx_HAL_Driver/Src/stm32f0xx_hal_rcc.o
                0x0000000008001b20                HAL_RCC_GetSysClockFreq
 .text.HAL_RCC_GetHCLKFreq
                0x0000000008001bcc       0x14 ./Drivers/STM32F0xx_HAL_Driver/Src/stm32f0xx_hal_rcc.o
                0x0000000008001bcc                HAL_RCC_GetHCLKFreq
 .text.HAL_RCC_GetPCLK1Freq
                0x0000000008001be0       0x2c ./Drivers/STM32F0xx_HAL_Driver/Src/stm32f0xx_hal_rcc.o
                0x0000000008001be0                HAL_RCC_GetPCLK1Freq
 .text.HAL_SPI_Init
                0x0000000008001c0c      0x170 ./Drivers/STM32F0xx_HAL_Driver/Src/stm32f0xx_hal_spi.o
                0x0000000008001c0c                HAL_SPI_Init
 .text.HAL_SPI_Transmit
                0x0000000008001d7c      0x2be ./Drivers/STM32F0xx_HAL_Driver/Src/stm32f0xx_hal_spi.o
                0x0000000008001d7c                HAL_SPI_Transmit
 *fill*         0x000000000800203a        0x2 
 .text.HAL_SPI_Receive
                0x000000000800203c      0x2a4 ./Drivers/STM32F0xx_HAL_Driver/Src/stm32f0xx_hal_spi.o
                0x000000000800203c                HAL_SPI_Receive
 .text.HAL_SPI_TransmitReceive
                0x00000000080022e0      0x3c4 ./Drivers/STM32F0xx_HAL_Driver/Src/stm32f0xx_hal_spi.o
                0x00000000080022e0                HAL_SPI_TransmitReceive
 .text.SPI_WaitFlagStateUntilTimeout
                0x00000000080026a4      0x11c ./Drivers/STM32F0xx_HAL_Driver/Src/stm32f0xx_hal_spi.o
 .text.SPI_WaitFifoStateUntilTimeout
                0x00000000080027c0      0x144 ./Drivers/STM32F0xx_HAL_Driver/Src/stm32f0xx_hal_spi.o
 .text.SPI_EndRxTransaction
                0x0000000008002904       0xbc ./Drivers/STM32F0xx_HAL_Driver/Src/stm32f0xx_hal_spi.o
 .text.SPI_EndRxTxTransaction
                0x00000000080029c0       0x8c ./Drivers/STM32F0xx_HAL_Driver/Src/stm32f0xx_hal_spi.o
 .text.HAL_TIM_Base_Init
                0x0000000008002a4c       0xa0 ./Drivers/STM32F0xx_HAL_Driver/Src/stm32f0xx_hal_tim.o
                0x0000000008002a4c                HAL_TIM_Base_Init
 .text.HAL_TIM_Base_Start_IT
                0x0000000008002aec       0x98 ./Drivers/STM32F0xx_HAL_Driver/Src/stm32f0xx_hal_tim.o
                0x0000000008002aec                HAL_TIM_Base_Start_IT
 .text.HAL_TIM_Base_Stop_IT
                0x0000000008002b84       0x5c ./Drivers/STM32F0xx_HAL_Driver/Src/stm32f0xx_hal_tim.o
                0x0000000008002b84                HAL_TIM_Base_Stop_IT
 .text.HAL_TIM_IRQHandler
                0x0000000008002be0      0x22c ./Drivers/STM32F0xx_HAL_Driver/Src/stm32f0xx_hal_tim.o
                0x0000000008002be0                HAL_TIM_IRQHandler
 .text.HAL_TIM_OC_DelayElapsedCallback
                0x0000000008002e0c       0x10 ./Drivers/STM32F0xx_HAL_Driver/Src/stm32f0xx_hal_tim.o
                0x0000000008002e0c                HAL_TIM_OC_DelayElapsedCallback
 .text.HAL_TIM_IC_CaptureCallback
                0x0000000008002e1c       0x10 ./Drivers/STM32F0xx_HAL_Driver/Src/stm32f0xx_hal_tim.o
                0x0000000008002e1c                HAL_TIM_IC_CaptureCallback
 .text.HAL_TIM_PWM_PulseFinishedCallback
                0x0000000008002e2c       0x10 ./Drivers/STM32F0xx_HAL_Driver/Src/stm32f0xx_hal_tim.o
                0x0000000008002e2c                HAL_TIM_PWM_PulseFinishedCallback
 .text.HAL_TIM_TriggerCallback
                0x0000000008002e3c       0x10 ./Drivers/STM32F0xx_HAL_Driver/Src/stm32f0xx_hal_tim.o
                0x0000000008002e3c                HAL_TIM_TriggerCallback
 .text.TIM_Base_SetConfig
                0x0000000008002e4c       0xec ./Drivers/STM32F0xx_HAL_Driver/Src/stm32f0xx_hal_tim.o
                0x0000000008002e4c                TIM_Base_SetConfig
 .text.HAL_TIMEx_CommutCallback
                0x0000000008002f38       0x10 ./Drivers/STM32F0xx_HAL_Driver/Src/stm32f0xx_hal_tim_ex.o
                0x0000000008002f38                HAL_TIMEx_CommutCallback
 .text.HAL_TIMEx_BreakCallback
                0x0000000008002f48       0x10 ./Drivers/STM32F0xx_HAL_Driver/Src/stm32f0xx_hal_tim_ex.o
                0x0000000008002f48                HAL_TIMEx_BreakCallback
 .text.HAL_UART_Init
                0x0000000008002f58       0xa8 ./Drivers/STM32F0xx_HAL_Driver/Src/stm32f0xx_hal_uart.o
                0x0000000008002f58                HAL_UART_Init
 .text.HAL_UART_IRQHandler
                0x0000000008003000      0x590 ./Drivers/STM32F0xx_HAL_Driver/Src/stm32f0xx_hal_uart.o
                0x0000000008003000                HAL_UART_IRQHandler
 .text.HAL_UART_TxCpltCallback
                0x0000000008003590       0x10 ./Drivers/STM32F0xx_HAL_Driver/Src/stm32f0xx_hal_uart.o
                0x0000000008003590                HAL_UART_TxCpltCallback
 .text.HAL_UART_RxCpltCallback
                0x00000000080035a0       0x10 ./Drivers/STM32F0xx_HAL_Driver/Src/stm32f0xx_hal_uart.o
                0x00000000080035a0                HAL_UART_RxCpltCallback
 .text.HAL_UART_RxHalfCpltCallback
                0x00000000080035b0       0x10 ./Drivers/STM32F0xx_HAL_Driver/Src/stm32f0xx_hal_uart.o
                0x00000000080035b0                HAL_UART_RxHalfCpltCallback
 .text.UART_SetConfig
                0x00000000080035c0      0x280 ./Drivers/STM32F0xx_HAL_Driver/Src/stm32f0xx_hal_uart.o
                0x00000000080035c0                UART_SetConfig
 .text.UART_AdvFeatureConfig
                0x0000000008003840      0x168 ./Drivers/STM32F0xx_HAL_Driver/Src/stm32f0xx_hal_uart.o
                0x0000000008003840                UART_AdvFeatureConfig
 .text.UART_CheckIdleState
                0x00000000080039a8      0x150 ./Drivers/STM32F0xx_HAL_Driver/Src/stm32f0xx_hal_uart.o
                0x00000000080039a8                UART_CheckIdleState
 .text.UART_WaitOnFlagUntilTimeout
                0x0000000008003af8       0xd2 ./Drivers/STM32F0xx_HAL_Driver/Src/stm32f0xx_hal_uart.o
                0x0000000008003af8                UART_WaitOnFlagUntilTimeout
 *fill*         0x0000000008003bca        0x2 
 .text.UART_Start_Receive_DMA
                0x0000000008003bcc      0x140 ./Drivers/STM32F0xx_HAL_Driver/Src/stm32f0xx_hal_uart.o
                0x0000000008003bcc                UART_Start_Receive_DMA
 .text.UART_EndTxTransfer
                0x0000000008003d0c       0x48 ./Drivers/STM32F0xx_HAL_Driver/Src/stm32f0xx_hal_uart.o
 .text.UART_EndRxTransfer
                0x0000000008003d54       0xc8 ./Drivers/STM32F0xx_HAL_Driver/Src/stm32f0xx_hal_uart.o
 .text.UART_DMAReceiveCplt
                0x0000000008003e1c      0x12c ./Drivers/STM32F0xx_HAL_Driver/Src/stm32f0xx_hal_uart.o
 .text.UART_DMARxHalfCplt
                0x0000000008003f48       0x42 ./Drivers/STM32F0xx_HAL_Driver/Src/stm32f0xx_hal_uart.o
 .text.UART_DMAError
                0x0000000008003f8a       0x84 ./Drivers/STM32F0xx_HAL_Driver/Src/stm32f0xx_hal_uart.o
 .text.UART_DMAAbortOnError
                0x000000000800400e       0x2e ./Drivers/STM32F0xx_HAL_Driver/Src/stm32f0xx_hal_uart.o
 .text.UART_EndTransmit_IT
                0x000000000800403c       0x56 ./Drivers/STM32F0xx_HAL_Driver/Src/stm32f0xx_hal_uart.o
 .text.HAL_UARTEx_ReceiveToIdle_DMA
                0x0000000008004092       0xd0 ./Drivers/STM32F0xx_HAL_Driver/Src/stm32f0xx_hal_uart_ex.o
                0x0000000008004092                HAL_UARTEx_ReceiveToIdle_DMA
 .text.CH395SetBuffer
                0x0000000008004162       0x64 ./Src/CH395.o
                0x0000000008004162                CH395SetBuffer
 *fill*         0x00000000080041c6        0x2 
 .text.CH395TCPServerStart
                0x00000000080041c8      0x144 ./Src/CH395.o
                0x00000000080041c8                CH395TCPServerStart
 .text.CH395CMDReset
                0x000000000800430c       0x24 ./Src/CH395CMD.o
                0x000000000800430c                CH395CMDReset
 .text.CH395CMDCheckExist
                0x0000000008004330       0x48 ./Src/CH395CMD.o
                0x0000000008004330                CH395CMDCheckExist
 .text.CH395CMDGetPHYStatus
                0x0000000008004378       0x38 ./Src/CH395CMD.o
                0x0000000008004378                CH395CMDGetPHYStatus
 .text.CH395CMDInitCH395
                0x00000000080043b0       0x6c ./Src/CH395CMD.o
                0x00000000080043b0                CH395CMDInitCH395
 .text.CH395GetCmdStatus
                0x000000000800441c       0x38 ./Src/CH395CMD.o
                0x000000000800441c                CH395GetCmdStatus
 .text.CH395CMDGetUnreachIPPT
                0x0000000008004454       0x58 ./Src/CH395CMD.o
                0x0000000008004454                CH395CMDGetUnreachIPPT
 .text.CH395SetSocketProtType
                0x00000000080044ac       0x48 ./Src/CH395CMD.o
                0x00000000080044ac                CH395SetSocketProtType
 .text.CH395SetSocketSourPort
                0x00000000080044f4       0x5c ./Src/CH395CMD.o
                0x00000000080044f4                CH395SetSocketSourPort
 .text.CH395SendData
                0x0000000008004550       0xe4 ./Src/CH395CMD.o
                0x0000000008004550                CH395SendData
 .text.CH395StartSendingData
                0x0000000008004634       0x4c ./Src/CH395CMD.o
                0x0000000008004634                CH395StartSendingData
 .text.CH395ContinueSendingData
                0x0000000008004680       0x4c ./Src/CH395CMD.o
                0x0000000008004680                CH395ContinueSendingData
 .text.CH395Complete
                0x00000000080046cc       0x20 ./Src/CH395CMD.o
                0x00000000080046cc                CH395Complete
 .text.CH395GetRecvLength
                0x00000000080046ec       0x60 ./Src/CH395CMD.o
                0x00000000080046ec                CH395GetRecvLength
 .text.CH395ClearRecvBuf
                0x000000000800474c       0x38 ./Src/CH395CMD.o
                0x000000000800474c                CH395ClearRecvBuf
 .text.CH395GetRecvData
                0x0000000008004784       0xa4 ./Src/CH395CMD.o
                0x0000000008004784                CH395GetRecvData
 .text.CH395OpenSocket
                0x0000000008004828       0x84 ./Src/CH395CMD.o
                0x0000000008004828                CH395OpenSocket
 .text.CH395TCPListen
                0x00000000080048ac       0x84 ./Src/CH395CMD.o
                0x00000000080048ac                CH395TCPListen
 .text.CH395TCPDisconnect
                0x0000000008004930       0x84 ./Src/CH395CMD.o
                0x0000000008004930                CH395TCPDisconnect
 .text.CH395GetSocketInt
                0x00000000080049b4       0x50 ./Src/CH395CMD.o
                0x00000000080049b4                CH395GetSocketInt
 .text.CH395DHCPEnable
                0x0000000008004a04       0x7c ./Src/CH395CMD.o
                0x0000000008004a04                CH395DHCPEnable
 .text.CH395GetDHCPStatus
                0x0000000008004a80       0x38 ./Src/CH395CMD.o
                0x0000000008004a80                CH395GetDHCPStatus
 .text.CH395GetIPInf
                0x0000000008004ab8       0x58 ./Src/CH395CMD.o
                0x0000000008004ab8                CH395GetIPInf
 .text.CH395SetSocketRecvBuf
                0x0000000008004b10       0x4a ./Src/CH395CMD.o
                0x0000000008004b10                CH395SetSocketRecvBuf
 .text.CH395SetSocketSendBuf
                0x0000000008004b5a       0x4a ./Src/CH395CMD.o
                0x0000000008004b5a                CH395SetSocketSendBuf
 .text.CH395SetStartPara
                0x0000000008004ba4       0x48 ./Src/CH395CMD.o
                0x0000000008004ba4                CH395SetStartPara
 .text.CH395CMDGetGlobIntStatus_ALL
                0x0000000008004bec       0x54 ./Src/CH395CMD.o
                0x0000000008004bec                CH395CMDGetGlobIntStatus_ALL
 .text.xWriteCH395Cmd
                0x0000000008004c40       0x50 ./Src/CH395SPI_HW.o
                0x0000000008004c40                xWriteCH395Cmd
 .text.xWriteCH395Data
                0x0000000008004c90       0x24 ./Src/CH395SPI_HW.o
                0x0000000008004c90                xWriteCH395Data
 .text.xReadCH395Data
                0x0000000008004cb4       0x24 ./Src/CH395SPI_HW.o
                0x0000000008004cb4                xReadCH395Data
 .text.init_config
                0x0000000008004cd8       0x48 ./Src/Config_user_define.o
                0x0000000008004cd8                init_config
 .text.Delay_us
                0x0000000008004d20       0x2a ./Src/Delay.o
                0x0000000008004d20                Delay_us
 *fill*         0x0000000008004d4a        0x2 
 .text.FS_begin
                0x0000000008004d4c       0x3c ./Src/FS.o
                0x0000000008004d4c                FS_begin
 .text.FS_open  0x0000000008004d88       0xa0 ./Src/FS.o
                0x0000000008004d88                FS_open
 .text.FS_exists
                0x0000000008004e28       0x5c ./Src/FS.o
                0x0000000008004e28                FS_exists
 .text.onHome   0x0000000008004e84       0x38 ./Src/HTTPResponders.o
                0x0000000008004e84                onHome
 .text.onSwitch
                0x0000000008004ebc       0xa4 ./Src/HTTPResponders.o
                0x0000000008004ebc                onSwitch
 .text.onGetAlloc
                0x0000000008004f60       0xa8 ./Src/HTTPResponders.o
                0x0000000008004f60                onGetAlloc
 .text.onStatus
                0x0000000008005008       0x20 ./Src/HTTPResponders.o
                0x0000000008005008                onStatus
 .text.onReset  0x0000000008005028       0x20 ./Src/HTTPResponders.o
                0x0000000008005028                onReset
 .text.onSetLabel
                0x0000000008005048       0xb8 ./Src/HTTPResponders.o
                0x0000000008005048                onSetLabel
 .text.onGetLabel
                0x0000000008005100       0xbc ./Src/HTTPResponders.o
                0x0000000008005100                onGetLabel
 .text.resetHTTPParseState
                0x00000000080051bc       0x50 ./Src/HTTPServer.o
                0x00000000080051bc                resetHTTPParseState
 .text.HTTPGetContentType
                0x000000000800520c      0x170 ./Src/HTTPServer.o
                0x000000000800520c                HTTPGetContentType
 .text.HTTPSendFile
                0x000000000800537c      0x318 ./Src/HTTPServer.o
                0x000000000800537c                HTTPSendFile
 .text.HTTPSendStr
                0x0000000008005694      0x268 ./Src/HTTPServer.o
                0x0000000008005694                HTTPSendStr
 .text.HTTPredirect
                0x00000000080058fc      0x240 ./Src/HTTPServer.o
                0x00000000080058fc                HTTPredirect
 .text.HTTPonNotFound
                0x0000000008005b3c      0x12c ./Src/HTTPServer.o
                0x0000000008005b3c                HTTPonNotFound
 .text.HTTPHandle
                0x0000000008005c68      0x2e0 ./Src/HTTPServer.o
                0x0000000008005c68                HTTPHandle
 .text.getNextSock
                0x0000000008005f48       0x74 ./Src/HTTPServer.o
                0x0000000008005f48                getNextSock
 .text.HTTPclose
                0x0000000008005fbc       0x6c ./Src/HTTPServer.o
                0x0000000008005fbc                HTTPclose
 .text.strsepstr
                0x0000000008006028       0x60 ./Src/HTTPServer.o
                0x0000000008006028                strsepstr
 .text.parse_http
                0x0000000008006088      0x33c ./Src/HTTPServer.o
                0x0000000008006088                parse_http
 .text.getHTTPArg
                0x00000000080063c4       0x98 ./Src/HTTPServer.o
                0x00000000080063c4                getHTTPArg
 .text.atou8    0x000000000800645c       0x86 ./Src/HTTPServer.o
                0x000000000800645c                atou8
 .text.u16toa   0x00000000080064e2       0xe6 ./Src/HTTPServer.o
                0x00000000080064e2                u16toa
 .text.strcpy_f
                0x00000000080065c8       0x38 ./Src/HTTPServer.o
                0x00000000080065c8                strcpy_f
 .text.strncpy_f
                0x0000000008006600       0x4e ./Src/HTTPServer.o
                0x0000000008006600                strncpy_f
 .text.IPv4_to_s
                0x000000000800664e      0x19a ./Src/HTTPServer.o
                0x000000000800664e                IPv4_to_s
 .text.start_receive_DMA
                0x00000000080067e8       0x30 ./Src/Lib485.o
 .text.begin_serial485
                0x0000000008006818       0x54 ./Src/Lib485.o
                0x0000000008006818                begin_serial485
 .text.HAL_UARTEx_RxEventCallback
                0x000000000800686c       0x9c ./Src/Lib485.o
                0x000000000800686c                HAL_UARTEx_RxEventCallback
 .text.HAL_UART_ErrorCallback
                0x0000000008006908       0x1e ./Src/Lib485.o
                0x0000000008006908                HAL_UART_ErrorCallback
 .text.fn_ping  0x0000000008006926       0x32 ./Src/command_funcs_OTRSP.o
                0x0000000008006926                fn_ping
 .text.fn_get_ant_assignment
                0x0000000008006958       0xb4 ./Src/command_funcs_OTRSP.o
                0x0000000008006958                fn_get_ant_assignment
 .text.fn_set_ant_assignment
                0x0000000008006a0c      0x12c ./Src/command_funcs_OTRSP.o
                0x0000000008006a0c                fn_set_ant_assignment
 .text.fn_set_ant_name
                0x0000000008006b38       0xe4 ./Src/command_funcs_OTRSP.o
                0x0000000008006b38                fn_set_ant_name
 .text.fn_get_ant_name
                0x0000000008006c1c       0xe4 ./Src/command_funcs_OTRSP.o
                0x0000000008006c1c                fn_get_ant_name
 .text.parse_command_OTRSP
                0x0000000008006d00      0x204 ./Src/command_funcs_OTRSP.o
                0x0000000008006d00                parse_command_OTRSP
 .text.my_atou  0x0000000008006f04       0x8a ./Src/commands.o
                0x0000000008006f04                my_atou
 .text.execute_command_string
                0x0000000008006f8e       0x62 ./Src/commands.o
                0x0000000008006f8e                execute_command_string
 .text.main     0x0000000008006ff0      0x3a0 ./Src/main.o
                0x0000000008006ff0                main
 .text.SystemClock_Config
                0x0000000008007390       0x9c ./Src/main.o
                0x0000000008007390                SystemClock_Config
 .text.MX_SPI1_Init
                0x000000000800742c       0x7c ./Src/main.o
 .text.MX_TIM6_Init
                0x00000000080074a8       0x44 ./Src/main.o
 .text.MX_USART2_UART_Init
                0x00000000080074ec       0x60 ./Src/main.o
 .text.MX_DMA_Init
                0x000000000800754c       0x3c ./Src/main.o
 .text.MX_GPIO_Init
                0x0000000008007588      0x174 ./Src/main.o
 .text.reset_CH395
                0x00000000080076fc       0xf4 ./Src/main.o
                0x00000000080076fc                reset_CH395
 .text.interrupt_CH395
                0x00000000080077f0      0x3d4 ./Src/main.o
                0x00000000080077f0                interrupt_CH395
 .text.switch_Antenna
                0x0000000008007bc4      0x144 ./Src/main.o
                0x0000000008007bc4                switch_Antenna
 .text.get_Antenna_real_BCDs
                0x0000000008007d08       0xe4 ./Src/main.o
                0x0000000008007d08                get_Antenna_real_BCDs
 .text.display_IP
                0x0000000008007dec       0xf4 ./Src/main.o
                0x0000000008007dec                display_IP
 .text.HAL_TIM_PeriodElapsedCallback
                0x0000000008007ee0      0x1d0 ./Src/main.o
                0x0000000008007ee0                HAL_TIM_PeriodElapsedCallback
 .text.Error_Handler
                0x00000000080080b0        0xa ./Src/main.o
                0x00000000080080b0                Error_Handler
 *fill*         0x00000000080080ba        0x2 
 .text.HAL_MspInit
                0x00000000080080bc       0x48 ./Src/stm32f0xx_hal_msp.o
                0x00000000080080bc                HAL_MspInit
 .text.HAL_SPI_MspInit
                0x0000000008008104       0x98 ./Src/stm32f0xx_hal_msp.o
                0x0000000008008104                HAL_SPI_MspInit
 .text.HAL_TIM_Base_MspInit
                0x000000000800819c       0x4c ./Src/stm32f0xx_hal_msp.o
                0x000000000800819c                HAL_TIM_Base_MspInit
 .text.HAL_UART_MspInit
                0x00000000080081e8      0x154 ./Src/stm32f0xx_hal_msp.o
                0x00000000080081e8                HAL_UART_MspInit
 .text.NMI_Handler
                0x000000000800833c        0xa ./Src/stm32f0xx_it.o
                0x000000000800833c                NMI_Handler
 .text.HardFault_Handler
                0x0000000008008346        0x6 ./Src/stm32f0xx_it.o
                0x0000000008008346                HardFault_Handler
 .text.SVC_Handler
                0x000000000800834c        0xa ./Src/stm32f0xx_it.o
                0x000000000800834c                SVC_Handler
 .text.PendSV_Handler
                0x0000000008008356        0xa ./Src/stm32f0xx_it.o
                0x0000000008008356                PendSV_Handler
 .text.SysTick_Handler
                0x0000000008008360        0xe ./Src/stm32f0xx_it.o
                0x0000000008008360                SysTick_Handler
 *fill*         0x000000000800836e        0x2 
 .text.DMA1_Channel4_5_IRQHandler
                0x0000000008008370       0x24 ./Src/stm32f0xx_it.o
                0x0000000008008370                DMA1_Channel4_5_IRQHandler
 .text.TIM6_IRQHandler
                0x0000000008008394       0x18 ./Src/stm32f0xx_it.o
                0x0000000008008394                TIM6_IRQHandler
 .text.USART2_IRQHandler
                0x00000000080083ac       0x18 ./Src/stm32f0xx_it.o
                0x00000000080083ac                USART2_IRQHandler
 .text.SystemInit
                0x00000000080083c4       0x88 ./Src/system_stm32f0xx.o
                0x00000000080083c4                SystemInit
 .text.Reset_Handler
                0x000000000800844c       0x50 ./Startup/startup_stm32f030c8tx.o
                0x000000000800844c                Reset_Handler
 .text.Default_Handler
                0x000000000800849c        0x2 ./Startup/startup_stm32f030c8tx.o
                0x000000000800849c                TIM1_CC_IRQHandler
                0x000000000800849c                I2C1_IRQHandler
                0x000000000800849c                SPI1_IRQHandler
                0x000000000800849c                EXTI2_3_IRQHandler
                0x000000000800849c                ADC1_IRQHandler
                0x000000000800849c                I2C2_IRQHandler
                0x000000000800849c                TIM17_IRQHandler
                0x000000000800849c                RTC_IRQHandler
                0x000000000800849c                TIM16_IRQHandler
                0x000000000800849c                TIM3_IRQHandler
                0x000000000800849c                EXTI4_15_IRQHandler
                0x000000000800849c                RCC_IRQHandler
                0x000000000800849c                DMA1_Channel1_IRQHandler
                0x000000000800849c                Default_Handler
                0x000000000800849c                TIM14_IRQHandler
                0x000000000800849c                TIM15_IRQHandler
                0x000000000800849c                EXTI0_1_IRQHandler
                0x000000000800849c                SPI2_IRQHandler
                0x000000000800849c                WWDG_IRQHandler
                0x000000000800849c                DMA1_Channel2_3_IRQHandler
                0x000000000800849c                FLASH_IRQHandler
                0x000000000800849c                USART1_IRQHandler
                0x000000000800849c                TIM1_BRK_UP_TRG_COM_IRQHandler
 *fill*         0x000000000800849e        0x2 
 .text.__libc_init_array
                0x00000000080084a0       0x48 c:/st/stm32cubeide_1.7.0/stm32cubeide/plugins/com.st.stm32cube.ide.mcu.externaltools.gnu-tools-for-stm32.9-2020-q2-update.win32_2.0.0.202105311346/tools/bin/../lib/gcc/arm-none-eabi/9.3.1/../../../../arm-none-eabi/lib/thumb/v6-m/nofp\libc_nano.a(lib_a-init.o)
                0x00000000080084a0                __libc_init_array
 .text.memcpy   0x00000000080084e8       0x12 c:/st/stm32cubeide_1.7.0/stm32cubeide/plugins/com.st.stm32cube.ide.mcu.externaltools.gnu-tools-for-stm32.9-2020-q2-update.win32_2.0.0.202105311346/tools/bin/../lib/gcc/arm-none-eabi/9.3.1/../../../../arm-none-eabi/lib/thumb/v6-m/nofp\libc_nano.a(lib_a-memcpy-stub.o)
                0x00000000080084e8                memcpy
 .text.memset   0x00000000080084fa       0x10 c:/st/stm32cubeide_1.7.0/stm32cubeide/plugins/com.st.stm32cube.ide.mcu.externaltools.gnu-tools-for-stm32.9-2020-q2-update.win32_2.0.0.202105311346/tools/bin/../lib/gcc/arm-none-eabi/9.3.1/../../../../arm-none-eabi/lib/thumb/v6-m/nofp\libc_nano.a(lib_a-memset.o)
                0x00000000080084fa                memset
 .text.strcat   0x000000000800850a       0x1a c:/st/stm32cubeide_1.7.0/stm32cubeide/plugins/com.st.stm32cube.ide.mcu.externaltools.gnu-tools-for-stm32.9-2020-q2-update.win32_2.0.0.202105311346/tools/bin/../lib/gcc/arm-none-eabi/9.3.1/../../../../arm-none-eabi/lib/thumb/v6-m/nofp\libc_nano.a(lib_a-strcat.o)
                0x000000000800850a                strcat
 .text.strchr   0x0000000008008524       0x1c c:/st/stm32cubeide_1.7.0/stm32cubeide/plugins/com.st.stm32cube.ide.mcu.externaltools.gnu-tools-for-stm32.9-2020-q2-update.win32_2.0.0.202105311346/tools/bin/../lib/gcc/arm-none-eabi/9.3.1/../../../../arm-none-eabi/lib/thumb/v6-m/nofp\libc_nano.a(lib_a-strchr.o)
                0x0000000008008524                strchr
 .text.strcpy   0x0000000008008540       0x10 c:/st/stm32cubeide_1.7.0/stm32cubeide/plugins/com.st.stm32cube.ide.mcu.externaltools.gnu-tools-for-stm32.9-2020-q2-update.win32_2.0.0.202105311346/tools/bin/../lib/gcc/arm-none-eabi/9.3.1/../../../../arm-none-eabi/lib/thumb/v6-m/nofp\libc_nano.a(lib_a-strcpy.o)
                0x0000000008008540                strcpy
 .text.strncat  0x0000000008008550       0x2c c:/st/stm32cubeide_1.7.0/stm32cubeide/plugins/com.st.stm32cube.ide.mcu.externaltools.gnu-tools-for-stm32.9-2020-q2-update.win32_2.0.0.202105311346/tools/bin/../lib/gcc/arm-none-eabi/9.3.1/../../../../arm-none-eabi/lib/thumb/v6-m/nofp\libc_nano.a(lib_a-strncat.o)
                0x0000000008008550                strncat
 .text.strncmp  0x000000000800857c       0x22 c:/st/stm32cubeide_1.7.0/stm32cubeide/plugins/com.st.stm32cube.ide.mcu.externaltools.gnu-tools-for-stm32.9-2020-q2-update.win32_2.0.0.202105311346/tools/bin/../lib/gcc/arm-none-eabi/9.3.1/../../../../arm-none-eabi/lib/thumb/v6-m/nofp\libc_nano.a(lib_a-strncmp.o)
                0x000000000800857c                strncmp
 .text.strncpy  0x000000000800859e       0x28 c:/st/stm32cubeide_1.7.0/stm32cubeide/plugins/com.st.stm32cube.ide.mcu.externaltools.gnu-tools-for-stm32.9-2020-q2-update.win32_2.0.0.202105311346/tools/bin/../lib/gcc/arm-none-eabi/9.3.1/../../../../arm-none-eabi/lib/thumb/v6-m/nofp\libc_nano.a(lib_a-strncpy.o)
                0x000000000800859e                strncpy
 .text.strnlen  0x00000000080085c6       0x16 c:/st/stm32cubeide_1.7.0/stm32cubeide/plugins/com.st.stm32cube.ide.mcu.externaltools.gnu-tools-for-stm32.9-2020-q2-update.win32_2.0.0.202105311346/tools/bin/../lib/gcc/arm-none-eabi/9.3.1/../../../../arm-none-eabi/lib/thumb/v6-m/nofp\libc_nano.a(lib_a-strnlen.o)
                0x00000000080085c6                strnlen
 .text.strnstr  0x00000000080085dc       0x40 c:/st/stm32cubeide_1.7.0/stm32cubeide/plugins/com.st.stm32cube.ide.mcu.externaltools.gnu-tools-for-stm32.9-2020-q2-update.win32_2.0.0.202105311346/tools/bin/../lib/gcc/arm-none-eabi/9.3.1/../../../../arm-none-eabi/lib/thumb/v6-m/nofp\libc_nano.a(lib_a-strnstr.o)
                0x00000000080085dc                strnstr
 .text.strstr   0x000000000800861c       0x2c c:/st/stm32cubeide_1.7.0/stm32cubeide/plugins/com.st.stm32cube.ide.mcu.externaltools.gnu-tools-for-stm32.9-2020-q2-update.win32_2.0.0.202105311346/tools/bin/../lib/gcc/arm-none-eabi/9.3.1/../../../../arm-none-eabi/lib/thumb/v6-m/nofp\libc_nano.a(lib_a-strstr.o)
                0x000000000800861c                strstr
 .text.__strtok_r
                0x0000000008008648       0x5e c:/st/stm32cubeide_1.7.0/stm32cubeide/plugins/com.st.stm32cube.ide.mcu.externaltools.gnu-tools-for-stm32.9-2020-q2-update.win32_2.0.0.202105311346/tools/bin/../lib/gcc/arm-none-eabi/9.3.1/../../../../arm-none-eabi/lib/thumb/v6-m/nofp\libc_nano.a(lib_a-strtok_r.o)
                0x0000000008008648                __strtok_r
 .text.strtok_r
                0x00000000080086a6        0xa c:/st/stm32cubeide_1.7.0/stm32cubeide/plugins/com.st.stm32cube.ide.mcu.externaltools.gnu-tools-for-stm32.9-2020-q2-update.win32_2.0.0.202105311346/tools/bin/../lib/gcc/arm-none-eabi/9.3.1/../../../../arm-none-eabi/lib/thumb/v6-m/nofp\libc_nano.a(lib_a-strtok_r.o)
                0x00000000080086a6                strtok_r
 .text.memchr   0x00000000080086b0       0x16 c:/st/stm32cubeide_1.7.0/stm32cubeide/plugins/com.st.stm32cube.ide.mcu.externaltools.gnu-tools-for-stm32.9-2020-q2-update.win32_2.0.0.202105311346/tools/bin/../lib/gcc/arm-none-eabi/9.3.1/../../../../arm-none-eabi/lib/thumb/v6-m/nofp\libc_nano.a(lib_a-memchr-stub.o)
                0x00000000080086b0                memchr
 .text.memmem   0x00000000080086c6       0x32 c:/st/stm32cubeide_1.7.0/stm32cubeide/plugins/com.st.stm32cube.ide.mcu.externaltools.gnu-tools-for-stm32.9-2020-q2-update.win32_2.0.0.202105311346/tools/bin/../lib/gcc/arm-none-eabi/9.3.1/../../../../arm-none-eabi/lib/thumb/v6-m/nofp\libc_nano.a(lib_a-memmem.o)
                0x00000000080086c6                memmem
 *(.glue_7)
 .glue_7        0x00000000080086f8        0x0 linker stubs
 *(.glue_7t)
 .glue_7t       0x00000000080086f8        0x0 linker stubs
 *(.eh_frame)
 .eh_frame      0x00000000080086f8        0x0 c:/st/stm32cubeide_1.7.0/stm32cubeide/plugins/com.st.stm32cube.ide.mcu.externaltools.gnu-tools-for-stm32.9-2020-q2-update.win32_2.0.0.202105311346/tools/bin/../lib/gcc/arm-none-eabi/9.3.1/thumb/v6-m/nofp/crtbegin.o
 *(.init)
 .init          0x00000000080086f8        0x4 c:/st/stm32cubeide_1.7.0/stm32cubeide/plugins/com.st.stm32cube.ide.mcu.externaltools.gnu-tools-for-stm32.9-2020-q2-update.win32_2.0.0.202105311346/tools/bin/../lib/gcc/arm-none-eabi/9.3.1/thumb/v6-m/nofp/crti.o
                0x00000000080086f8                _init
 .init          0x00000000080086fc        0x8 c:/st/stm32cubeide_1.7.0/stm32cubeide/plugins/com.st.stm32cube.ide.mcu.externaltools.gnu-tools-for-stm32.9-2020-q2-update.win32_2.0.0.202105311346/tools/bin/../lib/gcc/arm-none-eabi/9.3.1/thumb/v6-m/nofp/crtn.o
 *(.fini)
 .fini          0x0000000008008704        0x4 c:/st/stm32cubeide_1.7.0/stm32cubeide/plugins/com.st.stm32cube.ide.mcu.externaltools.gnu-tools-for-stm32.9-2020-q2-update.win32_2.0.0.202105311346/tools/bin/../lib/gcc/arm-none-eabi/9.3.1/thumb/v6-m/nofp/crti.o
                0x0000000008008704                _fini
 .fini          0x0000000008008708        0x8 c:/st/stm32cubeide_1.7.0/stm32cubeide/plugins/com.st.stm32cube.ide.mcu.externaltools.gnu-tools-for-stm32.9-2020-q2-update.win32_2.0.0.202105311346/tools/bin/../lib/gcc/arm-none-eabi/9.3.1/thumb/v6-m/nofp/crtn.o
                0x0000000008008710                . = ALIGN (0x4)
                0x0000000008008710                _etext = .

.vfp11_veneer   0x0000000008008710        0x0
 .vfp11_veneer  0x0000000008008710        0x0 linker stubs

.v4_bx          0x0000000008008710        0x0
 .v4_bx         0x0000000008008710        0x0 linker stubs

.iplt           0x0000000008008710        0x0
 .iplt          0x0000000008008710        0x0 c:/st/stm32cubeide_1.7.0/stm32cubeide/plugins/com.st.stm32cube.ide.mcu.externaltools.gnu-tools-for-stm32.9-2020-q2-update.win32_2.0.0.202105311346/tools/bin/../lib/gcc/arm-none-eabi/9.3.1/thumb/v6-m/nofp/crtbegin.o

.rodata         0x0000000008008710      0x394
                0x0000000008008710                . = ALIGN (0x4)
 *(.rodata)
 .rodata        0x0000000008008710       0x68 ./Src/Config_user_define.o
 .rodata        0x0000000008008778       0x9e ./Src/HTTPResponders.o
 *fill*         0x0000000008008816        0x2 
 .rodata        0x0000000008008818       0xfd ./Src/HTTPServer.o
 *fill*         0x0000000008008915        0x3 
 .rodata        0x0000000008008918       0x26 ./Src/command_funcs_OTRSP.o
 *fill*         0x000000000800893e        0x2 
 .rodata        0x0000000008008940       0x20 ./Src/main.o
 *(.rodata*)
 .rodata.aPLLMULFactorTable.6308
                0x0000000008008960       0x10 ./Drivers/STM32F0xx_HAL_Driver/Src/stm32f0xx_hal_rcc.o
 .rodata.aPredivFactorTable.6309
                0x0000000008008970       0x10 ./Drivers/STM32F0xx_HAL_Driver/Src/stm32f0xx_hal_rcc.o
 .rodata.HTTP_ITEM_STR_CONNECTION
                0x0000000008008980        0xb ./Src/HTTPServer.o
                0x0000000008008980                HTTP_ITEM_STR_CONNECTION
 *fill*         0x000000000800898b        0x1 
 .rodata.HTTP_ITEM_STR_COOKIES
                0x000000000800898c        0x7 ./Src/HTTPServer.o
                0x000000000800898c                HTTP_ITEM_STR_COOKIES
 *fill*         0x0000000008008993        0x1 
 .rodata.HTTP_ITEM_STR_POST
                0x0000000008008994        0x5 ./Src/HTTPServer.o
                0x0000000008008994                HTTP_ITEM_STR_POST
 *fill*         0x0000000008008999        0x3 
 .rodata.HTTP_ITEM_STR_GET
                0x000000000800899c        0x4 ./Src/HTTPServer.o
                0x000000000800899c                HTTP_ITEM_STR_GET
 .rodata.HTTP_LINE_DELIM
                0x00000000080089a0        0x3 ./Src/HTTPServer.o
                0x00000000080089a0                HTTP_LINE_DELIM
 *fill*         0x00000000080089a3        0x1 
 .rodata.HTTP_DELIM
                0x00000000080089a4        0x2 ./Src/HTTPServer.o
                0x00000000080089a4                HTTP_DELIM
 *fill*         0x00000000080089a6        0x2 
 .rodata.HTTP_COLUMN_DELIM
                0x00000000080089a8        0x3 ./Src/HTTPServer.o
                0x00000000080089a8                HTTP_COLUMN_DELIM
 *fill*         0x00000000080089ab        0x1 
 .rodata.HTTP_STR_VERSION
                0x00000000080089ac        0x9 ./Src/HTTPServer.o
                0x00000000080089ac                HTTP_STR_VERSION
 *fill*         0x00000000080089b5        0x3 
 .rodata.HTTP_CONTENT_TYPE_PLAIN
                0x00000000080089b8        0xb ./Src/HTTPServer.o
                0x00000000080089b8                HTTP_CONTENT_TYPE_PLAIN
 *fill*         0x00000000080089c3        0x1 
 .rodata.HTTP_CONTENT_TYPE_HTML
                0x00000000080089c4        0xa ./Src/HTTPServer.o
                0x00000000080089c4                HTTP_CONTENT_TYPE_HTML
 *fill*         0x00000000080089ce        0x2 
 .rodata.HTTP_CONTENT_TYPE_CSS
                0x00000000080089d0        0x9 ./Src/HTTPServer.o
                0x00000000080089d0                HTTP_CONTENT_TYPE_CSS
 *fill*         0x00000000080089d9        0x3 
 .rodata.HTTP_CONTENT_TYPE_JS
                0x00000000080089dc       0x17 ./Src/HTTPServer.o
                0x00000000080089dc                HTTP_CONTENT_TYPE_JS
 *fill*         0x00000000080089f3        0x1 
 .rodata.HTTP_CONTENT_TYPE_PNG
                0x00000000080089f4        0xa ./Src/HTTPServer.o
                0x00000000080089f4                HTTP_CONTENT_TYPE_PNG
 *fill*         0x00000000080089fe        0x2 
 .rodata.HTTP_CONTENT_TYPE_JPEG
                0x0000000008008a00        0xb ./Src/HTTPServer.o
                0x0000000008008a00                HTTP_CONTENT_TYPE_JPEG
 *fill*         0x0000000008008a0b        0x1 
 .rodata.HTTP_CONTENT_TYPE_GIF
                0x0000000008008a0c        0xa ./Src/HTTPServer.o
                0x0000000008008a0c                HTTP_CONTENT_TYPE_GIF
 *fill*         0x0000000008008a16        0x2 
 .rodata.command_executers_OTRSP
                0x0000000008008a18       0x14 ./Src/command_funcs_OTRSP.o
                0x0000000008008a18                command_executers_OTRSP
 .rodata.BCD1_0
                0x0000000008008a2c        0x8 ./Src/main.o
                0x0000000008008a2c                BCD1_0
 .rodata.BCD1_1
                0x0000000008008a34        0x8 ./Src/main.o
                0x0000000008008a34                BCD1_1
 .rodata.BCD1_2
                0x0000000008008a3c        0x8 ./Src/main.o
                0x0000000008008a3c                BCD1_2
 .rodata.BCD2_0
                0x0000000008008a44        0x8 ./Src/main.o
                0x0000000008008a44                BCD2_0
 .rodata.BCD2_1
                0x0000000008008a4c        0x8 ./Src/main.o
                0x0000000008008a4c                BCD2_1
 .rodata.BCD2_2
                0x0000000008008a54        0x8 ./Src/main.o
                0x0000000008008a54                BCD2_2
 .rodata.BCDM1_0
                0x0000000008008a5c        0x8 ./Src/main.o
                0x0000000008008a5c                BCDM1_0
 .rodata.BCDM1_1
                0x0000000008008a64        0x8 ./Src/main.o
                0x0000000008008a64                BCDM1_1
 .rodata.BCDM1_2
                0x0000000008008a6c        0x8 ./Src/main.o
                0x0000000008008a6c                BCDM1_2
 .rodata.BCDM2_0
                0x0000000008008a74        0x8 ./Src/main.o
                0x0000000008008a74                BCDM2_0
 .rodata.BCDM2_1
                0x0000000008008a7c        0x8 ./Src/main.o
                0x0000000008008a7c                BCDM2_1
 .rodata.BCDM2_2
                0x0000000008008a84        0x8 ./Src/main.o
                0x0000000008008a84                BCDM2_2
 .rodata.AHBPrescTable
                0x0000000008008a8c       0x10 ./Src/system_stm32f0xx.o
                0x0000000008008a8c                AHBPrescTable
 .rodata.APBPrescTable
                0x0000000008008a9c        0x8 ./Src/system_stm32f0xx.o
                0x0000000008008a9c                APBPrescTable
                0x0000000008008aa4                . = ALIGN (0x4)

.rel.dyn        0x0000000008008aa4        0x0
 .rel.iplt      0x0000000008008aa4        0x0 c:/st/stm32cubeide_1.7.0/stm32cubeide/plugins/com.st.stm32cube.ide.mcu.externaltools.gnu-tools-for-stm32.9-2020-q2-update.win32_2.0.0.202105311346/tools/bin/../lib/gcc/arm-none-eabi/9.3.1/thumb/v6-m/nofp/crtbegin.o

.ARM.extab      0x0000000008008aa4        0x0
                0x0000000008008aa4                . = ALIGN (0x4)
 *(.ARM.extab* .gnu.linkonce.armextab.*)
                0x0000000008008aa4                . = ALIGN (0x4)

.ARM            0x0000000008008aa4        0x0
                0x0000000008008aa4                . = ALIGN (0x4)
                0x0000000008008aa4                __exidx_start = .
 *(.ARM.exidx*)
                0x0000000008008aa4                __exidx_end = .
                0x0000000008008aa4                . = ALIGN (0x4)

.preinit_array  0x0000000008008aa4        0x0
                0x0000000008008aa4                . = ALIGN (0x4)
                0x0000000008008aa4                PROVIDE (__preinit_array_start = .)
 *(.preinit_array*)
                0x0000000008008aa4                PROVIDE (__preinit_array_end = .)
                0x0000000008008aa4                . = ALIGN (0x4)

.init_array     0x0000000008008aa4        0x4
                0x0000000008008aa4                . = ALIGN (0x4)
                0x0000000008008aa4                PROVIDE (__init_array_start = .)
 *(SORT_BY_NAME(.init_array.*))
 *(.init_array*)
 .init_array    0x0000000008008aa4        0x4 c:/st/stm32cubeide_1.7.0/stm32cubeide/plugins/com.st.stm32cube.ide.mcu.externaltools.gnu-tools-for-stm32.9-2020-q2-update.win32_2.0.0.202105311346/tools/bin/../lib/gcc/arm-none-eabi/9.3.1/thumb/v6-m/nofp/crtbegin.o
                0x0000000008008aa8                PROVIDE (__init_array_end = .)
                0x0000000008008aa8                . = ALIGN (0x4)

.fini_array     0x0000000008008aa8        0x4
                0x0000000008008aa8                . = ALIGN (0x4)
                [!provide]                        PROVIDE (__fini_array_start = .)
 *(SORT_BY_NAME(.fini_array.*))
 *(.fini_array*)
 .fini_array    0x0000000008008aa8        0x4 c:/st/stm32cubeide_1.7.0/stm32cubeide/plugins/com.st.stm32cube.ide.mcu.externaltools.gnu-tools-for-stm32.9-2020-q2-update.win32_2.0.0.202105311346/tools/bin/../lib/gcc/arm-none-eabi/9.3.1/thumb/v6-m/nofp/crtbegin.o
                [!provide]                        PROVIDE (__fini_array_end = .)
                0x0000000008008aac                . = ALIGN (0x4)
                0x0000000008008aac                _sidata = LOADADDR (.data)

.data           0x0000000020000000      0x698 load address 0x0000000008008aac
                0x0000000020000000                . = ALIGN (0x4)
                0x0000000020000000                _sdata = .
 *(.data)
 *(.data*)
 .data.EEPROM   0x0000000020000000        0x8 ./Drivers/Flash_EEPROM/Flash_EEPROM.o
                0x0000000020000000                EEPROM
 .data.uwTickPrio
                0x0000000020000008        0x4 ./Drivers/STM32F0xx_HAL_Driver/Src/stm32f0xx_hal.o
                0x0000000020000008                uwTickPrio
 .data.uwTickFreq
                0x000000002000000c        0x1 ./Drivers/STM32F0xx_HAL_Driver/Src/stm32f0xx_hal.o
                0x000000002000000c                uwTickFreq
 *fill*         0x000000002000000d        0x3 
 .data.ch395    0x0000000020000010      0x61c ./Src/CH395SPI_HW.o
                0x0000000020000010                ch395
 .data.CH395_SCS
                0x000000002000062c        0x8 ./Src/CH395SPI_HW.o
                0x000000002000062c                CH395_SCS
 .data.VALID_STRING
                0x0000000020000634        0x4 ./Src/Config_user_define.o
                0x0000000020000634                VALID_STRING
 .data.HTTPResponders
                0x0000000020000638       0x38 ./Src/HTTPResponders.o
                0x0000000020000638                HTTPResponders
 .data.p485     0x0000000020000670        0x4 ./Src/Lib485.o
                0x0000000020000670                p485
 .data.commands_OTRSP
                0x0000000020000674       0x14 ./Src/command_funcs_OTRSP.o
                0x0000000020000674                commands_OTRSP
 .data.IP       0x0000000020000688        0x4 ./Src/main.o
                0x0000000020000688                IP
 .data.port_http
                0x000000002000068c        0x2 ./Src/main.o
                0x000000002000068c                port_http
 .data.port_tcp
                0x000000002000068e        0x2 ./Src/main.o
                0x000000002000068e                port_tcp
 .data.idxDisplayIP
                0x0000000020000690        0x1 ./Src/main.o
 *fill*         0x0000000020000691        0x3 
 .data.SystemCoreClock
                0x0000000020000694        0x4 ./Src/system_stm32f0xx.o
                0x0000000020000694                SystemCoreClock
                0x0000000020000698                . = ALIGN (0x4)
                0x0000000020000698                _edata = .

.igot.plt       0x0000000020000698        0x0 load address 0x0000000008009144
 .igot.plt      0x0000000020000698        0x0 c:/st/stm32cubeide_1.7.0/stm32cubeide/plugins/com.st.stm32cube.ide.mcu.externaltools.gnu-tools-for-stm32.9-2020-q2-update.win32_2.0.0.202105311346/tools/bin/../lib/gcc/arm-none-eabi/9.3.1/thumb/v6-m/nofp/crtbegin.o
                0x0000000020000698                . = ALIGN (0x4)

.bss            0x0000000020000698      0xc24 load address 0x0000000008009144
                0x0000000020000698                _sbss = .
                0x0000000020000698                __bss_start__ = _sbss
 *(.bss)
 .bss           0x0000000020000698       0x1c c:/st/stm32cubeide_1.7.0/stm32cubeide/plugins/com.st.stm32cube.ide.mcu.externaltools.gnu-tools-for-stm32.9-2020-q2-update.win32_2.0.0.202105311346/tools/bin/../lib/gcc/arm-none-eabi/9.3.1/thumb/v6-m/nofp/crtbegin.o
 *(.bss*)
 .bss.isModified
                0x00000000200006b4        0x1 ./Drivers/Config/Config.o
                0x00000000200006b4                isModified
 *fill*         0x00000000200006b5        0x3 
 .bss.s_tmp.7048
                0x00000000200006b8       0x10 ./Src/HTTPResponders.o
 .bss.s_tmp.7069
                0x00000000200006c8       0x7e ./Src/HTTPResponders.o
 *fill*         0x0000000020000746        0x2 
 .bss.parseStates
                0x0000000020000748      0x580 ./Src/HTTPServer.o
                0x0000000020000748                parseStates
 .bss.s_notfound.7026
                0x0000000020000cc8       0x50 ./Src/HTTPServer.o
 .bss.buf.7141  0x0000000020000d18       0x10 ./Src/command_funcs_OTRSP.o
 .bss.argv.7145
                0x0000000020000d28       0x10 ./Src/command_funcs_OTRSP.o
 .bss.sIP_dec   0x0000000020000d38       0x10 ./Src/main.o
                0x0000000020000d38                sIP_dec
 .bss.flag_PHY_reconn
                0x0000000020000d48        0x1 ./Src/main.o
                0x0000000020000d48                flag_PHY_reconn
 .bss.flag_IP_conflict
                0x0000000020000d49        0x1 ./Src/main.o
                0x0000000020000d49                flag_IP_conflict
 .bss.flag_CH395_ready
                0x0000000020000d4a        0x1 ./Src/main.o
                0x0000000020000d4a                flag_CH395_ready
 .bss.flag_CH395_DHCP_ready
                0x0000000020000d4b        0x1 ./Src/main.o
                0x0000000020000d4b                flag_CH395_DHCP_ready
 .bss.lenDisplayIP
                0x0000000020000d4c        0x1 ./Src/main.o
 *fill*         0x0000000020000d4d        0x3 
 .bss.lastWakeupTime.7136
                0x0000000020000d50        0x4 ./Src/main.o
 *(COMMON)
 COMMON         0x0000000020000d54       0x6a ./Drivers/Config/Config.o
                0x0000000020000d54                cfg
 *fill*         0x0000000020000dbe        0x2 
 COMMON         0x0000000020000dc0        0x4 ./Drivers/STM32F0xx_HAL_Driver/Src/stm32f0xx_hal.o
                0x0000000020000dc0                uwTick
 *fill*         0x0000000020000dc4        0x4 
 COMMON         0x0000000020000dc8       0x20 ./Drivers/STM32F0xx_HAL_Driver/Src/stm32f0xx_hal_flash.o
                0x0000000020000dc8                pFlash
 COMMON         0x0000000020000de8        0x8 ./Src/FS.o
                0x0000000020000de8                FS
 COMMON         0x0000000020000df0      0x200 ./Src/HTTPServer.o
                0x0000000020000df0                response_header_shared_buffer
 COMMON         0x0000000020000ff0       0x74 ./Src/Lib485.o
                0x0000000020000ff0                _serial485
 COMMON         0x0000000020001064       0x1a ./Src/commands.o
                0x0000000020001064                CommandParser
 *fill*         0x000000002000107e        0x2 
 COMMON         0x0000000020001080      0x23c ./Src/main.o
                0x0000000020001080                hdma_usart2_rx
                0x00000000200010c4                hiwdg
                0x00000000200010d4                Selector
                0x000000002000110c                hdma_usart2_tx
                0x0000000020001150                htim6
                0x0000000020001198                hspi1
                0x00000000200011fc                SelectorM
                0x0000000020001234                huart2
                0x00000000200012bc                . = ALIGN (0x4)
                0x00000000200012bc                _ebss = .
                0x00000000200012bc                __bss_end__ = _ebss

._user_heap_stack
                0x00000000200012bc      0x404 load address 0x0000000008009144
                0x00000000200012c0                . = ALIGN (0x8)
 *fill*         0x00000000200012bc        0x4 
                0x00000000200012c0                PROVIDE (end = .)
                [!provide]                        PROVIDE (_end = .)
                0x00000000200012c0                . = (. + _Min_Heap_Size)
                0x00000000200016c0                . = (. + _Min_Stack_Size)
 *fill*         0x00000000200012c0      0x400 
                0x00000000200016c0                . = ALIGN (0x8)

/DISCARD/
 libc.a(*)
 libm.a(*)
 libgcc.a(*)

.ARM.attributes
                0x0000000000000000       0x28
 *(.ARM.attributes)
 .ARM.attributes
                0x0000000000000000       0x1e c:/st/stm32cubeide_1.7.0/stm32cubeide/plugins/com.st.stm32cube.ide.mcu.externaltools.gnu-tools-for-stm32.9-2020-q2-update.win32_2.0.0.202105311346/tools/bin/../lib/gcc/arm-none-eabi/9.3.1/thumb/v6-m/nofp/crti.o
 .ARM.attributes
                0x000000000000001e       0x2c c:/st/stm32cubeide_1.7.0/stm32cubeide/plugins/com.st.stm32cube.ide.mcu.externaltools.gnu-tools-for-stm32.9-2020-q2-update.win32_2.0.0.202105311346/tools/bin/../lib/gcc/arm-none-eabi/9.3.1/thumb/v6-m/nofp/crtbegin.o
 .ARM.attributes
                0x000000000000004a       0x2c ./Drivers/Config/Config.o
 .ARM.attributes
                0x0000000000000076       0x2c ./Drivers/Flash_EEPROM/Flash_EEPROM.o
 .ARM.attributes
                0x00000000000000a2       0x2c ./Drivers/STM32F0xx_HAL_Driver/Src/stm32f0xx_hal.o
 .ARM.attributes
                0x00000000000000ce       0x2c ./Drivers/STM32F0xx_HAL_Driver/Src/stm32f0xx_hal_cortex.o
 .ARM.attributes
                0x00000000000000fa       0x2c ./Drivers/STM32F0xx_HAL_Driver/Src/stm32f0xx_hal_dma.o
 .ARM.attributes
                0x0000000000000126       0x2c ./Drivers/STM32F0xx_HAL_Driver/Src/stm32f0xx_hal_flash.o
 .ARM.attributes
                0x0000000000000152       0x2c ./Drivers/STM32F0xx_HAL_Driver/Src/stm32f0xx_hal_flash_ex.o
 .ARM.attributes
                0x000000000000017e       0x2c ./Drivers/STM32F0xx_HAL_Driver/Src/stm32f0xx_hal_gpio.o
 .ARM.attributes
                0x00000000000001aa       0x2c ./Drivers/STM32F0xx_HAL_Driver/Src/stm32f0xx_hal_rcc.o
 .ARM.attributes
                0x00000000000001d6       0x2c ./Drivers/STM32F0xx_HAL_Driver/Src/stm32f0xx_hal_spi.o
 .ARM.attributes
                0x0000000000000202       0x2c ./Drivers/STM32F0xx_HAL_Driver/Src/stm32f0xx_hal_tim.o
 .ARM.attributes
                0x000000000000022e       0x2c ./Drivers/STM32F0xx_HAL_Driver/Src/stm32f0xx_hal_tim_ex.o
 .ARM.attributes
                0x000000000000025a       0x2c ./Drivers/STM32F0xx_HAL_Driver/Src/stm32f0xx_hal_uart.o
 .ARM.attributes
                0x0000000000000286       0x2c ./Drivers/STM32F0xx_HAL_Driver/Src/stm32f0xx_hal_uart_ex.o
 .ARM.attributes
                0x00000000000002b2       0x2c ./Src/CH395.o
 .ARM.attributes
                0x00000000000002de       0x2c ./Src/CH395CMD.o
 .ARM.attributes
                0x000000000000030a       0x2c ./Src/CH395SPI_HW.o
 .ARM.attributes
                0x0000000000000336       0x2c ./Src/Config_user_define.o
 .ARM.attributes
                0x0000000000000362       0x2c ./Src/Delay.o
 .ARM.attributes
                0x000000000000038e       0x2c ./Src/FS.o
 .ARM.attributes
                0x00000000000003ba       0x2c ./Src/HTTPResponders.o
 .ARM.attributes
                0x00000000000003e6       0x2c ./Src/HTTPServer.o
 .ARM.attributes
                0x0000000000000412       0x2c ./Src/Lib485.o
 .ARM.attributes
                0x000000000000043e       0x2c ./Src/command_funcs_OTRSP.o
 .ARM.attributes
                0x000000000000046a       0x2c ./Src/commands.o
 .ARM.attributes
                0x0000000000000496       0x2c ./Src/main.o
 .ARM.attributes
                0x00000000000004c2       0x2c ./Src/stm32f0xx_hal_msp.o
 .ARM.attributes
                0x00000000000004ee       0x2c ./Src/stm32f0xx_it.o
 .ARM.attributes
                0x000000000000051a       0x2c ./Src/system_stm32f0xx.o
 .ARM.attributes
                0x0000000000000546       0x21 ./Startup/startup_stm32f030c8tx.o
 .ARM.attributes
                0x0000000000000567       0x2c c:/st/stm32cubeide_1.7.0/stm32cubeide/plugins/com.st.stm32cube.ide.mcu.externaltools.gnu-tools-for-stm32.9-2020-q2-update.win32_2.0.0.202105311346/tools/bin/../lib/gcc/arm-none-eabi/9.3.1/../../../../arm-none-eabi/lib/thumb/v6-m/nofp\libc_nano.a(lib_a-init.o)
 .ARM.attributes
                0x0000000000000593       0x2c c:/st/stm32cubeide_1.7.0/stm32cubeide/plugins/com.st.stm32cube.ide.mcu.externaltools.gnu-tools-for-stm32.9-2020-q2-update.win32_2.0.0.202105311346/tools/bin/../lib/gcc/arm-none-eabi/9.3.1/../../../../arm-none-eabi/lib/thumb/v6-m/nofp\libc_nano.a(lib_a-memcpy-stub.o)
 .ARM.attributes
                0x00000000000005bf       0x2c c:/st/stm32cubeide_1.7.0/stm32cubeide/plugins/com.st.stm32cube.ide.mcu.externaltools.gnu-tools-for-stm32.9-2020-q2-update.win32_2.0.0.202105311346/tools/bin/../lib/gcc/arm-none-eabi/9.3.1/../../../../arm-none-eabi/lib/thumb/v6-m/nofp\libc_nano.a(lib_a-memset.o)
 .ARM.attributes
                0x00000000000005eb       0x2c c:/st/stm32cubeide_1.7.0/stm32cubeide/plugins/com.st.stm32cube.ide.mcu.externaltools.gnu-tools-for-stm32.9-2020-q2-update.win32_2.0.0.202105311346/tools/bin/../lib/gcc/arm-none-eabi/9.3.1/../../../../arm-none-eabi/lib/thumb/v6-m/nofp\libc_nano.a(lib_a-strcat.o)
 .ARM.attributes
                0x0000000000000617       0x2c c:/st/stm32cubeide_1.7.0/stm32cubeide/plugins/com.st.stm32cube.ide.mcu.externaltools.gnu-tools-for-stm32.9-2020-q2-update.win32_2.0.0.202105311346/tools/bin/../lib/gcc/arm-none-eabi/9.3.1/../../../../arm-none-eabi/lib/thumb/v6-m/nofp\libc_nano.a(lib_a-strchr.o)
 .ARM.attributes
                0x0000000000000643       0x1c c:/st/stm32cubeide_1.7.0/stm32cubeide/plugins/com.st.stm32cube.ide.mcu.externaltools.gnu-tools-for-stm32.9-2020-q2-update.win32_2.0.0.202105311346/tools/bin/../lib/gcc/arm-none-eabi/9.3.1/../../../../arm-none-eabi/lib/thumb/v6-m/nofp\libc_nano.a(lib_a-strcmp.o)
 .ARM.attributes
                0x000000000000065f       0x2c c:/st/stm32cubeide_1.7.0/stm32cubeide/plugins/com.st.stm32cube.ide.mcu.externaltools.gnu-tools-for-stm32.9-2020-q2-update.win32_2.0.0.202105311346/tools/bin/../lib/gcc/arm-none-eabi/9.3.1/../../../../arm-none-eabi/lib/thumb/v6-m/nofp\libc_nano.a(lib_a-strcpy.o)
 .ARM.attributes
                0x000000000000068b       0x1c c:/st/stm32cubeide_1.7.0/stm32cubeide/plugins/com.st.stm32cube.ide.mcu.externaltools.gnu-tools-for-stm32.9-2020-q2-update.win32_2.0.0.202105311346/tools/bin/../lib/gcc/arm-none-eabi/9.3.1/../../../../arm-none-eabi/lib/thumb/v6-m/nofp\libc_nano.a(lib_a-strlen.o)
 .ARM.attributes
                0x00000000000006a7       0x2c c:/st/stm32cubeide_1.7.0/stm32cubeide/plugins/com.st.stm32cube.ide.mcu.externaltools.gnu-tools-for-stm32.9-2020-q2-update.win32_2.0.0.202105311346/tools/bin/../lib/gcc/arm-none-eabi/9.3.1/../../../../arm-none-eabi/lib/thumb/v6-m/nofp\libc_nano.a(lib_a-strncat.o)
 .ARM.attributes
                0x00000000000006d3       0x2c c:/st/stm32cubeide_1.7.0/stm32cubeide/plugins/com.st.stm32cube.ide.mcu.externaltools.gnu-tools-for-stm32.9-2020-q2-update.win32_2.0.0.202105311346/tools/bin/../lib/gcc/arm-none-eabi/9.3.1/../../../../arm-none-eabi/lib/thumb/v6-m/nofp\libc_nano.a(lib_a-strncmp.o)
 .ARM.attributes
                0x00000000000006ff       0x2c c:/st/stm32cubeide_1.7.0/stm32cubeide/plugins/com.st.stm32cube.ide.mcu.externaltools.gnu-tools-for-stm32.9-2020-q2-update.win32_2.0.0.202105311346/tools/bin/../lib/gcc/arm-none-eabi/9.3.1/../../../../arm-none-eabi/lib/thumb/v6-m/nofp\libc_nano.a(lib_a-strncpy.o)
 .ARM.attributes
                0x000000000000072b       0x2c c:/st/stm32cubeide_1.7.0/stm32cubeide/plugins/com.st.stm32cube.ide.mcu.externaltools.gnu-tools-for-stm32.9-2020-q2-update.win32_2.0.0.202105311346/tools/bin/../lib/gcc/arm-none-eabi/9.3.1/../../../../arm-none-eabi/lib/thumb/v6-m/nofp\libc_nano.a(lib_a-strnlen.o)
 .ARM.attributes
                0x0000000000000757       0x2c c:/st/stm32cubeide_1.7.0/stm32cubeide/plugins/com.st.stm32cube.ide.mcu.externaltools.gnu-tools-for-stm32.9-2020-q2-update.win32_2.0.0.202105311346/tools/bin/../lib/gcc/arm-none-eabi/9.3.1/../../../../arm-none-eabi/lib/thumb/v6-m/nofp\libc_nano.a(lib_a-strnstr.o)
 .ARM.attributes
                0x0000000000000783       0x2c c:/st/stm32cubeide_1.7.0/stm32cubeide/plugins/com.st.stm32cube.ide.mcu.externaltools.gnu-tools-for-stm32.9-2020-q2-update.win32_2.0.0.202105311346/tools/bin/../lib/gcc/arm-none-eabi/9.3.1/../../../../arm-none-eabi/lib/thumb/v6-m/nofp\libc_nano.a(lib_a-strstr.o)
 .ARM.attributes
                0x00000000000007af       0x2c c:/st/stm32cubeide_1.7.0/stm32cubeide/plugins/com.st.stm32cube.ide.mcu.externaltools.gnu-tools-for-stm32.9-2020-q2-update.win32_2.0.0.202105311346/tools/bin/../lib/gcc/arm-none-eabi/9.3.1/../../../../arm-none-eabi/lib/thumb/v6-m/nofp\libc_nano.a(lib_a-strtok_r.o)
 .ARM.attributes
                0x00000000000007db       0x2c c:/st/stm32cubeide_1.7.0/stm32cubeide/plugins/com.st.stm32cube.ide.mcu.externaltools.gnu-tools-for-stm32.9-2020-q2-update.win32_2.0.0.202105311346/tools/bin/../lib/gcc/arm-none-eabi/9.3.1/../../../../arm-none-eabi/lib/thumb/v6-m/nofp\libc_nano.a(lib_a-memchr-stub.o)
 .ARM.attributes
                0x0000000000000807       0x2c c:/st/stm32cubeide_1.7.0/stm32cubeide/plugins/com.st.stm32cube.ide.mcu.externaltools.gnu-tools-for-stm32.9-2020-q2-update.win32_2.0.0.202105311346/tools/bin/../lib/gcc/arm-none-eabi/9.3.1/../../../../arm-none-eabi/lib/thumb/v6-m/nofp\libc_nano.a(lib_a-memmem.o)
 .ARM.attributes
                0x0000000000000833       0x1e c:/st/stm32cubeide_1.7.0/stm32cubeide/plugins/com.st.stm32cube.ide.mcu.externaltools.gnu-tools-for-stm32.9-2020-q2-update.win32_2.0.0.202105311346/tools/bin/../lib/gcc/arm-none-eabi/9.3.1/thumb/v6-m/nofp\libgcc.a(_udivsi3.o)
 .ARM.attributes
                0x0000000000000851       0x1e c:/st/stm32cubeide_1.7.0/stm32cubeide/plugins/com.st.stm32cube.ide.mcu.externaltools.gnu-tools-for-stm32.9-2020-q2-update.win32_2.0.0.202105311346/tools/bin/../lib/gcc/arm-none-eabi/9.3.1/thumb/v6-m/nofp\libgcc.a(_dvmd_tls.o)
 .ARM.attributes
                0x000000000000086f       0x1e c:/st/stm32cubeide_1.7.0/stm32cubeide/plugins/com.st.stm32cube.ide.mcu.externaltools.gnu-tools-for-stm32.9-2020-q2-update.win32_2.0.0.202105311346/tools/bin/../lib/gcc/arm-none-eabi/9.3.1/thumb/v6-m/nofp/crtn.o
OUTPUT(Antenna Switch 6x2 New.elf elf32-littlearm)
LOAD linker stubs
LOAD c:/st/stm32cubeide_1.7.0/stm32cubeide/plugins/com.st.stm32cube.ide.mcu.externaltools.gnu-tools-for-stm32.9-2020-q2-update.win32_2.0.0.202105311346/tools/bin/../lib/gcc/arm-none-eabi/9.3.1/../../../../arm-none-eabi/lib/thumb/v6-m/nofp\libc.a
LOAD c:/st/stm32cubeide_1.7.0/stm32cubeide/plugins/com.st.stm32cube.ide.mcu.externaltools.gnu-tools-for-stm32.9-2020-q2-update.win32_2.0.0.202105311346/tools/bin/../lib/gcc/arm-none-eabi/9.3.1/../../../../arm-none-eabi/lib/thumb/v6-m/nofp\libm.a
LOAD c:/st/stm32cubeide_1.7.0/stm32cubeide/plugins/com.st.stm32cube.ide.mcu.externaltools.gnu-tools-for-stm32.9-2020-q2-update.win32_2.0.0.202105311346/tools/bin/../lib/gcc/arm-none-eabi/9.3.1/thumb/v6-m/nofp\libgcc.a

.debug_info     0x0000000000000000    0x2392c
 .debug_info    0x0000000000000000     0x1971 ./Drivers/Config/Config.o
 .debug_info    0x0000000000001971     0x181f ./Drivers/Flash_EEPROM/Flash_EEPROM.o
 .debug_info    0x0000000000003190      0x6d8 ./Drivers/STM32F0xx_HAL_Driver/Src/stm32f0xx_hal.o
 .debug_info    0x0000000000003868      0x7ba ./Drivers/STM32F0xx_HAL_Driver/Src/stm32f0xx_hal_cortex.o
 .debug_info    0x0000000000004022      0x806 ./Drivers/STM32F0xx_HAL_Driver/Src/stm32f0xx_hal_dma.o
 .debug_info    0x0000000000004828      0x5bc ./Drivers/STM32F0xx_HAL_Driver/Src/stm32f0xx_hal_flash.o
 .debug_info    0x0000000000004de4      0x7c6 ./Drivers/STM32F0xx_HAL_Driver/Src/stm32f0xx_hal_flash_ex.o
 .debug_info    0x00000000000055aa      0x6d2 ./Drivers/STM32F0xx_HAL_Driver/Src/stm32f0xx_hal_gpio.o
 .debug_info    0x0000000000005c7c      0x88d ./Drivers/STM32F0xx_HAL_Driver/Src/stm32f0xx_hal_rcc.o
 .debug_info    0x0000000000006509     0x17a5 ./Drivers/STM32F0xx_HAL_Driver/Src/stm32f0xx_hal_spi.o
 .debug_info    0x0000000000007cae     0x2bdd ./Drivers/STM32F0xx_HAL_Driver/Src/stm32f0xx_hal_tim.o
 .debug_info    0x000000000000a88b     0x154a ./Drivers/STM32F0xx_HAL_Driver/Src/stm32f0xx_hal_tim_ex.o
 .debug_info    0x000000000000bdd5     0x3cce ./Drivers/STM32F0xx_HAL_Driver/Src/stm32f0xx_hal_uart.o
 .debug_info    0x000000000000faa3      0xa85 ./Drivers/STM32F0xx_HAL_Driver/Src/stm32f0xx_hal_uart_ex.o
 .debug_info    0x0000000000010528      0x36f ./Src/CH395.o
 .debug_info    0x0000000000010897     0x22cb ./Src/CH395CMD.o
 .debug_info    0x0000000000012b62     0x1906 ./Src/CH395SPI_HW.o
 .debug_info    0x0000000000014468      0xaca ./Src/Config_user_define.o
 .debug_info    0x0000000000014f32      0x182 ./Src/Delay.o
 .debug_info    0x00000000000150b4      0xb98 ./Src/FS.o
 .debug_info    0x0000000000015c4c     0x18c2 ./Src/HTTPResponders.o
 .debug_info    0x000000000001750e     0x1e73 ./Src/HTTPServer.o
 .debug_info    0x0000000000019381     0x17b6 ./Src/Lib485.o
 .debug_info    0x000000000001ab37     0x1b40 ./Src/command_funcs_OTRSP.o
 .debug_info    0x000000000001c677      0xd80 ./Src/commands.o
 .debug_info    0x000000000001d3f7     0x2981 ./Src/main.o
 .debug_info    0x000000000001fd78     0x1f6f ./Src/stm32f0xx_hal_msp.o
 .debug_info    0x0000000000021ce7     0x1981 ./Src/stm32f0xx_it.o
 .debug_info    0x0000000000023668      0x2c4 ./Src/system_stm32f0xx.o

.debug_abbrev   0x0000000000000000     0x436f
 .debug_abbrev  0x0000000000000000      0x308 ./Drivers/Config/Config.o
 .debug_abbrev  0x0000000000000308      0x280 ./Drivers/Flash_EEPROM/Flash_EEPROM.o
 .debug_abbrev  0x0000000000000588      0x21b ./Drivers/STM32F0xx_HAL_Driver/Src/stm32f0xx_hal.o
 .debug_abbrev  0x00000000000007a3      0x2a6 ./Drivers/STM32F0xx_HAL_Driver/Src/stm32f0xx_hal_cortex.o
 .debug_abbrev  0x0000000000000a49      0x210 ./Drivers/STM32F0xx_HAL_Driver/Src/stm32f0xx_hal_dma.o
 .debug_abbrev  0x0000000000000c59      0x22c ./Drivers/STM32F0xx_HAL_Driver/Src/stm32f0xx_hal_flash.o
 .debug_abbrev  0x0000000000000e85      0x215 ./Drivers/STM32F0xx_HAL_Driver/Src/stm32f0xx_hal_flash_ex.o
 .debug_abbrev  0x000000000000109a      0x1e5 ./Drivers/STM32F0xx_HAL_Driver/Src/stm32f0xx_hal_gpio.o
 .debug_abbrev  0x000000000000127f      0x238 ./Drivers/STM32F0xx_HAL_Driver/Src/stm32f0xx_hal_rcc.o
 .debug_abbrev  0x00000000000014b7      0x251 ./Drivers/STM32F0xx_HAL_Driver/Src/stm32f0xx_hal_spi.o
 .debug_abbrev  0x0000000000001708      0x26c ./Drivers/STM32F0xx_HAL_Driver/Src/stm32f0xx_hal_tim.o
 .debug_abbrev  0x0000000000001974      0x274 ./Drivers/STM32F0xx_HAL_Driver/Src/stm32f0xx_hal_tim_ex.o
 .debug_abbrev  0x0000000000001be8      0x2bf ./Drivers/STM32F0xx_HAL_Driver/Src/stm32f0xx_hal_uart.o
 .debug_abbrev  0x0000000000001ea7      0x25e ./Drivers/STM32F0xx_HAL_Driver/Src/stm32f0xx_hal_uart_ex.o
 .debug_abbrev  0x0000000000002105      0x170 ./Src/CH395.o
 .debug_abbrev  0x0000000000002275      0x314 ./Src/CH395CMD.o
 .debug_abbrev  0x0000000000002589      0x282 ./Src/CH395SPI_HW.o
 .debug_abbrev  0x000000000000280b      0x1f1 ./Src/Config_user_define.o
 .debug_abbrev  0x00000000000029fc       0xd7 ./Src/Delay.o
 .debug_abbrev  0x0000000000002ad3      0x20d ./Src/FS.o
 .debug_abbrev  0x0000000000002ce0      0x25a ./Src/HTTPResponders.o
 .debug_abbrev  0x0000000000002f3a      0x37c ./Src/HTTPServer.o
 .debug_abbrev  0x00000000000032b6      0x262 ./Src/Lib485.o
 .debug_abbrev  0x0000000000003518      0x27e ./Src/command_funcs_OTRSP.o
 .debug_abbrev  0x0000000000003796      0x289 ./Src/commands.o
 .debug_abbrev  0x0000000000003a1f      0x360 ./Src/main.o
 .debug_abbrev  0x0000000000003d7f      0x28e ./Src/stm32f0xx_hal_msp.o
 .debug_abbrev  0x000000000000400d      0x220 ./Src/stm32f0xx_it.o
 .debug_abbrev  0x000000000000422d      0x142 ./Src/system_stm32f0xx.o

.debug_aranges  0x0000000000000000     0x1408
 .debug_aranges
                0x0000000000000000       0x60 ./Drivers/Config/Config.o
 .debug_aranges
                0x0000000000000060       0x28 ./Drivers/Flash_EEPROM/Flash_EEPROM.o
 .debug_aranges
                0x0000000000000088       0xd0 ./Drivers/STM32F0xx_HAL_Driver/Src/stm32f0xx_hal.o
 .debug_aranges
                0x0000000000000158       0xc0 ./Drivers/STM32F0xx_HAL_Driver/Src/stm32f0xx_hal_cortex.o
 .debug_aranges
                0x0000000000000218       0x88 ./Drivers/STM32F0xx_HAL_Driver/Src/stm32f0xx_hal_dma.o
 .debug_aranges
                0x00000000000002a0       0x88 ./Drivers/STM32F0xx_HAL_Driver/Src/stm32f0xx_hal_flash.o
 .debug_aranges
                0x0000000000000328       0x98 ./Drivers/STM32F0xx_HAL_Driver/Src/stm32f0xx_hal_flash_ex.o
 .debug_aranges
                0x00000000000003c0       0x58 ./Drivers/STM32F0xx_HAL_Driver/Src/stm32f0xx_hal_gpio.o
 .debug_aranges
                0x0000000000000418       0x80 ./Drivers/STM32F0xx_HAL_Driver/Src/stm32f0xx_hal_rcc.o
 .debug_aranges
                0x0000000000000498      0x1d8 ./Drivers/STM32F0xx_HAL_Driver/Src/stm32f0xx_hal_spi.o
 .debug_aranges
                0x0000000000000670      0x3d0 ./Drivers/STM32F0xx_HAL_Driver/Src/stm32f0xx_hal_tim.o
 .debug_aranges
                0x0000000000000a40      0x168 ./Drivers/STM32F0xx_HAL_Driver/Src/stm32f0xx_hal_tim_ex.o
 .debug_aranges
                0x0000000000000ba8      0x218 ./Drivers/STM32F0xx_HAL_Driver/Src/stm32f0xx_hal_uart.o
 .debug_aranges
                0x0000000000000dc0       0x48 ./Drivers/STM32F0xx_HAL_Driver/Src/stm32f0xx_hal_uart_ex.o
 .debug_aranges
                0x0000000000000e08       0x28 ./Src/CH395.o
 .debug_aranges
                0x0000000000000e30      0x1f8 ./Src/CH395CMD.o
 .debug_aranges
                0x0000000000001028       0x38 ./Src/CH395SPI_HW.o
 .debug_aranges
                0x0000000000001060       0x20 ./Src/Config_user_define.o
 .debug_aranges
                0x0000000000001080       0x20 ./Src/Delay.o
 .debug_aranges
                0x00000000000010a0       0x38 ./Src/FS.o
 .debug_aranges
                0x00000000000010d8       0x50 ./Src/HTTPResponders.o
 .debug_aranges
                0x0000000000001128       0xa0 ./Src/HTTPServer.o
 .debug_aranges
                0x00000000000011c8       0x48 ./Src/Lib485.o
 .debug_aranges
                0x0000000000001210       0x48 ./Src/command_funcs_OTRSP.o
 .debug_aranges
                0x0000000000001258       0x50 ./Src/commands.o
 .debug_aranges
                0x00000000000012a8       0x90 ./Src/main.o
 .debug_aranges
                0x0000000000001338       0x50 ./Src/stm32f0xx_hal_msp.o
 .debug_aranges
                0x0000000000001388       0x58 ./Src/stm32f0xx_it.o
 .debug_aranges
                0x00000000000013e0       0x28 ./Src/system_stm32f0xx.o

.debug_ranges   0x0000000000000000     0x12b0
 .debug_ranges  0x0000000000000000       0x50 ./Drivers/Config/Config.o
 .debug_ranges  0x0000000000000050       0x18 ./Drivers/Flash_EEPROM/Flash_EEPROM.o
 .debug_ranges  0x0000000000000068       0xc0 ./Drivers/STM32F0xx_HAL_Driver/Src/stm32f0xx_hal.o
 .debug_ranges  0x0000000000000128       0xb0 ./Drivers/STM32F0xx_HAL_Driver/Src/stm32f0xx_hal_cortex.o
 .debug_ranges  0x00000000000001d8       0x78 ./Drivers/STM32F0xx_HAL_Driver/Src/stm32f0xx_hal_dma.o
 .debug_ranges  0x0000000000000250       0x78 ./Drivers/STM32F0xx_HAL_Driver/Src/stm32f0xx_hal_flash.o
 .debug_ranges  0x00000000000002c8       0x88 ./Drivers/STM32F0xx_HAL_Driver/Src/stm32f0xx_hal_flash_ex.o
 .debug_ranges  0x0000000000000350       0x48 ./Drivers/STM32F0xx_HAL_Driver/Src/stm32f0xx_hal_gpio.o
 .debug_ranges  0x0000000000000398       0x70 ./Drivers/STM32F0xx_HAL_Driver/Src/stm32f0xx_hal_rcc.o
 .debug_ranges  0x0000000000000408      0x1c8 ./Drivers/STM32F0xx_HAL_Driver/Src/stm32f0xx_hal_spi.o
 .debug_ranges  0x00000000000005d0      0x3c0 ./Drivers/STM32F0xx_HAL_Driver/Src/stm32f0xx_hal_tim.o
 .debug_ranges  0x0000000000000990      0x158 ./Drivers/STM32F0xx_HAL_Driver/Src/stm32f0xx_hal_tim_ex.o
 .debug_ranges  0x0000000000000ae8      0x238 ./Drivers/STM32F0xx_HAL_Driver/Src/stm32f0xx_hal_uart.o
 .debug_ranges  0x0000000000000d20       0x38 ./Drivers/STM32F0xx_HAL_Driver/Src/stm32f0xx_hal_uart_ex.o
 .debug_ranges  0x0000000000000d58       0x30 ./Src/CH395.o
 .debug_ranges  0x0000000000000d88      0x1e8 ./Src/CH395CMD.o
 .debug_ranges  0x0000000000000f70       0x28 ./Src/CH395SPI_HW.o
 .debug_ranges  0x0000000000000f98       0x10 ./Src/Config_user_define.o
 .debug_ranges  0x0000000000000fa8       0x10 ./Src/Delay.o
 .debug_ranges  0x0000000000000fb8       0x28 ./Src/FS.o
 .debug_ranges  0x0000000000000fe0       0x40 ./Src/HTTPResponders.o
 .debug_ranges  0x0000000000001020       0xa8 ./Src/HTTPServer.o
 .debug_ranges  0x00000000000010c8       0x38 ./Src/Lib485.o
 .debug_ranges  0x0000000000001100       0x38 ./Src/command_funcs_OTRSP.o
 .debug_ranges  0x0000000000001138       0x58 ./Src/commands.o
 .debug_ranges  0x0000000000001190       0x80 ./Src/main.o
 .debug_ranges  0x0000000000001210       0x40 ./Src/stm32f0xx_hal_msp.o
 .debug_ranges  0x0000000000001250       0x48 ./Src/stm32f0xx_it.o
 .debug_ranges  0x0000000000001298       0x18 ./Src/system_stm32f0xx.o

.debug_line     0x0000000000000000    0x12ca3
 .debug_line    0x0000000000000000      0x637 ./Drivers/Config/Config.o
 .debug_line    0x0000000000000637      0x5f9 ./Drivers/Flash_EEPROM/Flash_EEPROM.o
 .debug_line    0x0000000000000c30      0x531 ./Drivers/STM32F0xx_HAL_Driver/Src/stm32f0xx_hal.o
 .debug_line    0x0000000000001161      0x5d5 ./Drivers/STM32F0xx_HAL_Driver/Src/stm32f0xx_hal_cortex.o
 .debug_line    0x0000000000001736      0x854 ./Drivers/STM32F0xx_HAL_Driver/Src/stm32f0xx_hal_dma.o
 .debug_line    0x0000000000001f8a      0x5fa ./Drivers/STM32F0xx_HAL_Driver/Src/stm32f0xx_hal_flash.o
 .debug_line    0x0000000000002584      0x6e6 ./Drivers/STM32F0xx_HAL_Driver/Src/stm32f0xx_hal_flash_ex.o
 .debug_line    0x0000000000002c6a      0x69d ./Drivers/STM32F0xx_HAL_Driver/Src/stm32f0xx_hal_gpio.o
 .debug_line    0x0000000000003307      0x930 ./Drivers/STM32F0xx_HAL_Driver/Src/stm32f0xx_hal_rcc.o
 .debug_line    0x0000000000003c37     0x1a9b ./Drivers/STM32F0xx_HAL_Driver/Src/stm32f0xx_hal_spi.o
 .debug_line    0x00000000000056d2     0x323f ./Drivers/STM32F0xx_HAL_Driver/Src/stm32f0xx_hal_tim.o
 .debug_line    0x0000000000008911     0x14d3 ./Drivers/STM32F0xx_HAL_Driver/Src/stm32f0xx_hal_tim_ex.o
 .debug_line    0x0000000000009de4     0x2742 ./Drivers/STM32F0xx_HAL_Driver/Src/stm32f0xx_hal_uart.o
 .debug_line    0x000000000000c526      0x5d0 ./Drivers/STM32F0xx_HAL_Driver/Src/stm32f0xx_hal_uart_ex.o
 .debug_line    0x000000000000caf6      0x344 ./Src/CH395.o
 .debug_line    0x000000000000ce3a      0xe93 ./Src/CH395CMD.o
 .debug_line    0x000000000000dccd      0x498 ./Src/CH395SPI_HW.o
 .debug_line    0x000000000000e165      0x377 ./Src/Config_user_define.o
 .debug_line    0x000000000000e4dc      0x25f ./Src/Delay.o
 .debug_line    0x000000000000e73b      0x443 ./Src/FS.o
 .debug_line    0x000000000000eb7e      0x634 ./Src/HTTPResponders.o
 .debug_line    0x000000000000f1b2      0xce2 ./Src/HTTPServer.o
 .debug_line    0x000000000000fe94      0x525 ./Src/Lib485.o
 .debug_line    0x00000000000103b9      0x827 ./Src/command_funcs_OTRSP.o
 .debug_line    0x0000000000010be0      0x6c8 ./Src/commands.o
 .debug_line    0x00000000000112a8      0xcc2 ./Src/main.o
 .debug_line    0x0000000000011f6a      0x577 ./Src/stm32f0xx_hal_msp.o
 .debug_line    0x00000000000124e1      0x4bf ./Src/stm32f0xx_it.o
 .debug_line    0x00000000000129a0      0x303 ./Src/system_stm32f0xx.o

.debug_str      0x0000000000000000     0x5ad5
 .debug_str     0x0000000000000000      0xef3 ./Drivers/Config/Config.o
                                       0x106b (size before relaxing)
 .debug_str     0x0000000000000ef3      0x13f ./Drivers/Flash_EEPROM/Flash_EEPROM.o
                                        0xfa5 (size before relaxing)
 .debug_str     0x0000000000001032      0x43d ./Drivers/STM32F0xx_HAL_Driver/Src/stm32f0xx_hal.o
                                        0x69d (size before relaxing)
 .debug_str     0x000000000000146f      0x2a9 ./Drivers/STM32F0xx_HAL_Driver/Src/stm32f0xx_hal_cortex.o
                                        0x6af (size before relaxing)
 .debug_str     0x0000000000001718      0x257 ./Drivers/STM32F0xx_HAL_Driver/Src/stm32f0xx_hal_dma.o
                                        0x6c4 (size before relaxing)
 .debug_str     0x000000000000196f      0x280 ./Drivers/STM32F0xx_HAL_Driver/Src/stm32f0xx_hal_flash.o
                                        0x5a7 (size before relaxing)
 .debug_str     0x0000000000001bef      0x26b ./Drivers/STM32F0xx_HAL_Driver/Src/stm32f0xx_hal_flash_ex.o
                                        0x6a4 (size before relaxing)
 .debug_str     0x0000000000001e5a      0x18a ./Drivers/STM32F0xx_HAL_Driver/Src/stm32f0xx_hal_gpio.o
                                        0x4bb (size before relaxing)
 .debug_str     0x0000000000001fe4      0x30b ./Drivers/STM32F0xx_HAL_Driver/Src/stm32f0xx_hal_rcc.o
                                        0x69e (size before relaxing)
 .debug_str     0x00000000000022ef      0x715 ./Drivers/STM32F0xx_HAL_Driver/Src/stm32f0xx_hal_spi.o
                                        0xc1d (size before relaxing)
 .debug_str     0x0000000000002a04     0x1173 ./Drivers/STM32F0xx_HAL_Driver/Src/stm32f0xx_hal_tim.o
                                       0x16a7 (size before relaxing)
 .debug_str     0x0000000000003b77      0x5c5 ./Drivers/STM32F0xx_HAL_Driver/Src/stm32f0xx_hal_tim_ex.o
                                        0xe58 (size before relaxing)
 .debug_str     0x000000000000413c      0x759 ./Drivers/STM32F0xx_HAL_Driver/Src/stm32f0xx_hal_uart.o
                                        0xebf (size before relaxing)
 .debug_str     0x0000000000004895      0x112 ./Drivers/STM32F0xx_HAL_Driver/Src/stm32f0xx_hal_uart_ex.o
                                        0x835 (size before relaxing)
 .debug_str     0x00000000000049a7       0xa9 ./Src/CH395.o
                                        0x388 (size before relaxing)
 .debug_str     0x0000000000004a50      0x5a3 ./Src/CH395CMD.o
                                       0x1422 (size before relaxing)
 .debug_str     0x0000000000004ff3       0x60 ./Src/CH395SPI_HW.o
                                       0x104d (size before relaxing)
 .debug_str     0x0000000000005053       0x28 ./Src/Config_user_define.o
                                        0x6b4 (size before relaxing)
 .debug_str     0x000000000000507b       0x18 ./Src/Delay.o
                                        0x252 (size before relaxing)
 .debug_str     0x0000000000005093       0x4e ./Src/FS.o
                                        0x631 (size before relaxing)
 .debug_str     0x00000000000050e1       0x70 ./Src/HTTPResponders.o
                                        0xfb2 (size before relaxing)
 .debug_str     0x0000000000005151      0x2e9 ./Src/HTTPServer.o
                                       0x1170 (size before relaxing)
 .debug_str     0x000000000000543a       0xfc ./Src/Lib485.o
                                        0xf7a (size before relaxing)
 .debug_str     0x0000000000005536      0x106 ./Src/command_funcs_OTRSP.o
                                       0x109f (size before relaxing)
 .debug_str     0x000000000000563c       0x92 ./Src/commands.o
                                        0x724 (size before relaxing)
 .debug_str     0x00000000000056ce      0x2ec ./Src/main.o
                                       0x1adc (size before relaxing)
 .debug_str     0x00000000000059ba       0x25 ./Src/stm32f0xx_hal_msp.o
                                       0x15a4 (size before relaxing)
 .debug_str     0x00000000000059df       0x9c ./Src/stm32f0xx_it.o
                                       0x11d2 (size before relaxing)
 .debug_str     0x0000000000005a7b       0x5a ./Src/system_stm32f0xx.o
                                        0x2e7 (size before relaxing)

.comment        0x0000000000000000       0x53
 .comment       0x0000000000000000       0x53 ./Drivers/Config/Config.o
                                         0x54 (size before relaxing)
 .comment       0x0000000000000053       0x54 ./Drivers/Flash_EEPROM/Flash_EEPROM.o
 .comment       0x0000000000000053       0x54 ./Drivers/STM32F0xx_HAL_Driver/Src/stm32f0xx_hal.o
 .comment       0x0000000000000053       0x54 ./Drivers/STM32F0xx_HAL_Driver/Src/stm32f0xx_hal_cortex.o
 .comment       0x0000000000000053       0x54 ./Drivers/STM32F0xx_HAL_Driver/Src/stm32f0xx_hal_dma.o
 .comment       0x0000000000000053       0x54 ./Drivers/STM32F0xx_HAL_Driver/Src/stm32f0xx_hal_flash.o
 .comment       0x0000000000000053       0x54 ./Drivers/STM32F0xx_HAL_Driver/Src/stm32f0xx_hal_flash_ex.o
 .comment       0x0000000000000053       0x54 ./Drivers/STM32F0xx_HAL_Driver/Src/stm32f0xx_hal_gpio.o
 .comment       0x0000000000000053       0x54 ./Drivers/STM32F0xx_HAL_Driver/Src/stm32f0xx_hal_rcc.o
 .comment       0x0000000000000053       0x54 ./Drivers/STM32F0xx_HAL_Driver/Src/stm32f0xx_hal_spi.o
 .comment       0x0000000000000053       0x54 ./Drivers/STM32F0xx_HAL_Driver/Src/stm32f0xx_hal_tim.o
 .comment       0x0000000000000053       0x54 ./Drivers/STM32F0xx_HAL_Driver/Src/stm32f0xx_hal_tim_ex.o
 .comment       0x0000000000000053       0x54 ./Drivers/STM32F0xx_HAL_Driver/Src/stm32f0xx_hal_uart.o
 .comment       0x0000000000000053       0x54 ./Drivers/STM32F0xx_HAL_Driver/Src/stm32f0xx_hal_uart_ex.o
 .comment       0x0000000000000053       0x54 ./Src/CH395.o
 .comment       0x0000000000000053       0x54 ./Src/CH395CMD.o
 .comment       0x0000000000000053       0x54 ./Src/CH395SPI_HW.o
 .comment       0x0000000000000053       0x54 ./Src/Config_user_define.o
 .comment       0x0000000000000053       0x54 ./Src/Delay.o
 .comment       0x0000000000000053       0x54 ./Src/FS.o
 .comment       0x0000000000000053       0x54 ./Src/HTTPResponders.o
 .comment       0x0000000000000053       0x54 ./Src/HTTPServer.o
 .comment       0x0000000000000053       0x54 ./Src/Lib485.o
 .comment       0x0000000000000053       0x54 ./Src/command_funcs_OTRSP.o
 .comment       0x0000000000000053       0x54 ./Src/commands.o
 .comment       0x0000000000000053       0x54 ./Src/main.o
 .comment       0x0000000000000053       0x54 ./Src/stm32f0xx_hal_msp.o
 .comment       0x0000000000000053       0x54 ./Src/stm32f0xx_it.o
 .comment       0x0000000000000053       0x54 ./Src/system_stm32f0xx.o

.debug_frame    0x0000000000000000     0x49a0
 .debug_frame   0x0000000000000000      0x130 ./Drivers/Config/Config.o
 .debug_frame   0x0000000000000130       0x54 ./Drivers/Flash_EEPROM/Flash_EEPROM.o
 .debug_frame   0x0000000000000184      0x2a4 ./Drivers/STM32F0xx_HAL_Driver/Src/stm32f0xx_hal.o
 .debug_frame   0x0000000000000428      0x2a0 ./Drivers/STM32F0xx_HAL_Driver/Src/stm32f0xx_hal_cortex.o
 .debug_frame   0x00000000000006c8      0x1d0 ./Drivers/STM32F0xx_HAL_Driver/Src/stm32f0xx_hal_dma.o
 .debug_frame   0x0000000000000898      0x1c4 ./Drivers/STM32F0xx_HAL_Driver/Src/stm32f0xx_hal_flash.o
 .debug_frame   0x0000000000000a5c      0x220 ./Drivers/STM32F0xx_HAL_Driver/Src/stm32f0xx_hal_flash_ex.o
 .debug_frame   0x0000000000000c7c      0x110 ./Drivers/STM32F0xx_HAL_Driver/Src/stm32f0xx_hal_gpio.o
 .debug_frame   0x0000000000000d8c      0x198 ./Drivers/STM32F0xx_HAL_Driver/Src/stm32f0xx_hal_rcc.o
 .debug_frame   0x0000000000000f24      0x710 ./Drivers/STM32F0xx_HAL_Driver/Src/stm32f0xx_hal_spi.o
 .debug_frame   0x0000000000001634      0xf00 ./Drivers/STM32F0xx_HAL_Driver/Src/stm32f0xx_hal_tim.o
 .debug_frame   0x0000000000002534      0x560 ./Drivers/STM32F0xx_HAL_Driver/Src/stm32f0xx_hal_tim_ex.o
 .debug_frame   0x0000000000002a94      0x810 ./Drivers/STM32F0xx_HAL_Driver/Src/stm32f0xx_hal_uart.o
 .debug_frame   0x00000000000032a4       0xd8 ./Drivers/STM32F0xx_HAL_Driver/Src/stm32f0xx_hal_uart_ex.o
 .debug_frame   0x000000000000337c       0x54 ./Src/CH395.o