Archive member included to satisfy reference by file (symbol)

c:/st/stm32cubeide_1.7.0/stm32cubeide/plugins/com.st.stm32cube.ide.mcu.externaltools.gnu-tools-for-stm32.9-2020-q2-update.win32_2.0.0.202105311346/tools/bin/../lib/gcc/arm-none-eabi/9.3.1/../../../../arm-none-eabi/lib/thumb/v6-m/nofp\libc_nano.a(lib_a-errno.o)
                              ./Src/syscalls.o (__errno)
c:/st/stm32cubeide_1.7.0/stm32cubeide/plugins/com.st.stm32cube.ide.mcu.externaltools.gnu-tools-for-stm32.9-2020-q2-update.win32_2.0.0.202105311346/tools/bin/../lib/gcc/arm-none-eabi/9.3.1/../../../../arm-none-eabi/lib/thumb/v6-m/nofp\libc_nano.a(lib_a-exit.o)
                              c:/st/stm32cubeide_1.7.0/stm32cubeide/plugins/com.st.stm32cube.ide.mcu.externaltools.gnu-tools-for-stm32.9-2020-q2-update.win32_2.0.0.202105311346/tools/bin/../lib/gcc/arm-none-eabi/9.3.1/../../../../arm-none-eabi/lib/thumb/v6-m/nofp/crt0.o (exit)
c:/st/stm32cubeide_1.7.0/stm32cubeide/plugins/com.st.stm32cube.ide.mcu.externaltools.gnu-tools-for-stm32.9-2020-q2-update.win32_2.0.0.202105311346/tools/bin/../lib/gcc/arm-none-eabi/9.3.1/../../../../arm-none-eabi/lib/thumb/v6-m/nofp\libc_nano.a(lib_a-impure.o)
                              c:/st/stm32cubeide_1.7.0/stm32cubeide/plugins/com.st.stm32cube.ide.mcu.externaltools.gnu-tools-for-stm32.9-2020-q2-update.win32_2.0.0.202105311346/tools/bin/../lib/gcc/arm-none-eabi/9.3.1/../../../../arm-none-eabi/lib/thumb/v6-m/nofp\libc_nano.a(lib_a-exit.o) (_global_impure_ptr)
c:/st/stm32cubeide_1.7.0/stm32cubeide/plugins/com.st.stm32cube.ide.mcu.externaltools.gnu-tools-for-stm32.9-2020-q2-update.win32_2.0.0.202105311346/tools/bin/../lib/gcc/arm-none-eabi/9.3.1/../../../../arm-none-eabi/lib/thumb/v6-m/nofp\libc_nano.a(lib_a-init.o)
                              c:/st/stm32cubeide_1.7.0/stm32cubeide/plugins/com.st.stm32cube.ide.mcu.externaltools.gnu-tools-for-stm32.9-2020-q2-update.win32_2.0.0.202105311346/tools/bin/../lib/gcc/arm-none-eabi/9.3.1/../../../../arm-none-eabi/lib/thumb/v6-m/nofp/crt0.o (__libc_init_array)
c:/st/stm32cubeide_1.7.0/stm32cubeide/plugins/com.st.stm32cube.ide.mcu.externaltools.gnu-tools-for-stm32.9-2020-q2-update.win32_2.0.0.202105311346/tools/bin/../lib/gcc/arm-none-eabi/9.3.1/../../../../arm-none-eabi/lib/thumb/v6-m/nofp\libc_nano.a(lib_a-memcpy-stub.o)
                              ./Drivers/Config/Config.o (memcpy)
c:/st/stm32cubeide_1.7.0/stm32cubeide/plugins/com.st.stm32cube.ide.mcu.externaltools.gnu-tools-for-stm32.9-2020-q2-update.win32_2.0.0.202105311346/tools/bin/../lib/gcc/arm-none-eabi/9.3.1/../../../../arm-none-eabi/lib/thumb/v6-m/nofp\libc_nano.a(lib_a-memset.o)
                              c:/st/stm32cubeide_1.7.0/stm32cubeide/plugins/com.st.stm32cube.ide.mcu.externaltools.gnu-tools-for-stm32.9-2020-q2-update.win32_2.0.0.202105311346/tools/bin/../lib/gcc/arm-none-eabi/9.3.1/../../../../arm-none-eabi/lib/thumb/v6-m/nofp/crt0.o (memset)
c:/st/stm32cubeide_1.7.0/stm32cubeide/plugins/com.st.stm32cube.ide.mcu.externaltools.gnu-tools-for-stm32.9-2020-q2-update.win32_2.0.0.202105311346/tools/bin/../lib/gcc/arm-none-eabi/9.3.1/../../../../arm-none-eabi/lib/thumb/v6-m/nofp\libc_nano.a(lib_a-strcat.o)
                              ./Src/HTTPServer.o (strcat)
c:/st/stm32cubeide_1.7.0/stm32cubeide/plugins/com.st.stm32cube.ide.mcu.externaltools.gnu-tools-for-stm32.9-2020-q2-update.win32_2.0.0.202105311346/tools/bin/../lib/gcc/arm-none-eabi/9.3.1/../../../../arm-none-eabi/lib/thumb/v6-m/nofp\libc_nano.a(lib_a-strchr.o)
                              ./Src/HTTPServer.o (strchr)
c:/st/stm32cubeide_1.7.0/stm32cubeide/plugins/com.st.stm32cube.ide.mcu.externaltools.gnu-tools-for-stm32.9-2020-q2-update.win32_2.0.0.202105311346/tools/bin/../lib/gcc/arm-none-eabi/9.3.1/../../../../arm-none-eabi/lib/thumb/v6-m/nofp\libc_nano.a(lib_a-strcmp.o)
                              ./Drivers/Config/Config.o (strcmp)
c:/st/stm32cubeide_1.7.0/stm32cubeide/plugins/com.st.stm32cube.ide.mcu.externaltools.gnu-tools-for-stm32.9-2020-q2-update.win32_2.0.0.202105311346/tools/bin/../lib/gcc/arm-none-eabi/9.3.1/../../../../arm-none-eabi/lib/thumb/v6-m/nofp\libc_nano.a(lib_a-strcpy.o)
                              ./Src/HTTPServer.o (strcpy)
c:/st/stm32cubeide_1.7.0/stm32cubeide/plugins/com.st.stm32cube.ide.mcu.externaltools.gnu-tools-for-stm32.9-2020-q2-update.win32_2.0.0.202105311346/tools/bin/../lib/gcc/arm-none-eabi/9.3.1/../../../../arm-none-eabi/lib/thumb/v6-m/nofp\libc_nano.a(lib_a-strlcpy.o)
                              ./Src/Config_user_define.o (strlcpy)
c:/st/stm32cubeide_1.7.0/stm32cubeide/plugins/com.st.stm32cube.ide.mcu.externaltools.gnu-tools-for-stm32.9-2020-q2-update.win32_2.0.0.202105311346/tools/bin/../lib/gcc/arm-none-eabi/9.3.1/../../../../arm-none-eabi/lib/thumb/v6-m/nofp\libc_nano.a(lib_a-strlen.o)
                              ./Src/HTTPResponders.o (strlen)
[...]
Memory Configuration

Name             Origin             Length             Attributes
RAM              0x0000000020000000 0x0000000000002000 xrw
FLASH            0x0000000008000000 0x0000000000010000 xr
*default*        0x0000000000000000 0xffffffffffffffff

Linker script and memory map

LOAD c:/st/stm32cubeide_1.7.0/stm32cubeide/plugins/com.st.stm32cube.ide.mcu.externaltools.gnu-tools-for-stm32.9-2020-q2-update.win32_2.0.0.202105311346/tools/bin/../lib/gcc/arm-none-eabi/9.3.1/thumb/v6-m/nofp/crti.o
LOAD c:/st/stm32cubeide_1.7.0/stm32cubeide/plugins/com.st.stm32cube.ide.mcu.externaltools.gnu-tools-for-stm32.9-2020-q2-update.win32_2.0.0.202105311346/tools/bin/../lib/gcc/arm-none-eabi/9.3.1/thumb/v6-m/nofp/crtbegin.o
LOAD c:/st/stm32cubeide_1.7.0/stm32cubeide/plugins/com.st.stm32cube.ide.mcu.externaltools.gnu-tools-for-stm32.9-2020-q2-update.win32_2.0.0.202105311346/tools/bin/../lib/gcc/arm-none-eabi/9.3.1/../../../../arm-none-eabi/lib/thumb/v6-m/nofp/crt0.o
LOAD ./Drivers/Config/Config.o
LOAD ./Drivers/Flash_EEPROM/Flash_EEPROM.o
LOAD ./Drivers/LiteSHA1/LiteSHA1.o
LOAD ./Drivers/STM32F0xx_HAL_Driver/Src/stm32f0xx_hal.o
LOAD ./Drivers/STM32F0xx_HAL_Driver/Src/stm32f0xx_hal_cortex.o
LOAD ./Drivers/STM32F0xx_HAL_Driver/Src/stm32f0xx_hal_dma.o
LOAD ./Drivers/STM32F0xx_HAL_Driver/Src/stm32f0xx_hal_exti.o
LOAD ./Drivers/STM32F0xx_HAL_Driver/Src/stm32f0xx_hal_flash.o
LOAD ./Drivers/STM32F0xx_HAL_Driver/Src/stm32f0xx_hal_flash_ex.o
LOAD ./Drivers/STM32F0xx_HAL_Driver/Src/stm32f0xx_hal_gpio.o
LOAD ./Drivers/STM32F0xx_HAL_Driver/Src/stm32f0xx_hal_i2c.o
LOAD ./Drivers/STM32F0xx_HAL_Driver/Src/stm32f0xx_hal_i2c_ex.o
LOAD ./Drivers/STM32F0xx_HAL_Driver/Src/stm32f0xx_hal_iwdg.o
LOAD ./Drivers/STM32F0xx_HAL_Driver/Src/stm32f0xx_hal_pwr.o
LOAD ./Drivers/STM32F0xx_HAL_Driver/Src/stm32f0xx_hal_pwr_ex.o
LOAD ./Drivers/STM32F0xx_HAL_Driver/Src/stm32f0xx_hal_rcc.o
LOAD ./Drivers/STM32F0xx_HAL_Driver/Src/stm32f0xx_hal_rcc_ex.o
LOAD ./Drivers/STM32F0xx_HAL_Driver/Src/stm32f0xx_hal_spi.o
LOAD ./Drivers/STM32F0xx_HAL_Driver/Src/stm32f0xx_hal_spi_ex.o
LOAD ./Drivers/STM32F0xx_HAL_Driver/Src/stm32f0xx_hal_tim.o
LOAD ./Drivers/STM32F0xx_HAL_Driver/Src/stm32f0xx_hal_tim_ex.o
LOAD ./Drivers/STM32F0xx_HAL_Driver/Src/stm32f0xx_hal_uart.o
LOAD ./Drivers/STM32F0xx_HAL_Driver/Src/stm32f0xx_hal_uart_ex.o
LOAD ./Drivers/SerialOverTCP/SerialOverTCP.o
LOAD ./Drivers/kfifo_DMA/kfifo_DMA.o
LOAD ./Src/CH395.o
LOAD ./Src/CH395CMD.o
LOAD ./Src/CH395SPI_HW.o
LOAD ./Src/Config_user_define.o
LOAD ./Src/Delay.o
LOAD ./Src/FS.o
LOAD ./Src/HTTPResponders.o
LOAD ./Src/HTTPServer.o
LOAD ./Src/Lib485.o
LOAD ./Src/WSServer.o
LOAD ./Src/command_funcs_OTRSP.o
LOAD ./Src/commands.o
LOAD ./Src/main.o
LOAD ./Src/my_websocket.o
LOAD ./Src/stm32f0xx_hal_msp.o
LOAD ./Src/stm32f0xx_it.o
LOAD ./Src/syscalls.o
LOAD ./Src/sysmem.o
LOAD ./Src/system_stm32f0xx.o
LOAD ./Startup/startup_stm32f030c8tx.o
START GROUP
LOAD c:/st/stm32cubeide_1.7.0/stm32cubeide/plugins/com.st.stm32cube.ide.mcu.externaltools.gnu-tools-for-stm32.9-2020-q2-update.win32_2.0.0.202105311346/tools/bin/../lib/gcc/arm-none-eabi/9.3.1/../../../../arm-none-eabi/lib/thumb/v6-m/nofp\libc_nano.a
LOAD c:/st/stm32cubeide_1.7.0/stm32cubeide/plugins/com.st.stm32cube.ide.mcu.externaltools.gnu-tools-for-stm32.9-2020-q2-update.win32_2.0.0.202105311346/tools/bin/../lib/gcc/arm-none-eabi/9.3.1/../../../../arm-none-eabi/lib/thumb/v6-m/nofp\libm.a
END GROUP
START GROUP
LOAD c:/st/stm32cubeide_1.7.0/stm32cubeide/plugins/com.st.stm32cube.ide.mcu.externaltools.gnu-tools-for-stm32.9-2020-q2-update.win32_2.0.0.202105311346/tools/bin/../lib/gcc/arm-none-eabi/9.3.1/thumb/v6-m/nofp\libgcc.a
LOAD c:/st/stm32cubeide_1.7.0/stm32cubeide/plugins/com.st.stm32cube.ide.mcu.externaltools.gnu-tools-for-stm32.9-2020-q2-update.win32_2.0.0.202105311346/tools/bin/../lib/gcc/arm-none-eabi/9.3.1/../../../../arm-none-eabi/lib/thumb/v6-m/nofp\libc_nano.a
END GROUP
START GROUP
LOAD c:/st/stm32cubeide_1.7.0/stm32cubeide/plugins/com.st.stm32cube.ide.mcu.externaltools.gnu-tools-for-stm32.9-2020-q2-update.win32_2.0.0.202105311346/tools/bin/../lib/gcc/arm-none-eabi/9.3.1/thumb/v6-m/nofp\libgcc.a
LOAD c:/st/stm32cubeide_1.7.0/stm32cubeide/plugins/com.st.stm32cube.ide.mcu.externaltools.gnu-tools-for-stm32.9-2020-q2-update.win32_2.0.0.202105311346/tools/bin/../lib/gcc/arm-none-eabi/9.3.1/../../../../arm-none-eabi/lib/thumb/v6-m/nofp\libc_nano.a
LOAD c:/st/stm32cubeide_1.7.0/stm32cubeide/plugins/com.st.stm32cube.ide.mcu.externaltools.gnu-tools-for-stm32.9-2020-q2-update.win32_2.0.0.202105311346/tools/bin/../lib/gcc/arm-none-eabi/9.3.1/../../../../arm-none-eabi/lib/thumb/v6-m/nofp\libnosys.a
END GROUP
START GROUP
LOAD c:/st/stm32cubeide_1.7.0/stm32cubeide/plugins/com.st.stm32cube.ide.mcu.externaltools.gnu-tools-for-stm32.9-2020-q2-update.win32_2.0.0.202105311346/tools/bin/../lib/gcc/arm-none-eabi/9.3.1/thumb/v6-m/nofp\libgcc.a
LOAD c:/st/stm32cubeide_1.7.0/stm32cubeide/plugins/com.st.stm32cube.ide.mcu.externaltools.gnu-tools-for-stm32.9-2020-q2-update.win32_2.0.0.202105311346/tools/bin/../lib/gcc/arm-none-eabi/9.3.1/../../../../arm-none-eabi/lib/thumb/v6-m/nofp\libc_nano.a
LOAD c:/st/stm32cubeide_1.7.0/stm32cubeide/plugins/com.st.stm32cube.ide.mcu.externaltools.gnu-tools-for-stm32.9-2020-q2-update.win32_2.0.0.202105311346/tools/bin/../lib/gcc/arm-none-eabi/9.3.1/../../../../arm-none-eabi/lib/thumb/v6-m/nofp\libnosys.a
END GROUP
LOAD c:/st/stm32cubeide_1.7.0/stm32cubeide/plugins/com.st.stm32cube.ide.mcu.externaltools.gnu-tools-for-stm32.9-2020-q2-update.win32_2.0.0.202105311346/tools/bin/../lib/gcc/arm-none-eabi/9.3.1/thumb/v6-m/nofp/crtend.o
LOAD c:/st/stm32cubeide_1.7.0/stm32cubeide/plugins/com.st.stm32cube.ide.mcu.externaltools.gnu-tools-for-stm32.9-2020-q2-update.win32_2.0.0.202105311346/tools/bin/../lib/gcc/arm-none-eabi/9.3.1/thumb/v6-m/nofp/crtn.o
                0x0000000020002000                _estack = (ORIGIN (RAM) + LENGTH (RAM))
                0x0000000000000000                _Min_Heap_Size = 0x0
                0x0000000000000400                _Min_Stack_Size = 0x400

.isr_vector     0x0000000008000000       0xc0
                0x0000000008000000                . = ALIGN (0x4)
 *(.isr_vector)
 .isr_vector    0x0000000008000000       0xc0 ./Startup/startup_stm32f030c8tx.o
                0x0000000008000000                g_pfnVectors
                0x00000000080000c0                . = ALIGN (0x4)

.text           0x00000000080000c0     0xb040
                0x00000000080000c0                . = ALIGN (0x4)
 *(.text)
 .text          0x00000000080000c0       0x48 c:/st/stm32cubeide_1.7.0/stm32cubeide/plugins/com.st.stm32cube.ide.mcu.externaltools.gnu-tools-for-stm32.9-2020-q2-update.win32_2.0.0.202105311346/tools/bin/../lib/gcc/arm-none-eabi/9.3.1/thumb/v6-m/nofp/crtbegin.o
 .text          0x0000000008000108       0x14 c:/st/stm32cubeide_1.7.0/stm32cubeide/plugins/com.st.stm32cube.ide.mcu.externaltools.gnu-tools-for-stm32.9-2020-q2-update.win32_2.0.0.202105311346/tools/bin/../lib/gcc/arm-none-eabi/9.3.1/../../../../arm-none-eabi/lib/thumb/v6-m/nofp\libc_nano.a(lib_a-strcmp.o)
                0x0000000008000108                strcmp
 .text          0x000000000800011c        0xe c:/st/stm32cubeide_1.7.0/stm32cubeide/plugins/com.st.stm32cube.ide.mcu.externaltools.gnu-tools-for-stm32.9-2020-q2-update.win32_2.0.0.202105311346/tools/bin/../lib/gcc/arm-none-eabi/9.3.1/../../../../arm-none-eabi/lib/thumb/v6-m/nofp\libc_nano.a(lib_a-strlen.o)
                0x000000000800011c                strlen
 *fill*         0x000000000800012a        0x2 
 .text          0x000000000800012c      0x114 c:/st/stm32cubeide_1.7.0/stm32cubeide/plugins/com.st.stm32cube.ide.mcu.externaltools.gnu-tools-for-stm32.9-2020-q2-update.win32_2.0.0.202105311346/tools/bin/../lib/gcc/arm-none-eabi/9.3.1/thumb/v6-m/nofp\libgcc.a(_udivsi3.o)
                0x000000000800012c                __aeabi_uidiv
                0x000000000800012c                __udivsi3
                0x0000000008000238                __aeabi_uidivmod
 .text          0x0000000008000240        0x4 c:/st/stm32cubeide_1.7.0/stm32cubeide/plugins/com.st.stm32cube.ide.mcu.externaltools.gnu-tools-for-stm32.9-2020-q2-update.win32_2.0.0.202105311346/tools/bin/../lib/gcc/arm-none-eabi/9.3.1/thumb/v6-m/nofp\libgcc.a(_dvmd_tls.o)
                0x0000000008000240                __aeabi_idiv0
                0x0000000008000240                __aeabi_ldiv0
 .text          0x0000000008000244       0x3c c:/st/stm32cubeide_1.7.0/stm32cubeide/plugins/com.st.stm32cube.ide.mcu.externaltools.gnu-tools-for-stm32.9-2020-q2-update.win32_2.0.0.202105311346/tools/bin/../lib/gcc/arm-none-eabi/9.3.1/thumb/v6-m/nofp\libgcc.a(_clzsi2.o)
                0x0000000008000244                __clzsi2
 *(.text*)
 .text.load_config
                0x0000000008000280       0x20 ./Drivers/Config/Config.o
                0x0000000008000280                load_config
 .text.save_config
                0x00000000080002a0       0x2c ./Drivers/Config/Config.o
                0x00000000080002a0                save_config
 .text.config_check_valid
                0x00000000080002cc       0x7c ./Drivers/Config/Config.o
                0x00000000080002cc                config_check_valid
 .text.EEPROM_WriteBytes
                0x0000000008000348      0x16c ./Drivers/Flash_EEPROM/Flash_EEPROM.o
                0x0000000008000348                EEPROM_WriteBytes
 .text.EEPROM_ReadBytes
                0x00000000080004b4       0xce ./Drivers/Flash_EEPROM/Flash_EEPROM.o
                0x00000000080004b4                EEPROM_ReadBytes
 .text.__REV64  0x0000000008000582       0x60 ./Drivers/LiteSHA1/LiteSHA1.o
                0x0000000008000582                __REV64
 *fill*         0x00000000080005e2        0x2 
 .text.sha1_init
                0x00000000080005e4       0x58 ./Drivers/LiteSHA1/LiteSHA1.o
                0x00000000080005e4                sha1_init
 .text.sha1_transform
                0x000000000800063c      0x1fc ./Drivers/LiteSHA1/LiteSHA1.o
 .text.sha1_update
                0x0000000008000838       0x66 ./Drivers/LiteSHA1/LiteSHA1.o
 .text.sha1_final
                0x000000000800089e       0xf4 ./Drivers/LiteSHA1/LiteSHA1.o
 .text.sha1_encode
                0x0000000008000992       0x2e ./Drivers/LiteSHA1/LiteSHA1.o
                0x0000000008000992                sha1_encode
 .text.HAL_Init
                0x00000000080009c0       0x28 ./Drivers/STM32F0xx_HAL_Driver/Src/stm32f0xx_hal.o
                0x00000000080009c0                HAL_Init
 .text.HAL_InitTick
                0x00000000080009e8       0x68 ./Drivers/STM32F0xx_HAL_Driver/Src/stm32f0xx_hal.o
                0x00000000080009e8                HAL_InitTick
 .text.HAL_IncTick
                0x0000000008000a50       0x24 ./Drivers/STM32F0xx_HAL_Driver/Src/stm32f0xx_hal.o
                0x0000000008000a50                HAL_IncTick
 .text.HAL_GetTick
                0x0000000008000a74       0x14 ./Drivers/STM32F0xx_HAL_Driver/Src/stm32f0xx_hal.o
                0x0000000008000a74                HAL_GetTick
 .text.HAL_Delay
                0x0000000008000a88       0x48 ./Drivers/STM32F0xx_HAL_Driver/Src/stm32f0xx_hal.o
                0x0000000008000a88                HAL_Delay
 .text.__NVIC_EnableIRQ
                0x0000000008000ad0       0x34 ./Drivers/STM32F0xx_HAL_Driver/Src/stm32f0xx_hal_cortex.o
 .text.__NVIC_SetPriority
                0x0000000008000b04       0xdc ./Drivers/STM32F0xx_HAL_Driver/Src/stm32f0xx_hal_cortex.o
 .text.SysTick_Config
                0x0000000008000be0       0x48 ./Drivers/STM32F0xx_HAL_Driver/Src/stm32f0xx_hal_cortex.o
 .text.HAL_NVIC_SetPriority
                0x0000000008000c28       0x2a ./Drivers/STM32F0xx_HAL_Driver/Src/stm32f0xx_hal_cortex.o
                0x0000000008000c28                HAL_NVIC_SetPriority
 .text.HAL_NVIC_EnableIRQ
                0x0000000008000c52       0x20 ./Drivers/STM32F0xx_HAL_Driver/Src/stm32f0xx_hal_cortex.o
                0x0000000008000c52                HAL_NVIC_EnableIRQ
 .text.HAL_SYSTICK_Config
                0x0000000008000c72       0x1a ./Drivers/STM32F0xx_HAL_Driver/Src/stm32f0xx_hal_cortex.o
                0x0000000008000c72                HAL_SYSTICK_Config
 .text.HAL_SYSTICK_CLKSourceConfig
                0x0000000008000c8c       0x34 ./Drivers/STM32F0xx_HAL_Driver/Src/stm32f0xx_hal_cortex.o
                0x0000000008000c8c                HAL_SYSTICK_CLKSourceConfig
 .text.HAL_DMA_Init
                0x0000000008000cc0       0x90 ./Drivers/STM32F0xx_HAL_Driver/Src/stm32f0xx_hal_dma.o
                0x0000000008000cc0                HAL_DMA_Init
 .text.HAL_DMA_Start_IT
                0x0000000008000d50       0xcc ./Drivers/STM32F0xx_HAL_Driver/Src/stm32f0xx_hal_dma.o
                0x0000000008000d50                HAL_DMA_Start_IT
 .text.HAL_DMA_Abort
                0x0000000008000e1c       0x70 ./Drivers/STM32F0xx_HAL_Driver/Src/stm32f0xx_hal_dma.o
                0x0000000008000e1c                HAL_DMA_Abort
 .text.HAL_DMA_Abort_IT
                0x0000000008000e8c       0x8a ./Drivers/STM32F0xx_HAL_Driver/Src/stm32f0xx_hal_dma.o
                0x0000000008000e8c                HAL_DMA_Abort_IT
 .text.HAL_DMA_IRQHandler
                0x0000000008000f16      0x144 ./Drivers/STM32F0xx_HAL_Driver/Src/stm32f0xx_hal_dma.o
                0x0000000008000f16                HAL_DMA_IRQHandler
 .text.DMA_SetConfig
                0x000000000800105a       0x58 ./Drivers/STM32F0xx_HAL_Driver/Src/stm32f0xx_hal_dma.o
 *fill*         0x00000000080010b2        0x2 
 .text.DMA_CalcBaseAndBitshift
                0x00000000080010b4       0x38 ./Drivers/STM32F0xx_HAL_Driver/Src/stm32f0xx_hal_dma.o
 .text.HAL_FLASH_Program
                0x00000000080010ec      0x12c ./Drivers/STM32F0xx_HAL_Driver/Src/stm32f0xx_hal_flash.o
                0x00000000080010ec                HAL_FLASH_Program
 .text.HAL_FLASH_Unlock
                0x0000000008001218       0x4c ./Drivers/STM32F0xx_HAL_Driver/Src/stm32f0xx_hal_flash.o
                0x0000000008001218                HAL_FLASH_Unlock
 .text.HAL_FLASH_Lock
                0x0000000008001264       0x1c ./Drivers/STM32F0xx_HAL_Driver/Src/stm32f0xx_hal_flash.o
                0x0000000008001264                HAL_FLASH_Lock
 .text.FLASH_Program_HalfWord
                0x0000000008001280       0x38 ./Drivers/STM32F0xx_HAL_Driver/Src/stm32f0xx_hal_flash.o
 .text.FLASH_WaitForLastOperation
                0x00000000080012b8       0x80 ./Drivers/STM32F0xx_HAL_Driver/Src/stm32f0xx_hal_flash.o
                0x00000000080012b8                FLASH_WaitForLastOperation
 .text.FLASH_SetErrorCode
                0x0000000008001338       0x60 ./Drivers/STM32F0xx_HAL_Driver/Src/stm32f0xx_hal_flash.o
 .text.HAL_FLASHEx_Erase
                0x0000000008001398       0xec ./Drivers/STM32F0xx_HAL_Driver/Src/stm32f0xx_hal_flash_ex.o
                0x0000000008001398                HAL_FLASHEx_Erase
 .text.FLASH_MassErase
                0x0000000008001484       0x30 ./Drivers/STM32F0xx_HAL_Driver/Src/stm32f0xx_hal_flash_ex.o
 .text.FLASH_PageErase
                0x00000000080014b4       0x3c ./Drivers/STM32F0xx_HAL_Driver/Src/stm32f0xx_hal_flash_ex.o
                0x00000000080014b4                FLASH_PageErase
 .text.HAL_GPIO_Init
                0x00000000080014f0      0x2e0 ./Drivers/STM32F0xx_HAL_Driver/Src/stm32f0xx_hal_gpio.o
                0x00000000080014f0                HAL_GPIO_Init
 .text.HAL_GPIO_ReadPin
                0x00000000080017d0       0x3a ./Drivers/STM32F0xx_HAL_Driver/Src/stm32f0xx_hal_gpio.o
                0x00000000080017d0                HAL_GPIO_ReadPin
 .text.HAL_GPIO_WritePin
                0x000000000800180a       0x3a ./Drivers/STM32F0xx_HAL_Driver/Src/stm32f0xx_hal_gpio.o
                0x000000000800180a                HAL_GPIO_WritePin
 .text.HAL_RCC_OscConfig
                0x0000000008001844      0x634 ./Drivers/STM32F0xx_HAL_Driver/Src/stm32f0xx_hal_rcc.o
                0x0000000008001844                HAL_RCC_OscConfig
 .text.HAL_RCC_ClockConfig
                0x0000000008001e78      0x19c ./Drivers/STM32F0xx_HAL_Driver/Src/stm32f0xx_hal_rcc.o
                0x0000000008001e78                HAL_RCC_ClockConfig
 .text.HAL_RCC_GetSysClockFreq
                0x0000000008002014       0xac ./Drivers/STM32F0xx_HAL_Driver/Src/stm32f0xx_hal_rcc.o
                0x0000000008002014                HAL_RCC_GetSysClockFreq
 .text.HAL_RCC_GetHCLKFreq
                0x00000000080020c0       0x14 ./Drivers/STM32F0xx_HAL_Driver/Src/stm32f0xx_hal_rcc.o
                0x00000000080020c0                HAL_RCC_GetHCLKFreq
 .text.HAL_RCC_GetPCLK1Freq
                0x00000000080020d4       0x2c ./Drivers/STM32F0xx_HAL_Driver/Src/stm32f0xx_hal_rcc.o
                0x00000000080020d4                HAL_RCC_GetPCLK1Freq
 .text.HAL_SPI_Init
                0x0000000008002100      0x170 ./Drivers/STM32F0xx_HAL_Driver/Src/stm32f0xx_hal_spi.o
                0x0000000008002100                HAL_SPI_Init
 .text.HAL_SPI_Transmit
                0x0000000008002270      0x2be ./Drivers/STM32F0xx_HAL_Driver/Src/stm32f0xx_hal_spi.o
                0x0000000008002270                HAL_SPI_Transmit
 *fill*         0x000000000800252e        0x2 
 .text.HAL_SPI_Receive
                0x0000000008002530      0x2a4 ./Drivers/STM32F0xx_HAL_Driver/Src/stm32f0xx_hal_spi.o
                0x0000000008002530                HAL_SPI_Receive
 .text.HAL_SPI_TransmitReceive
                0x00000000080027d4      0x3c4 ./Drivers/STM32F0xx_HAL_Driver/Src/stm32f0xx_hal_spi.o
                0x00000000080027d4                HAL_SPI_TransmitReceive
 .text.HAL_SPI_IRQHandler
                0x0000000008002b98      0x1fc ./Drivers/STM32F0xx_HAL_Driver/Src/stm32f0xx_hal_spi.o
                0x0000000008002b98                HAL_SPI_IRQHandler
 .text.HAL_SPI_ErrorCallback
                0x0000000008002d94       0x10 ./Drivers/STM32F0xx_HAL_Driver/Src/stm32f0xx_hal_spi.o
                0x0000000008002d94                HAL_SPI_ErrorCallback
 .text.SPI_DMAAbortOnError
                0x0000000008002da4       0x2c ./Drivers/STM32F0xx_HAL_Driver/Src/stm32f0xx_hal_spi.o
 .text.SPI_WaitFlagStateUntilTimeout
                0x0000000008002dd0      0x11c ./Drivers/STM32F0xx_HAL_Driver/Src/stm32f0xx_hal_spi.o
 .text.SPI_WaitFifoStateUntilTimeout
                0x0000000008002eec      0x144 ./Drivers/STM32F0xx_HAL_Driver/Src/stm32f0xx_hal_spi.o
 .text.SPI_EndRxTransaction
                0x0000000008003030       0xbc ./Drivers/STM32F0xx_HAL_Driver/Src/stm32f0xx_hal_spi.o
 .text.SPI_EndRxTxTransaction
                0x00000000080030ec       0x8c ./Drivers/STM32F0xx_HAL_Driver/Src/stm32f0xx_hal_spi.o
 .text.HAL_TIM_Base_Init
                0x0000000008003178       0xa0 ./Drivers/STM32F0xx_HAL_Driver/Src/stm32f0xx_hal_tim.o
                0x0000000008003178                HAL_TIM_Base_Init
 .text.HAL_TIM_Base_Start_IT
                0x0000000008003218       0x98 ./Drivers/STM32F0xx_HAL_Driver/Src/stm32f0xx_hal_tim.o
                0x0000000008003218                HAL_TIM_Base_Start_IT
 .text.HAL_TIM_Base_Stop_IT
                0x00000000080032b0       0x5c ./Drivers/STM32F0xx_HAL_Driver/Src/stm32f0xx_hal_tim.o
                0x00000000080032b0                HAL_TIM_Base_Stop_IT
 .text.HAL_TIM_IRQHandler
                0x000000000800330c      0x1dc ./Drivers/STM32F0xx_HAL_Driver/Src/stm32f0xx_hal_tim.o
                0x000000000800330c                HAL_TIM_IRQHandler
 .text.HAL_TIM_OC_DelayElapsedCallback
                0x00000000080034e8       0x10 ./Drivers/STM32F0xx_HAL_Driver/Src/stm32f0xx_hal_tim.o
                0x00000000080034e8                HAL_TIM_OC_DelayElapsedCallback
 .text.HAL_TIM_IC_CaptureCallback
                0x00000000080034f8       0x10 ./Drivers/STM32F0xx_HAL_Driver/Src/stm32f0xx_hal_tim.o
                0x00000000080034f8                HAL_TIM_IC_CaptureCallback
 .text.HAL_TIM_PWM_PulseFinishedCallback
                0x0000000008003508       0x10 ./Drivers/STM32F0xx_HAL_Driver/Src/stm32f0xx_hal_tim.o
                0x0000000008003508                HAL_TIM_PWM_PulseFinishedCallback
 .text.HAL_TIM_TriggerCallback
                0x0000000008003518       0x10 ./Drivers/STM32F0xx_HAL_Driver/Src/stm32f0xx_hal_tim.o
                0x0000000008003518                HAL_TIM_TriggerCallback
 .text.TIM_Base_SetConfig
                0x0000000008003528      0x108 ./Drivers/STM32F0xx_HAL_Driver/Src/stm32f0xx_hal_tim.o
                0x0000000008003528                TIM_Base_SetConfig
 .text.HAL_TIMEx_CommutCallback
                0x0000000008003630       0x10 ./Drivers/STM32F0xx_HAL_Driver/Src/stm32f0xx_hal_tim_ex.o
                0x0000000008003630                HAL_TIMEx_CommutCallback
 .text.HAL_TIMEx_BreakCallback
                0x0000000008003640       0x10 ./Drivers/STM32F0xx_HAL_Driver/Src/stm32f0xx_hal_tim_ex.o
                0x0000000008003640                HAL_TIMEx_BreakCallback
 .text.HAL_UART_Init
                0x0000000008003650       0xa8 ./Drivers/STM32F0xx_HAL_Driver/Src/stm32f0xx_hal_uart.o
                0x0000000008003650                HAL_UART_Init
 .text.HAL_UART_Transmit_DMA
                0x00000000080036f8      0x120 ./Drivers/STM32F0xx_HAL_Driver/Src/stm32f0xx_hal_uart.o
                0x00000000080036f8                HAL_UART_Transmit_DMA
 .text.HAL_UART_IRQHandler
                0x0000000008003818      0x590 ./Drivers/STM32F0xx_HAL_Driver/Src/stm32f0xx_hal_uart.o
                0x0000000008003818                HAL_UART_IRQHandler
 .text.HAL_UART_TxHalfCpltCallback
                0x0000000008003da8       0x10 ./Drivers/STM32F0xx_HAL_Driver/Src/stm32f0xx_hal_uart.o
                0x0000000008003da8                HAL_UART_TxHalfCpltCallback
 .text.HAL_UART_RxCpltCallback
                0x0000000008003db8       0x10 ./Drivers/STM32F0xx_HAL_Driver/Src/stm32f0xx_hal_uart.o
                0x0000000008003db8                HAL_UART_RxCpltCallback
 .text.HAL_UART_RxHalfCpltCallback
                0x0000000008003dc8       0x10 ./Drivers/STM32F0xx_HAL_Driver/Src/stm32f0xx_hal_uart.o
                0x0000000008003dc8                HAL_UART_RxHalfCpltCallback
 .text.UART_SetConfig
                0x0000000008003dd8      0x280 ./Drivers/STM32F0xx_HAL_Driver/Src/stm32f0xx_hal_uart.o
                0x0000000008003dd8                UART_SetConfig
 .text.UART_AdvFeatureConfig
                0x0000000008004058      0x168 ./Drivers/STM32F0xx_HAL_Driver/Src/stm32f0xx_hal_uart.o
                0x0000000008004058                UART_AdvFeatureConfig
 .text.UART_CheckIdleState
                0x00000000080041c0      0x150 ./Drivers/STM32F0xx_HAL_Driver/Src/stm32f0xx_hal_uart.o
                0x00000000080041c0                UART_CheckIdleState
 .text.UART_WaitOnFlagUntilTimeout
                0x0000000008004310       0xde ./Drivers/STM32F0xx_HAL_Driver/Src/stm32f0xx_hal_uart.o
                0x0000000008004310                UART_WaitOnFlagUntilTimeout
 *fill*         0x00000000080043ee        0x2 
 .text.UART_Start_Receive_DMA
                0x00000000080043f0      0x140 ./Drivers/STM32F0xx_HAL_Driver/Src/stm32f0xx_hal_uart.o
                0x00000000080043f0                UART_Start_Receive_DMA
 .text.UART_EndTxTransfer
                0x0000000008004530       0x48 ./Drivers/STM32F0xx_HAL_Driver/Src/stm32f0xx_hal_uart.o
 .text.UART_EndRxTransfer
                0x0000000008004578       0xc8 ./Drivers/STM32F0xx_HAL_Driver/Src/stm32f0xx_hal_uart.o
 .text.UART_DMATransmitCplt
                0x0000000008004640       0x94 ./Drivers/STM32F0xx_HAL_Driver/Src/stm32f0xx_hal_uart.o
 .text.UART_DMATxHalfCplt
                0x00000000080046d4       0x1e ./Drivers/STM32F0xx_HAL_Driver/Src/stm32f0xx_hal_uart.o
 *fill*         0x00000000080046f2        0x2 
 .text.UART_DMAReceiveCplt
                0x00000000080046f4      0x12c ./Drivers/STM32F0xx_HAL_Driver/Src/stm32f0xx_hal_uart.o
 .text.UART_DMARxHalfCplt
                0x0000000008004820       0x42 ./Drivers/STM32F0xx_HAL_Driver/Src/stm32f0xx_hal_uart.o
 .text.UART_DMAError
                0x0000000008004862       0x84 ./Drivers/STM32F0xx_HAL_Driver/Src/stm32f0xx_hal_uart.o
 .text.UART_DMAAbortOnError
                0x00000000080048e6       0x2e ./Drivers/STM32F0xx_HAL_Driver/Src/stm32f0xx_hal_uart.o
 .text.UART_EndTransmit_IT
                0x0000000008004914       0x56 ./Drivers/STM32F0xx_HAL_Driver/Src/stm32f0xx_hal_uart.o
 .text.HAL_UARTEx_ReceiveToIdle_DMA
                0x000000000800496a       0xd0 ./Drivers/STM32F0xx_HAL_Driver/Src/stm32f0xx_hal_uart_ex.o
                0x000000000800496a                HAL_UARTEx_ReceiveToIdle_DMA
 .text.prepare_USR_response_msg
                0x0000000008004a3a      0x270 ./Drivers/SerialOverTCP/SerialOverTCP.o
                0x0000000008004a3a                prepare_USR_response_msg
 .text.kfifo_DMA_static_init
                0x0000000008004caa       0x62 ./Drivers/kfifo_DMA/kfifo_DMA.o
                0x0000000008004caa                kfifo_DMA_static_init
 .text.__kfifo_mod
                0x0000000008004d0c       0x1a ./Drivers/kfifo_DMA/kfifo_DMA.o
 .text.__kfifo_put
                0x0000000008004d26       0xa4 ./Drivers/kfifo_DMA/kfifo_DMA.o
                0x0000000008004d26                __kfifo_put
 .text.__kfifo_get
                0x0000000008004dca       0xac ./Drivers/kfifo_DMA/kfifo_DMA.o
                0x0000000008004dca                __kfifo_get
 .text.kfifo_get_free_space
                0x0000000008004e76       0x20 ./Drivers/kfifo_DMA/kfifo_DMA.o
                0x0000000008004e76                kfifo_get_free_space
 .text.kfifo_get_filled_size
                0x0000000008004e96       0x1a ./Drivers/kfifo_DMA/kfifo_DMA.o
                0x0000000008004e96                kfifo_get_filled_size
 .text.CH395SetBuffer
                0x0000000008004eb0       0x64 ./Src/CH395.o
                0x0000000008004eb0                CH395SetBuffer
 .text.CH395TCPServerStart
                0x0000000008004f14      0x1b8 ./Src/CH395.o
                0x0000000008004f14                CH395TCPServerStart
 .text.CH395CMDReset
                0x00000000080050cc       0x24 ./Src/CH395CMD.o
                0x00000000080050cc                CH395CMDReset
 .text.CH395CMDCheckExist
                0x00000000080050f0       0x48 ./Src/CH395CMD.o
                0x00000000080050f0                CH395CMDCheckExist
 .text.CH395CMDGetPHYStatus
                0x0000000008005138       0x38 ./Src/CH395CMD.o
                0x0000000008005138                CH395CMDGetPHYStatus
 .text.CH395CMDInitCH395
                0x0000000008005170       0x64 ./Src/CH395CMD.o
                0x0000000008005170                CH395CMDInitCH395
 .text.CH395GetCmdStatus
                0x00000000080051d4       0x38 ./Src/CH395CMD.o
                0x00000000080051d4                CH395GetCmdStatus
 .text.CH395CMDGetMACAddr
                0x000000000800520c       0x58 ./Src/CH395CMD.o
                0x000000000800520c                CH395CMDGetMACAddr
 .text.CH395CMDGetUnreachIPPT
                0x0000000008005264       0x58 ./Src/CH395CMD.o
                0x0000000008005264                CH395CMDGetUnreachIPPT
 .text.CH395SetSocketDesIP
                0x00000000080052bc       0x74 ./Src/CH395CMD.o
                0x00000000080052bc                CH395SetSocketDesIP
 .text.CH395SetSocketProtType
                0x0000000008005330       0x48 ./Src/CH395CMD.o
                0x0000000008005330                CH395SetSocketProtType
 .text.CH395SetSocketDesPort
                0x0000000008005378       0x5c ./Src/CH395CMD.o
                0x0000000008005378                CH395SetSocketDesPort
 .text.CH395SetSocketSourPort
                0x00000000080053d4       0x5c ./Src/CH395CMD.o
                0x00000000080053d4                CH395SetSocketSourPort
 .text.CH395SendData
                0x0000000008005430       0xdc ./Src/CH395CMD.o
                0x0000000008005430                CH395SendData
 .text.CH395StartSendingData
                0x000000000800550c       0x4c ./Src/CH395CMD.o
                0x000000000800550c                CH395StartSendingData
 .text.CH395ContinueSendingData
                0x0000000008005558       0x4c ./Src/CH395CMD.o
                0x0000000008005558                CH395ContinueSendingData
 .text.CH395Complete
                0x00000000080055a4       0x20 ./Src/CH395CMD.o
                0x00000000080055a4                CH395Complete
 .text.CH395GetRecvLength
                0x00000000080055c4       0x60 ./Src/CH395CMD.o
                0x00000000080055c4                CH395GetRecvLength
 .text.CH395ClearRecvBuf
                0x0000000008005624       0x38 ./Src/CH395CMD.o
                0x0000000008005624                CH395ClearRecvBuf
 .text.CH395GetRecvData
                0x000000000800565c       0xa4 ./Src/CH395CMD.o
                0x000000000800565c                CH395GetRecvData
 .text.CH395OpenSocket
                0x0000000008005700       0x80 ./Src/CH395CMD.o
                0x0000000008005700                CH395OpenSocket
 .text.CH395TCPListen
                0x0000000008005780       0x80 ./Src/CH395CMD.o
                0x0000000008005780                CH395TCPListen
 .text.CH395TCPDisconnect
                0x0000000008005800       0x80 ./Src/CH395CMD.o
                0x0000000008005800                CH395TCPDisconnect
 .text.CH395GetSocketInt
                0x0000000008005880       0x50 ./Src/CH395CMD.o
                0x0000000008005880                CH395GetSocketInt
 .text.CH395DHCPEnable
                0x00000000080058d0       0x78 ./Src/CH395CMD.o
                0x00000000080058d0                CH395DHCPEnable
 .text.CH395GetDHCPStatus
                0x0000000008005948       0x38 ./Src/CH395CMD.o
                0x0000000008005948                CH395GetDHCPStatus
 .text.CH395GetIPInf
                0x0000000008005980       0x58 ./Src/CH395CMD.o
                0x0000000008005980                CH395GetIPInf
 .text.CH395SetSocketRecvBuf
                0x00000000080059d8       0x4a ./Src/CH395CMD.o
                0x00000000080059d8                CH395SetSocketRecvBuf
 .text.CH395SetSocketSendBuf
                0x0000000008005a22       0x4a ./Src/CH395CMD.o
                0x0000000008005a22                CH395SetSocketSendBuf
 .text.CH395SetStartPara
                0x0000000008005a6c       0x48 ./Src/CH395CMD.o
                0x0000000008005a6c                CH395SetStartPara
 .text.CH395CMDGetGlobIntStatus_ALL
                0x0000000008005ab4       0x54 ./Src/CH395CMD.o
                0x0000000008005ab4                CH395CMDGetGlobIntStatus_ALL
 .text.xWriteCH395Cmd
                0x0000000008005b08       0x50 ./Src/CH395SPI_HW.o
                0x0000000008005b08                xWriteCH395Cmd
 .text.xWriteCH395Data
                0x0000000008005b58       0x24 ./Src/CH395SPI_HW.o
                0x0000000008005b58                xWriteCH395Data
 .text.xReadCH395Data
                0x0000000008005b7c       0x24 ./Src/CH395SPI_HW.o
                0x0000000008005b7c                xReadCH395Data
 .text.init_config
                0x0000000008005ba0       0x64 ./Src/Config_user_define.o
                0x0000000008005ba0                init_config
 .text.Delay_us
                0x0000000008005c04       0x2e ./Src/Delay.o
                0x0000000008005c04                Delay_us
 *fill*         0x0000000008005c32        0x2 
 .text.FS_begin
                0x0000000008005c34       0x3c ./Src/FS.o
                0x0000000008005c34                FS_begin
 .text.FS_open  0x0000000008005c70       0xa0 ./Src/FS.o
                0x0000000008005c70                FS_open
 .text.FS_exists
                0x0000000008005d10       0x5c ./Src/FS.o
                0x0000000008005d10                FS_exists
 .text.onHome   0x0000000008005d6c       0x44 ./Src/HTTPResponders.o
                0x0000000008005d6c                onHome
 .text.onSwitch
                0x0000000008005db0      0x108 ./Src/HTTPResponders.o
                0x0000000008005db0                onSwitch
 .text.make_ant_alloc_str
                0x0000000008005eb8       0xa0 ./Src/HTTPResponders.o
                0x0000000008005eb8                make_ant_alloc_str
 .text.onGetAlloc
                0x0000000008005f58       0x48 ./Src/HTTPResponders.o
                0x0000000008005f58                onGetAlloc
 .text.onStatus
                0x0000000008005fa0       0x3c ./Src/HTTPResponders.o
                0x0000000008005fa0                onStatus
 .text.onReset  0x0000000008005fdc       0x3c ./Src/HTTPResponders.o
                0x0000000008005fdc                onReset
 .text.onSetLabel
                0x0000000008006018       0xf4 ./Src/HTTPResponders.o
                0x0000000008006018                onSetLabel
 .text.onGetLabel
                0x000000000800610c       0xd4 ./Src/HTTPResponders.o
                0x000000000800610c                onGetLabel
 .text.onSetPort
                0x00000000080061e0      0x114 ./Src/HTTPResponders.o
                0x00000000080061e0                onSetPort
 .text.onGetPort
                0x00000000080062f4       0x88 ./Src/HTTPResponders.o
                0x00000000080062f4                onGetPort
 .text.make_socket_status_str
                0x000000000800637c      0x180 ./Src/HTTPResponders.o
                0x000000000800637c                make_socket_status_str
 .text.onGetSocket
                0x00000000080064fc       0x48 ./Src/HTTPResponders.o
                0x00000000080064fc                onGetSocket
 .text.resetHTTPParseState
                0x0000000008006544       0x5c ./Src/HTTPServer.o
                0x0000000008006544                resetHTTPParseState
 .text.resetHTTPParseState_for_long_connection
                0x00000000080065a0       0x40 ./Src/HTTPServer.o
                0x00000000080065a0                resetHTTPParseState_for_long_connection
 .text.activateHTTPParseState
                0x00000000080065e0       0x1c ./Src/HTTPServer.o
                0x00000000080065e0                activateHTTPParseState
 .text.HTTPGetContentType
                0x00000000080065fc      0x170 ./Src/HTTPServer.o
                0x00000000080065fc                HTTPGetContentType
 .text.HTTPSendFile
                0x000000000800676c      0x310 ./Src/HTTPServer.o
                0x000000000800676c                HTTPSendFile
 .text.HTTPSendStr
                0x0000000008006a7c      0x2a0 ./Src/HTTPServer.o
                0x0000000008006a7c                HTTPSendStr
 .text.WSMakeStrOriginal
                0x0000000008006d1c       0xbc ./Src/HTTPServer.o
                0x0000000008006d1c                WSMakeStrOriginal
 .text.WSSendStr
                0x0000000008006dd8       0x60 ./Src/HTTPServer.o
                0x0000000008006dd8                WSSendStr
 .text.HTTPSendWebSocketHandshakeResponse
                0x0000000008006e38      0x140 ./Src/HTTPServer.o
                0x0000000008006e38                HTTPSendWebSocketHandshakeResponse
 .text.HTTPonNotFound
                0x0000000008006f78      0x12c ./Src/HTTPServer.o
                0x0000000008006f78                HTTPonNotFound
 .text.HTTPHandle
                0x00000000080070a4      0x384 ./Src/HTTPServer.o
                0x00000000080070a4                HTTPHandle
 .text.getNextSock
                0x0000000008007428       0x78 ./Src/HTTPServer.o
                0x0000000008007428                getNextSock
 .text.HTTPclose
                0x00000000080074a0       0x88 ./Src/HTTPServer.o
                0x00000000080074a0                HTTPclose
 .text.HTTPclose_for_long_connection
                0x0000000008007528       0x40 ./Src/HTTPServer.o
                0x0000000008007528                HTTPclose_for_long_connection
 .text.strsepstr
                0x0000000008007568       0x60 ./Src/HTTPServer.o
                0x0000000008007568                strsepstr
 .text.parse_http
                0x00000000080075c8      0x3e8 ./Src/HTTPServer.o
                0x00000000080075c8                parse_http
 .text.getHTTPArg
                0x00000000080079b0       0x98 ./Src/HTTPServer.o
                0x00000000080079b0                getHTTPArg
 .text.atou8    0x0000000008007a48       0x86 ./Src/HTTPServer.o
                0x0000000008007a48                atou8
 *fill*         0x0000000008007ace        0x2 
 .text.atou16   0x0000000008007ad0       0x8c ./Src/HTTPServer.o
                0x0000000008007ad0                atou16
 .text.u16toa   0x0000000008007b5c       0xe6 ./Src/HTTPServer.o
                0x0000000008007b5c                u16toa
 .text.strcpy_f
                0x0000000008007c42       0x38 ./Src/HTTPServer.o
                0x0000000008007c42                strcpy_f
 .text.strncpy_f
                0x0000000008007c7a       0x4e ./Src/HTTPServer.o
                0x0000000008007c7a                strncpy_f
 .text.IPv4_to_s
                0x0000000008007cc8      0x19a ./Src/HTTPServer.o
                0x0000000008007cc8                IPv4_to_s
 .text.start_receive_DMA
                0x0000000008007e62       0x54 ./Src/Lib485.o
                0x0000000008007e62                start_receive_DMA
 *fill*         0x0000000008007eb6        0x2 
 .text.begin_serial485
                0x0000000008007eb8       0x8c ./Src/Lib485.o
                0x0000000008007eb8                begin_serial485
 .text.set_direction_serial485
                0x0000000008007f44       0x80 ./Src/Lib485.o
                0x0000000008007f44                set_direction_serial485
 .text.send_serial485
                0x0000000008007fc4       0xac ./Src/Lib485.o
                0x0000000008007fc4                send_serial485
 .text.read_command_from_serial485
                0x0000000008008070       0xc8 ./Src/Lib485.o
                0x0000000008008070                read_command_from_serial485
 .text.HAL_UARTEx_RxEventCallback
                0x0000000008008138       0xb8 ./Src/Lib485.o
                0x0000000008008138                HAL_UARTEx_RxEventCallback
 .text.HAL_UART_TxCpltCallback
                0x00000000080081f0       0x40 ./Src/Lib485.o
                0x00000000080081f0                HAL_UART_TxCpltCallback
 .text.HAL_UART_ErrorCallback
                0x0000000008008230       0x3c ./Src/Lib485.o
                0x0000000008008230                HAL_UART_ErrorCallback
 .text.fn_ping  0x000000000800826c       0x32 ./Src/command_funcs_OTRSP.o
                0x000000000800826c                fn_ping
 *fill*         0x000000000800829e        0x2 
 .text.fn_get_ant_assignment
                0x00000000080082a0       0xb4 ./Src/command_funcs_OTRSP.o
                0x00000000080082a0                fn_get_ant_assignment
 .text.fn_set_ant_assignment
                0x0000000008008354      0x12c ./Src/command_funcs_OTRSP.o
                0x0000000008008354                fn_set_ant_assignment
 .text.fn_set_ant_name
                0x0000000008008480       0xe8 ./Src/command_funcs_OTRSP.o
                0x0000000008008480                fn_set_ant_name
 .text.fn_get_ant_name
                0x0000000008008568       0xd8 ./Src/command_funcs_OTRSP.o
                0x0000000008008568                fn_get_ant_name
 .text.parse_command_OTRSP
                0x0000000008008640      0x1f8 ./Src/command_funcs_OTRSP.o
                0x0000000008008640                parse_command_OTRSP
 .text.my_atou  0x0000000008008838       0x8a ./Src/commands.o
                0x0000000008008838                my_atou
 .text.execute_command_string
                0x00000000080088c2       0x68 ./Src/commands.o
                0x00000000080088c2                execute_command_string
 *fill*         0x000000000800892a        0x2 
 .text.main     0x000000000800892c      0x890 ./Src/main.o
                0x000000000800892c                main
 .text.SystemClock_Config
                0x00000000080091bc       0xb0 ./Src/main.o
                0x00000000080091bc                SystemClock_Config
 .text.MX_IWDG_Init
                0x000000000800926c        0xa ./Src/main.o
 *fill*         0x0000000008009276        0x2 
 .text.MX_SPI1_Init
                0x0000000008009278       0x7c ./Src/main.o
 .text.MX_TIM6_Init
                0x00000000080092f4       0x44 ./Src/main.o
 .text.MX_USART2_UART_Init
                0x0000000008009338       0x60 ./Src/main.o
 .text.MX_DMA_Init
                0x0000000008009398       0x3c ./Src/main.o
 .text.MX_GPIO_Init
                0x00000000080093d4      0x1ac ./Src/main.o
 .text.reset_CH395
                0x0000000008009580       0xec ./Src/main.o
                0x0000000008009580                reset_CH395
 .text.interrupt_CH395
                0x000000000800966c      0x9b8 ./Src/main.o
                0x000000000800966c                interrupt_CH395
 .text.check_conflict
                0x000000000800a024       0xac ./Src/main.o
 .text.switch_Antenna
                0x000000000800a0d0      0x194 ./Src/main.o
                0x000000000800a0d0                switch_Antenna
 .text.get_Antenna_real_BCDs
                0x000000000800a264       0xe4 ./Src/main.o
                0x000000000800a264                get_Antenna_real_BCDs
 .text.display_IP
                0x000000000800a348       0xe4 ./Src/main.o
                0x000000000800a348                display_IP
 .text.HAL_TIM_PeriodElapsedCallback
                0x000000000800a42c      0x1d0 ./Src/main.o
                0x000000000800a42c                HAL_TIM_PeriodElapsedCallback
 .text.Error_Handler
                0x000000000800a5fc        0xa ./Src/main.o
                0x000000000800a5fc                Error_Handler
 .text.base64_expect_output_length
                0x000000000800a606       0x22 ./Src/my_websocket.o
                0x000000000800a606                base64_expect_output_length
 .text.base64_encode
                0x000000000800a628      0x134 ./Src/my_websocket.o
                0x000000000800a628                base64_encode
 .text.ws_handshake_response
                0x000000000800a75c       0x74 ./Src/my_websocket.o
                0x000000000800a75c                ws_handshake_response
 .text.ws_parse_frame
                0x000000000800a7d0      0x108 ./Src/my_websocket.o
                0x000000000800a7d0                ws_parse_frame
 .text.ws_unmask_payload
                0x000000000800a8d8       0x5c ./Src/my_websocket.o
                0x000000000800a8d8                ws_unmask_payload
 .text.ws_make_pong_frame
                0x000000000800a934       0x20 ./Src/my_websocket.o
                0x000000000800a934                ws_make_pong_frame
 .text.ws_make_close_frame
                0x000000000800a954       0x58 ./Src/my_websocket.o
                0x000000000800a954                ws_make_close_frame
 .text.ws_make_text_frame
                0x000000000800a9ac       0x8c ./Src/my_websocket.o
                0x000000000800a9ac                ws_make_text_frame
 .text.HAL_MspInit
                0x000000000800aa38       0x48 ./Src/stm32f0xx_hal_msp.o
                0x000000000800aa38                HAL_MspInit
 .text.HAL_SPI_MspInit
                0x000000000800aa80       0xa8 ./Src/stm32f0xx_hal_msp.o
                0x000000000800aa80                HAL_SPI_MspInit
 .text.HAL_TIM_Base_MspInit
                0x000000000800ab28       0x4c ./Src/stm32f0xx_hal_msp.o
                0x000000000800ab28                HAL_TIM_Base_MspInit
 .text.HAL_UART_MspInit
                0x000000000800ab74      0x154 ./Src/stm32f0xx_hal_msp.o
                0x000000000800ab74                HAL_UART_MspInit
 .text.NMI_Handler
                0x000000000800acc8        0xa ./Src/stm32f0xx_it.o
                0x000000000800acc8                NMI_Handler
 .text.HardFault_Handler
                0x000000000800acd2        0x6 ./Src/stm32f0xx_it.o
                0x000000000800acd2                HardFault_Handler
 .text.SVC_Handler
                0x000000000800acd8        0xa ./Src/stm32f0xx_it.o
                0x000000000800acd8                SVC_Handler
 .text.PendSV_Handler
                0x000000000800ace2        0xa ./Src/stm32f0xx_it.o
                0x000000000800ace2                PendSV_Handler
 .text.SysTick_Handler
                0x000000000800acec        0xe ./Src/stm32f0xx_it.o
                0x000000000800acec                SysTick_Handler
 *fill*         0x000000000800acfa        0x2 
 .text.DMA1_Channel4_5_IRQHandler
                0x000000000800acfc       0x24 ./Src/stm32f0xx_it.o
                0x000000000800acfc                DMA1_Channel4_5_IRQHandler
 .text.TIM6_IRQHandler
                0x000000000800ad20       0x18 ./Src/stm32f0xx_it.o
                0x000000000800ad20                TIM6_IRQHandler
 .text.SPI1_IRQHandler
                0x000000000800ad38       0x18 ./Src/stm32f0xx_it.o
                0x000000000800ad38                SPI1_IRQHandler
 .text.USART2_IRQHandler
                0x000000000800ad50       0x18 ./Src/stm32f0xx_it.o
                0x000000000800ad50                USART2_IRQHandler
 .text.SystemInit
                0x000000000800ad68       0x88 ./Src/system_stm32f0xx.o
                0x000000000800ad68                SystemInit
 .text.Reset_Handler
                0x000000000800adf0       0x50 ./Startup/startup_stm32f030c8tx.o
                0x000000000800adf0                Reset_Handler
 .text.Default_Handler
                0x000000000800ae40        0x2 ./Startup/startup_stm32f030c8tx.o
                0x000000000800ae40                TIM1_CC_IRQHandler
                0x000000000800ae40                I2C1_IRQHandler
                0x000000000800ae40                EXTI2_3_IRQHandler
                0x000000000800ae40                ADC1_IRQHandler
                0x000000000800ae40                I2C2_IRQHandler
                0x000000000800ae40                TIM17_IRQHandler
                0x000000000800ae40                RTC_IRQHandler
                0x000000000800ae40                TIM16_IRQHandler
                0x000000000800ae40                TIM3_IRQHandler
                0x000000000800ae40                EXTI4_15_IRQHandler
                0x000000000800ae40                RCC_IRQHandler
                0x000000000800ae40                DMA1_Channel1_IRQHandler
                0x000000000800ae40                Default_Handler
                0x000000000800ae40                TIM14_IRQHandler
                0x000000000800ae40                TIM15_IRQHandler
                0x000000000800ae40                EXTI0_1_IRQHandler
                0x000000000800ae40                SPI2_IRQHandler
                0x000000000800ae40                WWDG_IRQHandler
                0x000000000800ae40                DMA1_Channel2_3_IRQHandler
                0x000000000800ae40                FLASH_IRQHandler
                0x000000000800ae40                USART1_IRQHandler
                0x000000000800ae40                TIM1_BRK_UP_TRG_COM_IRQHandler
 *fill*         0x000000000800ae42        0x2 
 .text.__libc_init_array
                0x000000000800ae44       0x48 c:/st/stm32cubeide_1.7.0/stm32cubeide/plugins/com.st.stm32cube.ide.mcu.externaltools.gnu-tools-for-stm32.9-2020-q2-update.win32_2.0.0.202105311346/tools/bin/../lib/gcc/arm-none-eabi/9.3.1/../../../../arm-none-eabi/lib/thumb/v6-m/nofp\libc_nano.a(lib_a-init.o)
                0x000000000800ae44                __libc_init_array
 .text.memcpy   0x000000000800ae8c       0x12 c:/st/stm32cubeide_1.7.0/stm32cubeide/plugins/com.st.stm32cube.ide.mcu.externaltools.gnu-tools-for-stm32.9-2020-q2-update.win32_2.0.0.202105311346/tools/bin/../lib/gcc/arm-none-eabi/9.3.1/../../../../arm-none-eabi/lib/thumb/v6-m/nofp\libc_nano.a(lib_a-memcpy-stub.o)
                0x000000000800ae8c                memcpy
 .text.memset   0x000000000800ae9e       0x10 c:/st/stm32cubeide_1.7.0/stm32cubeide/plugins/com.st.stm32cube.ide.mcu.externaltools.gnu-tools-for-stm32.9-2020-q2-update.win32_2.0.0.202105311346/tools/bin/../lib/gcc/arm-none-eabi/9.3.1/../../../../arm-none-eabi/lib/thumb/v6-m/nofp\libc_nano.a(lib_a-memset.o)
                0x000000000800ae9e                memset
 .text.strcat   0x000000000800aeae       0x1a c:/st/stm32cubeide_1.7.0/stm32cubeide/plugins/com.st.stm32cube.ide.mcu.externaltools.gnu-tools-for-stm32.9-2020-q2-update.win32_2.0.0.202105311346/tools/bin/../lib/gcc/arm-none-eabi/9.3.1/../../../../arm-none-eabi/lib/thumb/v6-m/nofp\libc_nano.a(lib_a-strcat.o)
                0x000000000800aeae                strcat
 .text.strchr   0x000000000800aec8       0x1c c:/st/stm32cubeide_1.7.0/stm32cubeide/plugins/com.st.stm32cube.ide.mcu.externaltools.gnu-tools-for-stm32.9-2020-q2-update.win32_2.0.0.202105311346/tools/bin/../lib/gcc/arm-none-eabi/9.3.1/../../../../arm-none-eabi/lib/thumb/v6-m/nofp\libc_nano.a(lib_a-strchr.o)
                0x000000000800aec8                strchr
 .text.strcpy   0x000000000800aee4       0x10 c:/st/stm32cubeide_1.7.0/stm32cubeide/plugins/com.st.stm32cube.ide.mcu.externaltools.gnu-tools-for-stm32.9-2020-q2-update.win32_2.0.0.202105311346/tools/bin/../lib/gcc/arm-none-eabi/9.3.1/../../../../arm-none-eabi/lib/thumb/v6-m/nofp\libc_nano.a(lib_a-strcpy.o)
                0x000000000800aee4                strcpy
 .text.strlcpy  0x000000000800aef4       0x4c c:/st/stm32cubeide_1.7.0/stm32cubeide/plugins/com.st.stm32cube.ide.mcu.externaltools.gnu-tools-for-stm32.9-2020-q2-update.win32_2.0.0.202105311346/tools/bin/../lib/gcc/arm-none-eabi/9.3.1/../../../../arm-none-eabi/lib/thumb/v6-m/nofp\libc_nano.a(lib_a-strlcpy.o)
                0x000000000800aef4                strlcpy
 .text.strncat  0x000000000800af40       0x2c c:/st/stm32cubeide_1.7.0/stm32cubeide/plugins/com.st.stm32cube.ide.mcu.externaltools.gnu-tools-for-stm32.9-2020-q2-update.win32_2.0.0.202105311346/tools/bin/../lib/gcc/arm-none-eabi/9.3.1/../../../../arm-none-eabi/lib/thumb/v6-m/nofp\libc_nano.a(lib_a-strncat.o)
                0x000000000800af40                strncat
 .text.strncmp  0x000000000800af6c       0x22 c:/st/stm32cubeide_1.7.0/stm32cubeide/plugins/com.st.stm32cube.ide.mcu.externaltools.gnu-tools-for-stm32.9-2020-q2-update.win32_2.0.0.202105311346/tools/bin/../lib/gcc/arm-none-eabi/9.3.1/../../../../arm-none-eabi/lib/thumb/v6-m/nofp\libc_nano.a(lib_a-strncmp.o)
                0x000000000800af6c                strncmp
 .text.strncpy  0x000000000800af8e       0x28 c:/st/stm32cubeide_1.7.0/stm32cubeide/plugins/com.st.stm32cube.ide.mcu.externaltools.gnu-tools-for-stm32.9-2020-q2-update.win32_2.0.0.202105311346/tools/bin/../lib/gcc/arm-none-eabi/9.3.1/../../../../arm-none-eabi/lib/thumb/v6-m/nofp\libc_nano.a(lib_a-strncpy.o)
                0x000000000800af8e                strncpy
 .text.strnlen  0x000000000800afb6       0x16 c:/st/stm32cubeide_1.7.0/stm32cubeide/plugins/com.st.stm32cube.ide.mcu.externaltools.gnu-tools-for-stm32.9-2020-q2-update.win32_2.0.0.202105311346/tools/bin/../lib/gcc/arm-none-eabi/9.3.1/../../../../arm-none-eabi/lib/thumb/v6-m/nofp\libc_nano.a(lib_a-strnlen.o)
                0x000000000800afb6                strnlen
 .text.strnstr  0x000000000800afcc       0x40 c:/st/stm32cubeide_1.7.0/stm32cubeide/plugins/com.st.stm32cube.ide.mcu.externaltools.gnu-tools-for-stm32.9-2020-q2-update.win32_2.0.0.202105311346/tools/bin/../lib/gcc/arm-none-eabi/9.3.1/../../../../arm-none-eabi/lib/thumb/v6-m/nofp\libc_nano.a(lib_a-strnstr.o)
                0x000000000800afcc                strnstr
 .text.strstr   0x000000000800b00c       0x2c c:/st/stm32cubeide_1.7.0/stm32cubeide/plugins/com.st.stm32cube.ide.mcu.externaltools.gnu-tools-for-stm32.9-2020-q2-update.win32_2.0.0.202105311346/tools/bin/../lib/gcc/arm-none-eabi/9.3.1/../../../../arm-none-eabi/lib/thumb/v6-m/nofp\libc_nano.a(lib_a-strstr.o)
                0x000000000800b00c                strstr
 .text.__strtok_r
                0x000000000800b038       0x5e c:/st/stm32cubeide_1.7.0/stm32cubeide/plugins/com.st.stm32cube.ide.mcu.externaltools.gnu-tools-for-stm32.9-2020-q2-update.win32_2.0.0.202105311346/tools/bin/../lib/gcc/arm-none-eabi/9.3.1/../../../../arm-none-eabi/lib/thumb/v6-m/nofp\libc_nano.a(lib_a-strtok_r.o)
                0x000000000800b038                __strtok_r
 .text.strtok_r
                0x000000000800b096        0xa c:/st/stm32cubeide_1.7.0/stm32cubeide/plugins/com.st.stm32cube.ide.mcu.externaltools.gnu-tools-for-stm32.9-2020-q2-update.win32_2.0.0.202105311346/tools/bin/../lib/gcc/arm-none-eabi/9.3.1/../../../../arm-none-eabi/lib/thumb/v6-m/nofp\libc_nano.a(lib_a-strtok_r.o)
                0x000000000800b096                strtok_r
 .text.memchr   0x000000000800b0a0       0x16 c:/st/stm32cubeide_1.7.0/stm32cubeide/plugins/com.st.stm32cube.ide.mcu.externaltools.gnu-tools-for-stm32.9-2020-q2-update.win32_2.0.0.202105311346/tools/bin/../lib/gcc/arm-none-eabi/9.3.1/../../../../arm-none-eabi/lib/thumb/v6-m/nofp\libc_nano.a(lib_a-memchr-stub.o)
                0x000000000800b0a0                memchr
 .text.memmem   0x000000000800b0b6       0x32 c:/st/stm32cubeide_1.7.0/stm32cubeide/plugins/com.st.stm32cube.ide.mcu.externaltools.gnu-tools-for-stm32.9-2020-q2-update.win32_2.0.0.202105311346/tools/bin/../lib/gcc/arm-none-eabi/9.3.1/../../../../arm-none-eabi/lib/thumb/v6-m/nofp\libc_nano.a(lib_a-memmem.o)
                0x000000000800b0b6                memmem
 *(.glue_7)
 .glue_7        0x000000000800b0e8        0x0 linker stubs
 *(.glue_7t)
 .glue_7t       0x000000000800b0e8        0x0 linker stubs
 *(.eh_frame)
 .eh_frame      0x000000000800b0e8        0x0 c:/st/stm32cubeide_1.7.0/stm32cubeide/plugins/com.st.stm32cube.ide.mcu.externaltools.gnu-tools-for-stm32.9-2020-q2-update.win32_2.0.0.202105311346/tools/bin/../lib/gcc/arm-none-eabi/9.3.1/thumb/v6-m/nofp/crtbegin.o
 *(.init)
 .init          0x000000000800b0e8        0x4 c:/st/stm32cubeide_1.7.0/stm32cubeide/plugins/com.st.stm32cube.ide.mcu.externaltools.gnu-tools-for-stm32.9-2020-q2-update.win32_2.0.0.202105311346/tools/bin/../lib/gcc/arm-none-eabi/9.3.1/thumb/v6-m/nofp/crti.o
                0x000000000800b0e8                _init
 .init          0x000000000800b0ec        0x8 c:/st/stm32cubeide_1.7.0/stm32cubeide/plugins/com.st.stm32cube.ide.mcu.externaltools.gnu-tools-for-stm32.9-2020-q2-update.win32_2.0.0.202105311346/tools/bin/../lib/gcc/arm-none-eabi/9.3.1/thumb/v6-m/nofp/crtn.o
 *(.fini)
 .fini          0x000000000800b0f4        0x4 c:/st/stm32cubeide_1.7.0/stm32cubeide/plugins/com.st.stm32cube.ide.mcu.externaltools.gnu-tools-for-stm32.9-2020-q2-update.win32_2.0.0.202105311346/tools/bin/../lib/gcc/arm-none-eabi/9.3.1/thumb/v6-m/nofp/crti.o
                0x000000000800b0f4                _fini
 .fini          0x000000000800b0f8        0x8 c:/st/stm32cubeide_1.7.0/stm32cubeide/plugins/com.st.stm32cube.ide.mcu.externaltools.gnu-tools-for-stm32.9-2020-q2-update.win32_2.0.0.202105311346/tools/bin/../lib/gcc/arm-none-eabi/9.3.1/thumb/v6-m/nofp/crtn.o
                0x000000000800b100                . = ALIGN (0x4)
                0x000000000800b100                _etext = .

.vfp11_veneer   0x000000000800b100        0x0
 .vfp11_veneer  0x000000000800b100        0x0 linker stubs

.v4_bx          0x000000000800b100        0x0
 .v4_bx         0x000000000800b100        0x0 linker stubs

.iplt           0x000000000800b100        0x0
 .iplt          0x000000000800b100        0x0 c:/st/stm32cubeide_1.7.0/stm32cubeide/plugins/com.st.stm32cube.ide.mcu.externaltools.gnu-tools-for-stm32.9-2020-q2-update.win32_2.0.0.202105311346/tools/bin/../lib/gcc/arm-none-eabi/9.3.1/thumb/v6-m/nofp/crtbegin.o

.rodata         0x000000000800b100      0x568
                0x000000000800b100                . = ALIGN (0x4)
 *(.rodata)
 .rodata        0x000000000800b100       0x68 ./Src/Config_user_define.o
 .rodata        0x000000000800b168       0xf2 ./Src/HTTPResponders.o
 *fill*         0x000000000800b25a        0x2 
 .rodata        0x000000000800b25c      0x1be ./Src/HTTPServer.o
 *fill*         0x000000000800b41a        0x2 
 .rodata        0x000000000800b41c       0x22 ./Src/command_funcs_OTRSP.o
 *fill*         0x000000000800b43e        0x2 
 .rodata        0x000000000800b440       0x38 ./Src/main.o
 .rodata        0x000000000800b478       0x69 ./Src/my_websocket.o
 *(.rodata*)
 *fill*         0x000000000800b4e1        0x3 
 .rodata.aPLLMULFactorTable.6306
                0x000000000800b4e4       0x10 ./Drivers/STM32F0xx_HAL_Driver/Src/stm32f0xx_hal_rcc.o
 .rodata.aPredivFactorTable.6307
                0x000000000800b4f4       0x10 ./Drivers/STM32F0xx_HAL_Driver/Src/stm32f0xx_hal_rcc.o
 .rodata.USR_DETECTION_MSG
                0x000000000800b504       0x29 ./Drivers/SerialOverTCP/SerialOverTCP.o
                0x000000000800b504                USR_DETECTION_MSG
 *fill*         0x000000000800b52d        0x3 
 .rodata.HTTP_ITEM_STR_CONNECTION
                0x000000000800b530        0xb ./Src/HTTPServer.o
                0x000000000800b530                HTTP_ITEM_STR_CONNECTION
 *fill*         0x000000000800b53b        0x1 
 .rodata.HTTP_ITEM_STR_COOKIES
                0x000000000800b53c        0x7 ./Src/HTTPServer.o
                0x000000000800b53c                HTTP_ITEM_STR_COOKIES
 *fill*         0x000000000800b543        0x1 
 .rodata.HTTP_ITEM_STR_POST
                0x000000000800b544        0x5 ./Src/HTTPServer.o
                0x000000000800b544                HTTP_ITEM_STR_POST
 *fill*         0x000000000800b549        0x3 
 .rodata.HTTP_ITEM_STR_GET
                0x000000000800b54c        0x4 ./Src/HTTPServer.o
                0x000000000800b54c                HTTP_ITEM_STR_GET
 .rodata.HTTP_LINE_DELIM
                0x000000000800b550        0x3 ./Src/HTTPServer.o
                0x000000000800b550                HTTP_LINE_DELIM
 *fill*         0x000000000800b553        0x1 
 .rodata.HTTP_DELIM
                0x000000000800b554        0x2 ./Src/HTTPServer.o
                0x000000000800b554                HTTP_DELIM
 *fill*         0x000000000800b556        0x2 
 .rodata.HTTP_COLUMN_DELIM
                0x000000000800b558        0x3 ./Src/HTTPServer.o
                0x000000000800b558                HTTP_COLUMN_DELIM
 *fill*         0x000000000800b55b        0x1 
 .rodata.HTTP_STR_VERSION
                0x000000000800b55c        0x9 ./Src/HTTPServer.o
                0x000000000800b55c                HTTP_STR_VERSION
 *fill*         0x000000000800b565        0x3 
 .rodata.HTTP_CONTENT_TYPE_PLAIN
                0x000000000800b568        0xb ./Src/HTTPServer.o
                0x000000000800b568                HTTP_CONTENT_TYPE_PLAIN
 *fill*         0x000000000800b573        0x1 
 .rodata.HTTP_CONTENT_TYPE_HTML
                0x000000000800b574        0xa ./Src/HTTPServer.o
                0x000000000800b574                HTTP_CONTENT_TYPE_HTML
 *fill*         0x000000000800b57e        0x2 
 .rodata.HTTP_CONTENT_TYPE_CSS
                0x000000000800b580        0x9 ./Src/HTTPServer.o
                0x000000000800b580                HTTP_CONTENT_TYPE_CSS
 *fill*         0x000000000800b589        0x3 
 .rodata.HTTP_CONTENT_TYPE_JS
                0x000000000800b58c       0x17 ./Src/HTTPServer.o
                0x000000000800b58c                HTTP_CONTENT_TYPE_JS
 *fill*         0x000000000800b5a3        0x1 
 .rodata.HTTP_CONTENT_TYPE_PNG
                0x000000000800b5a4        0xa ./Src/HTTPServer.o
                0x000000000800b5a4                HTTP_CONTENT_TYPE_PNG
 *fill*         0x000000000800b5ae        0x2 
 .rodata.HTTP_CONTENT_TYPE_JPEG
                0x000000000800b5b0        0xb ./Src/HTTPServer.o
                0x000000000800b5b0                HTTP_CONTENT_TYPE_JPEG
 *fill*         0x000000000800b5bb        0x1 
 .rodata.HTTP_CONTENT_TYPE_GIF
                0x000000000800b5bc        0xa ./Src/HTTPServer.o
                0x000000000800b5bc                HTTP_CONTENT_TYPE_GIF
 *fill*         0x000000000800b5c6        0x2 
 .rodata.command_executers_OTRSP
                0x000000000800b5c8       0x14 ./Src/command_funcs_OTRSP.o
                0x000000000800b5c8                command_executers_OTRSP
 .rodata.BCD1_0
                0x000000000800b5dc        0x8 ./Src/main.o
                0x000000000800b5dc                BCD1_0
 .rodata.BCD1_1
                0x000000000800b5e4        0x8 ./Src/main.o
                0x000000000800b5e4                BCD1_1
 .rodata.BCD1_2
                0x000000000800b5ec        0x8 ./Src/main.o
                0x000000000800b5ec                BCD1_2
 .rodata.BCD2_0
                0x000000000800b5f4        0x8 ./Src/main.o
                0x000000000800b5f4                BCD2_0
 .rodata.BCD2_1
                0x000000000800b5fc        0x8 ./Src/main.o
                0x000000000800b5fc                BCD2_1
 .rodata.BCD2_2
                0x000000000800b604        0x8 ./Src/main.o
                0x000000000800b604                BCD2_2
 .rodata.BCDM1_0
                0x000000000800b60c        0x8 ./Src/main.o
                0x000000000800b60c                BCDM1_0
 .rodata.BCDM1_1
                0x000000000800b614        0x8 ./Src/main.o
                0x000000000800b614                BCDM1_1
 .rodata.BCDM1_2
                0x000000000800b61c        0x8 ./Src/main.o
                0x000000000800b61c                BCDM1_2
 .rodata.BCDM2_0
                0x000000000800b624        0x8 ./Src/main.o
                0x000000000800b624                BCDM2_0
 .rodata.BCDM2_1
                0x000000000800b62c        0x8 ./Src/main.o
                0x000000000800b62c                BCDM2_1
 .rodata.BCDM2_2
                0x000000000800b634        0x8 ./Src/main.o
                0x000000000800b634                BCDM2_2
 .rodata.cfg485
                0x000000000800b63c       0x14 ./Src/main.o
                0x000000000800b63c                cfg485
 .rodata.AHBPrescTable
                0x000000000800b650       0x10 ./Src/system_stm32f0xx.o
                0x000000000800b650                AHBPrescTable
 .rodata.APBPrescTable
                0x000000000800b660        0x8 ./Src/system_stm32f0xx.o
                0x000000000800b660                APBPrescTable
                0x000000000800b668                . = ALIGN (0x4)

.rel.dyn        0x000000000800b668        0x0
 .rel.iplt      0x000000000800b668        0x0 c:/st/stm32cubeide_1.7.0/stm32cubeide/plugins/com.st.stm32cube.ide.mcu.externaltools.gnu-tools-for-stm32.9-2020-q2-update.win32_2.0.0.202105311346/tools/bin/../lib/gcc/arm-none-eabi/9.3.1/thumb/v6-m/nofp/crtbegin.o

.ARM.extab      0x000000000800b668        0x0
                0x000000000800b668                . = ALIGN (0x4)
 *(.ARM.extab* .gnu.linkonce.armextab.*)
                0x000000000800b668                . = ALIGN (0x4)

.ARM            0x000000000800b668        0x0
                0x000000000800b668                . = ALIGN (0x4)
                0x000000000800b668                __exidx_start = .
 *(.ARM.exidx*)
                0x000000000800b668                __exidx_end = .
                0x000000000800b668                . = ALIGN (0x4)

.preinit_array  0x000000000800b668        0x0
                0x000000000800b668                . = ALIGN (0x4)
                0x000000000800b668                PROVIDE (__preinit_array_start = .)
 *(.preinit_array*)
                0x000000000800b668                PROVIDE (__preinit_array_end = .)
                0x000000000800b668                . = ALIGN (0x4)

.init_array     0x000000000800b668        0x4
                0x000000000800b668                . = ALIGN (0x4)
                0x000000000800b668                PROVIDE (__init_array_start = .)
 *(SORT_BY_NAME(.init_array.*))
 *(.init_array*)
 .init_array    0x000000000800b668        0x4 c:/st/stm32cubeide_1.7.0/stm32cubeide/plugins/com.st.stm32cube.ide.mcu.externaltools.gnu-tools-for-stm32.9-2020-q2-update.win32_2.0.0.202105311346/tools/bin/../lib/gcc/arm-none-eabi/9.3.1/thumb/v6-m/nofp/crtbegin.o
                0x000000000800b66c                PROVIDE (__init_array_end = .)
                0x000000000800b66c                . = ALIGN (0x4)

.fini_array     0x000000000800b66c        0x4
                0x000000000800b66c                . = ALIGN (0x4)
                [!provide]                        PROVIDE (__fini_array_start = .)
 *(SORT_BY_NAME(.fini_array.*))
 *(.fini_array*)
 .fini_array    0x000000000800b66c        0x4 c:/st/stm32cubeide_1.7.0/stm32cubeide/plugins/com.st.stm32cube.ide.mcu.externaltools.gnu-tools-for-stm32.9-2020-q2-update.win32_2.0.0.202105311346/tools/bin/../lib/gcc/arm-none-eabi/9.3.1/thumb/v6-m/nofp/crtbegin.o
                [!provide]                        PROVIDE (__fini_array_end = .)
                0x000000000800b670                . = ALIGN (0x4)
                0x000000000800b670                _sidata = LOADADDR (.data)

.data           0x0000000020000000      0x6ac load address 0x000000000800b670
                0x0000000020000000                . = ALIGN (0x4)
                0x0000000020000000                _sdata = .
 *(.data)
 *(.data*)
 .data.EEPROM   0x0000000020000000        0x8 ./Drivers/Flash_EEPROM/Flash_EEPROM.o
                0x0000000020000000                EEPROM
 .data.uwTickPrio
                0x0000000020000008        0x4 ./Drivers/STM32F0xx_HAL_Driver/Src/stm32f0xx_hal.o
                0x0000000020000008                uwTickPrio
 .data.uwTickFreq
                0x000000002000000c        0x1 ./Drivers/STM32F0xx_HAL_Driver/Src/stm32f0xx_hal.o
                0x000000002000000c                uwTickFreq
 *fill*         0x000000002000000d        0x3 
 .data.ch395    0x0000000020000010      0x61c ./Src/CH395SPI_HW.o
                0x0000000020000010                ch395
 .data.CH395_SCS
                0x000000002000062c        0x8 ./Src/CH395SPI_HW.o
                0x000000002000062c                CH395_SCS
 .data.VALID_STRING
                0x0000000020000634        0x4 ./Src/Config_user_define.o
                0x0000000020000634                VALID_STRING
 .data.HTTPWSResponders
                0x0000000020000638       0x50 ./Src/HTTPResponders.o
                0x0000000020000638                HTTPWSResponders
 .data.p485     0x0000000020000688        0x4 ./Src/Lib485.o
                0x0000000020000688                p485
 .data.commands_OTRSP
                0x000000002000068c       0x14 ./Src/command_funcs_OTRSP.o
                0x000000002000068c                commands_OTRSP
 .data.IP_mask  0x00000000200006a0        0x4 ./Src/main.o
                0x00000000200006a0                IP_mask
 .data.idxDisplayIP
                0x00000000200006a4        0x1 ./Src/main.o
 *fill*         0x00000000200006a5        0x3 
 .data.SystemCoreClock
                0x00000000200006a8        0x4 ./Src/system_stm32f0xx.o
                0x00000000200006a8                SystemCoreClock
 *(.RamFunc)
 *(.RamFunc*)
                0x00000000200006ac                . = ALIGN (0x4)
                0x00000000200006ac                _edata = .

.igot.plt       0x00000000200006ac        0x0 load address 0x000000000800bd1c
 .igot.plt      0x00000000200006ac        0x0 c:/st/stm32cubeide_1.7.0/stm32cubeide/plugins/com.st.stm32cube.ide.mcu.externaltools.gnu-tools-for-stm32.9-2020-q2-update.win32_2.0.0.202105311346/tools/bin/../lib/gcc/arm-none-eabi/9.3.1/thumb/v6-m/nofp/crtbegin.o
                0x00000000200006ac                . = ALIGN (0x4)

.bss            0x00000000200006b0     0x1474 load address 0x000000000800bd1c
                0x00000000200006b0                _sbss = .
                0x00000000200006b0                __bss_start__ = _sbss
 *(.bss)
 .bss           0x00000000200006b0       0x1c c:/st/stm32cubeide_1.7.0/stm32cubeide/plugins/com.st.stm32cube.ide.mcu.externaltools.gnu-tools-for-stm32.9-2020-q2-update.win32_2.0.0.202105311346/tools/bin/../lib/gcc/arm-none-eabi/9.3.1/thumb/v6-m/nofp/crtbegin.o
 *(.bss*)
 .bss.isModified
                0x00000000200006cc        0x1 ./Drivers/Config/Config.o
                0x00000000200006cc                isModified
 *fill*         0x00000000200006cd        0x3 
 .bss.w.4741    0x00000000200006d0      0x140 ./Drivers/LiteSHA1/LiteSHA1.o
 .bss.s_tmp.7106
                0x0000000020000810       0x18 ./Src/HTTPResponders.o
 .bss.s_tmp.7126
                0x0000000020000828       0x66 ./Src/HTTPResponders.o
 *fill*         0x000000002000088e        0x2 
 .bss.s_tmp.7142
                0x0000000020000890       0x1d ./Src/HTTPResponders.o
 *fill*         0x00000000200008ad        0x3 
 .bss.s_tmp.7165
                0x00000000200008b0       0x80 ./Src/HTTPResponders.o
 .bss.parseStates
                0x0000000020000930      0x39c ./Src/HTTPServer.o
                0x0000000020000930                parseStates
 .bss.websocket_frame_shared_buffer.7081
                0x0000000020000ccc      0x100 ./Src/HTTPServer.o
 .bss.s_notfound.7100
                0x0000000020000dcc       0x30 ./Src/HTTPServer.o
 .bss.buf.7187  0x0000000020000dfc       0x10 ./Src/command_funcs_OTRSP.o
 .bss.argv.7190
                0x0000000020000e0c       0x10 ./Src/command_funcs_OTRSP.o
 .bss.rx_fifo_buf_485
                0x0000000020000e1c      0x200 ./Src/main.o
 .bss.IP        0x000000002000101c        0x4 ./Src/main.o
                0x000000002000101c                IP
 .bss.sIP_dec   0x0000000020001020       0x10 ./Src/main.o
                0x0000000020001020                sIP_dec
 .bss.IP_gateway
                0x0000000020001030        0x4 ./Src/main.o
                0x0000000020001030                IP_gateway
 .bss.MAC       0x0000000020001034        0x6 ./Src/main.o
                0x0000000020001034                MAC
 .bss.flag_PHY_reconn
                0x000000002000103a        0x1 ./Src/main.o
                0x000000002000103a                flag_PHY_reconn
 .bss.flag_IP_conflict
                0x000000002000103b        0x1 ./Src/main.o
                0x000000002000103b                flag_IP_conflict
 .bss.flag_CH395_ready
                0x000000002000103c        0x1 ./Src/main.o
                0x000000002000103c                flag_CH395_ready
 .bss.flag_CH395_DHCP_ready
                0x000000002000103d        0x1 ./Src/main.o
                0x000000002000103d                flag_CH395_DHCP_ready
 .bss.lenDisplayIP
                0x000000002000103e        0x1 ./Src/main.o
 .bss.needUpdate
                0x000000002000103f        0x1 ./Src/main.o
                0x000000002000103f                needUpdate
 .bss.needUpdateFlagForEachSocket
                0x0000000020001040        0x2 ./Src/main.o
                0x0000000020001040                needUpdateFlagForEachSocket
 *fill*         0x0000000020001042        0x2 
 .bss.lastWakeupTime.7281
                0x0000000020001044        0x4 ./Src/main.o
 .bss.lastCH395Process.7282
                0x0000000020001048        0x4 ./Src/main.o
 .bss.websocket_frame_shared_buffer.7283
                0x000000002000104c       0x80 ./Src/main.o
 .bss.websocket_frame_shared_buffer_2.7284
                0x00000000200010cc       0x80 ./Src/main.o
 .bss.lastSocketBroadcastTime.7309
                0x000000002000114c        0x4 ./Src/main.o
 .bss.cmd_buf_485.7319
                0x0000000020001150      0x100 ./Src/main.o
 .bss.combined.4694
                0x0000000020001250       0x80 ./Src/my_websocket.o
 .bss.sha1_digest.4695
                0x00000000200012d0       0x14 ./Src/my_websocket.o
 *(COMMON)
 COMMON         0x00000000200012e4       0x70 ./Drivers/Config/Config.o
                0x00000000200012e4                cfg
 COMMON         0x0000000020001354        0x4 ./Drivers/STM32F0xx_HAL_Driver/Src/stm32f0xx_hal.o
                0x0000000020001354                uwTick
 COMMON         0x0000000020001358       0x20 ./Drivers/STM32F0xx_HAL_Driver/Src/stm32f0xx_hal_flash.o
                0x0000000020001358                pFlash
 COMMON         0x0000000020001378        0x8 ./Src/FS.o
                0x0000000020001378                FS
 COMMON         0x0000000020001380      0x200 ./Src/HTTPServer.o
                0x0000000020001380                response_header_shared_buffer
 COMMON         0x0000000020001580      0x34c ./Src/Lib485.o
                0x0000000020001580                _serial485
 COMMON         0x00000000200018cc       0x1c ./Src/commands.o
                0x00000000200018cc                CommandParser
 COMMON         0x00000000200018e8      0x23c ./Src/main.o
                0x00000000200018e8                hdma_usart2_rx
                0x000000002000192c                hiwdg
                0x000000002000193c                Selector
                0x0000000020001974                hdma_usart2_tx
                0x00000000200019b8                htim6
                0x0000000020001a00                hspi1
                0x0000000020001a64                SelectorM
                0x0000000020001a9c                huart2
                0x0000000020001b24                . = ALIGN (0x4)
                0x0000000020001b24                _ebss = .
                0x0000000020001b24                __bss_end__ = _ebss

._user_heap_stack
                0x0000000020001b24      0x404 load address 0x000000000800bd1c
                0x0000000020001b28                . = ALIGN (0x8)
 *fill*         0x0000000020001b24        0x4 
                0x0000000020001b28                PROVIDE (end = .)
                [!provide]                        PROVIDE (_end = .)
                0x0000000020001b28                . = (. + _Min_Heap_Size)
                0x0000000020001f28                . = (. + _Min_Stack_Size)
 *fill*         0x0000000020001b28      0x400 
                0x0000000020001f28                . = ALIGN (0x8)

/DISCARD/
 libc.a(*)
 libm.a(*)
 libgcc.a(*)

.ARM.attributes
                0x0000000000000000       0x28
 *(.ARM.attributes)
 .ARM.attributes
                0x0000000000000000       0x1e c:/st/stm32cubeide_1.7.0/stm32cubeide/plugins/com.st.stm32cube.ide.mcu.externaltools.gnu-tools-for-stm32.9-2020-q2-update.win32_2.0.0.202105311346/tools/bin/../lib/gcc/arm-none-eabi/9.3.1/thumb/v6-m/nofp/crti.o
 .ARM.attributes
                0x000000000000001e       0x2c c:/st/stm32cubeide_1.7.0/stm32cubeide/plugins/com.st.stm32cube.ide.mcu.externaltools.gnu-tools-for-stm32.9-2020-q2-update.win32_2.0.0.202105311346/tools/bin/../lib/gcc/arm-none-eabi/9.3.1/thumb/v6-m/nofp/crtbegin.o
 .ARM.attributes
                0x000000000000004a       0x2c ./Drivers/Config/Config.o
 .ARM.attributes
                0x0000000000000076       0x2c ./Drivers/Flash_EEPROM/Flash_EEPROM.o
 .ARM.attributes
                0x00000000000000a2       0x2c ./Drivers/LiteSHA1/LiteSHA1.o
 .ARM.attributes
                0x00000000000000ce       0x2c ./Drivers/STM32F0xx_HAL_Driver/Src/stm32f0xx_hal.o
 .ARM.attributes
                0x00000000000000fa       0x2c ./Drivers/STM32F0xx_HAL_Driver/Src/stm32f0xx_hal_cortex.o
 .ARM.attributes
                0x0000000000000126       0x2c ./Drivers/STM32F0xx_HAL_Driver/Src/stm32f0xx_hal_dma.o
 .ARM.attributes
                0x0000000000000152       0x2c ./Drivers/STM32F0xx_HAL_Driver/Src/stm32f0xx_hal_flash.o
 .ARM.attributes
                0x000000000000017e       0x2c ./Drivers/STM32F0xx_HAL_Driver/Src/stm32f0xx_hal_flash_ex.o
 .ARM.attributes
                0x00000000000001aa       0x2c ./Drivers/STM32F0xx_HAL_Driver/Src/stm32f0xx_hal_gpio.o
 .ARM.attributes
                0x00000000000001d6       0x2c ./Drivers/STM32F0xx_HAL_Driver/Src/stm32f0xx_hal_rcc.o
 .ARM.attributes
                0x0000000000000202       0x2c ./Drivers/STM32F0xx_HAL_Driver/Src/stm32f0xx_hal_spi.o
 .ARM.attributes
                0x000000000000022e       0x2c ./Drivers/STM32F0xx_HAL_Driver/Src/stm32f0xx_hal_tim.o
 .ARM.attributes
                0x000000000000025a       0x2c ./Drivers/STM32F0xx_HAL_Driver/Src/stm32f0xx_hal_tim_ex.o
 .ARM.attributes
                0x0000000000000286       0x2c ./Drivers/STM32F0xx_HAL_Driver/Src/stm32f0xx_hal_uart.o
 .ARM.attributes
                0x00000000000002b2       0x2c ./Drivers/STM32F0xx_HAL_Driver/Src/stm32f0xx_hal_uart_ex.o
 .ARM.attributes
                0x00000000000002de       0x2c ./Drivers/SerialOverTCP/SerialOverTCP.o
 .ARM.attributes
                0x000000000000030a       0x2c ./Drivers/kfifo_DMA/kfifo_DMA.o
 .ARM.attributes
                0x0000000000000336       0x2c ./Src/CH395.o
 .ARM.attributes
                0x0000000000000362       0x2c ./Src/CH395CMD.o
 .ARM.attributes
                0x000000000000038e       0x2c ./Src/CH395SPI_HW.o
 .ARM.attributes
                0x00000000000003ba       0x2c ./Src/Config_user_define.o
 .ARM.attributes
                0x00000000000003e6       0x2c ./Src/Delay.o
 .ARM.attributes
                0x0000000000000412       0x2c ./Src/FS.o
 .ARM.attributes
                0x000000000000043e       0x2c ./Src/HTTPResponders.o
 .ARM.attributes
                0x000000000000046a       0x2c ./Src/HTTPServer.o
 .ARM.attributes
                0x0000000000000496       0x2c ./Src/Lib485.o
 .ARM.attributes
                0x00000000000004c2       0x2c ./Src/command_funcs_OTRSP.o
 .ARM.attributes
                0x00000000000004ee       0x2c ./Src/commands.o
 .ARM.attributes
                0x000000000000051a       0x2c ./Src/main.o
 .ARM.attributes
                0x0000000000000546       0x2c ./Src/my_websocket.o
 .ARM.attributes
                0x0000000000000572       0x2c ./Src/stm32f0xx_hal_msp.o
 .ARM.attributes
                0x000000000000059e       0x2c ./Src/stm32f0xx_it.o
 .ARM.attributes
                0x00000000000005ca       0x2c ./Src/system_stm32f0xx.o
 .ARM.attributes
                0x00000000000005f6       0x21 ./Startup/startup_stm32f030c8tx.o
 .ARM.attributes
                0x0000000000000617       0x2c c:/st/stm32cubeide_1.7.0/stm32cubeide/plugins/com.st.stm32cube.ide.mcu.externaltools.gnu-tools-for-stm32.9-2020-q2-update.win32_2.0.0.202105311346/tools/bin/../lib/gcc/arm-none-eabi/9.3.1/../../../../arm-none-eabi/lib/thumb/v6-m/nofp\libc_nano.a(lib_a-init.o)
 .ARM.attributes
                0x0000000000000643       0x2c c:/st/stm32cubeide_1.7.0/stm32cubeide/plugins/com.st.stm32cube.ide.mcu.externaltools.gnu-tools-for-stm32.9-2020-q2-update.win32_2.0.0.202105311346/tools/bin/../lib/gcc/arm-none-eabi/9.3.1/../../../../arm-none-eabi/lib/thumb/v6-m/nofp\libc_nano.a(lib_a-memcpy-stub.o)
 .ARM.attributes
                0x000000000000066f       0x2c c:/st/stm32cubeide_1.7.0/stm32cubeide/plugins/com.st.stm32cube.ide.mcu.externaltools.gnu-tools-for-stm32.9-2020-q2-update.win32_2.0.0.202105311346/tools/bin/../lib/gcc/arm-none-eabi/9.3.1/../../../../arm-none-eabi/lib/thumb/v6-m/nofp\libc_nano.a(lib_a-memset.o)
 .ARM.attributes
                0x000000000000069b       0x2c c:/st/stm32cubeide_1.7.0/stm32cubeide/plugins/com.st.stm32cube.ide.mcu.externaltools.gnu-tools-for-stm32.9-2020-q2-update.win32_2.0.0.202105311346/tools/bin/../lib/gcc/arm-none-eabi/9.3.1/../../../../arm-none-eabi/lib/thumb/v6-m/nofp\libc_nano.a(lib_a-strcat.o)
 .ARM.attributes
                0x00000000000006c7       0x2c c:/st/stm32cubeide_1.7.0/stm32cubeide/plugins/com.st.stm32cube.ide.mcu.externaltools.gnu-tools-for-stm32.9-2020-q2-update.win32_2.0.0.202105311346/tools/bin/../lib/gcc/arm-none-eabi/9.3.1/../../../../arm-none-eabi/lib/thumb/v6-m/nofp\libc_nano.a(lib_a-strchr.o)
 .ARM.attributes
                0x00000000000006f3       0x1c c:/st/stm32cubeide_1.7.0/stm32cubeide/plugins/com.st.stm32cube.ide.mcu.externaltools.gnu-tools-for-stm32.9-2020-q2-update.win32_2.0.0.202105311346/tools/bin/../lib/gcc/arm-none-eabi/9.3.1/../../../../arm-none-eabi/lib/thumb/v6-m/nofp\libc_nano.a(lib_a-strcmp.o)
 .ARM.attributes
                0x000000000000070f       0x2c c:/st/stm32cubeide_1.7.0/stm32cubeide/plugins/com.st.stm32cube.ide.mcu.externaltools.gnu-tools-for-stm32.9-2020-q2-update.win32_2.0.0.202105311346/tools/bin/../lib/gcc/arm-none-eabi/9.3.1/../../../../arm-none-eabi/lib/thumb/v6-m/nofp\libc_nano.a(lib_a-strcpy.o)
 .ARM.attributes
                0x000000000000073b       0x2c c:/st/stm32cubeide_1.7.0/stm32cubeide/plugins/com.st.stm32cube.ide.mcu.externaltools.gnu-tools-for-stm32.9-2020-q2-update.win32_2.0.0.202105311346/tools/bin/../lib/gcc/arm-none-eabi/9.3.1/../../../../arm-none-eabi/lib/thumb/v6-m/nofp\libc_nano.a(lib_a-strlcpy.o)
 .ARM.attributes
                0x0000000000000767       0x1c c:/st/stm32cubeide_1.7.0/stm32cubeide/plugins/com.st.stm32cube.ide.mcu.externaltools.gnu-tools-for-stm32.9-2020-q2-update.win32_2.0.0.202105311346/tools/bin/../lib/gcc/arm-none-eabi/9.3.1/../../../../arm-none-eabi/lib/thumb/v6-m/nofp\libc_nano.a(lib_a-strlen.o)
 .ARM.attributes
                0x0000000000000783       0x2c c:/st/stm32cubeide_1.7.0/stm32cubeide/plugins/com.st.stm32cube.ide.mcu.externaltools.gnu-tools-for-stm32.9-2020-q2-update.win32_2.0.0.202105311346/tools/bin/../lib/gcc/arm-none-eabi/9.3.1/../../../../arm-none-eabi/lib/thumb/v6-m/nofp\libc_nano.a(lib_a-strncat.o)
 .ARM.attributes
                0x00000000000007af       0x2c c:/st/stm32cubeide_1.7.0/stm32cubeide/plugins/com.st.stm32cube.ide.mcu.externaltools.gnu-tools-for-stm32.9-2020-q2-update.win32_2.0.0.202105311346/tools/bin/../lib/gcc/arm-none-eabi/9.3.1/../../../../arm-none-eabi/lib/thumb/v6-m/nofp\libc_nano.a(lib_a-strncmp.o)
 .ARM.attributes
                0x00000000000007db       0x2c c:/st/stm32cubeide_1.7.0/stm32cubeide/plugins/com.st.stm32cube.ide.mcu.externaltools.gnu-tools-for-stm32.9-2020-q2-update.win32_2.0.0.202105311346/tools/bin/../lib/gcc/arm-none-eabi/9.3.1/../../../../arm-none-eabi/lib/thumb/v6-m/nofp\libc_nano.a(lib_a-strncpy.o)
 .ARM.attributes
                0x0000000000000807       0x2c c:/st/stm32cubeide_1.7.0/stm32cubeide/plugins/com.st.stm32cube.ide.mcu.externaltools.gnu-tools-for-stm32.9-2020-q2-update.win32_2.0.0.202105311346/tools/bin/../lib/gcc/arm-none-eabi/9.3.1/../../../../arm-none-eabi/lib/thumb/v6-m/nofp\libc_nano.a(lib_a-strnlen.o)
 .ARM.attributes
                0x0000000000000833       0x2c c:/st/stm32cubeide_1.7.0/stm32cubeide/plugins/com.st.stm32cube.ide.mcu.externaltools.gnu-tools-for-stm32.9-2020-q2-update.win32_2.0.0.202105311346/tools/bin/../lib/gcc/arm-none-eabi/9.3.1/../../../../arm-none-eabi/lib/thumb/v6-m/nofp\libc_nano.a(lib_a-strnstr.o)
 .ARM.attributes
                0x000000000000085f       0x2c c:/st/stm32cubeide_1.7.0/stm32cubeide/plugins/com.st.stm32cube.ide.mcu.externaltools.gnu-tools-for-stm32.9-2020-q2-update.win32_2.0.0.202105311346/tools/bin/../lib/gcc/arm-none-eabi/9.3.1/../../../../arm-none-eabi/lib/thumb/v6-m/nofp\libc_nano.a(lib_a-strstr.o)
 .ARM.attributes
                0x000000000000088b       0x2c c:/st/stm32cubeide_1.7.0/stm32cubeide/plugins/com.st.stm32cube.ide.mcu.externaltools.gnu-tools-for-stm32.9-2020-q2-update.win32_2.0.0.202105311346/tools/bin/../lib/gcc/arm-none-eabi/9.3.1/../../../../arm-none-eabi/lib/thumb/v6-m/nofp\libc_nano.a(lib_a-strtok_r.o)
 .ARM.attributes
                0x00000000000008b7       0x2c c:/st/stm32cubeide_1.7.0/stm32cubeide/plugins/com.st.stm32cube.ide.mcu.externaltools.gnu-tools-for-stm32.9-2020-q2-update.win32_2.0.0.202105311346/tools/bin/../lib/gcc/arm-none-eabi/9.3.1/../../../../arm-none-eabi/lib/thumb/v6-m/nofp\libc_nano.a(lib_a-memchr-stub.o)
 .ARM.attributes
                0x00000000000008e3       0x2c c:/st/stm32cubeide_1.7.0/stm32cubeide/plugins/com.st.stm32cube.ide.mcu.externaltools.gnu-tools-for-stm32.9-2020-q2-update.win32_2.0.0.202105311346/tools/bin/../lib/gcc/arm-none-eabi/9.3.1/../../../../arm-none-eabi/lib/thumb/v6-m/nofp\libc_nano.a(lib_a-memmem.o)
 .ARM.attributes
                0x000000000000090f       0x1e c:/st/stm32cubeide_1.7.0/stm32cubeide/plugins/com.st.stm32cube.ide.mcu.externaltools.gnu-tools-for-stm32.9-2020-q2-update.win32_2.0.0.202105311346/tools/bin/../lib/gcc/arm-none-eabi/9.3.1/thumb/v6-m/nofp\libgcc.a(_udivsi3.o)
 .ARM.attributes
                0x000000000000092d       0x1e c:/st/stm32cubeide_1.7.0/stm32cubeide/plugins/com.st.stm32cube.ide.mcu.externaltools.gnu-tools-for-stm32.9-2020-q2-update.win32_2.0.0.202105311346/tools/bin/../lib/gcc/arm-none-eabi/9.3.1/thumb/v6-m/nofp\libgcc.a(_dvmd_tls.o)
 .ARM.attributes
                0x000000000000094b       0x1e c:/st/stm32cubeide_1.7.0/stm32cubeide/plugins/com.st.stm32cube.ide.mcu.externaltools.gnu-tools-for-stm32.9-2020-q2-update.win32_2.0.0.202105311346/tools/bin/../lib/gcc/arm-none-eabi/9.3.1/thumb/v6-m/nofp\libgcc.a(_clzsi2.o)
 .ARM.attributes
                0x0000000000000969       0x1e c:/st/stm32cubeide_1.7.0/stm32cubeide/plugins/com.st.stm32cube.ide.mcu.externaltools.gnu-tools-for-stm32.9-2020-q2-update.win32_2.0.0.202105311346/tools/bin/../lib/gcc/arm-none-eabi/9.3.1/thumb/v6-m/nofp/crtn.o
OUTPUT(Antenna Switch 6x2 New.elf elf32-littlearm)
LOAD linker stubs
LOAD c:/st/stm32cubeide_1.7.0/stm32cubeide/plugins/com.st.stm32cube.ide.mcu.externaltools.gnu-tools-for-stm32.9-2020-q2-update.win32_2.0.0.202105311346/tools/bin/../lib/gcc/arm-none-eabi/9.3.1/../../../../arm-none-eabi/lib/thumb/v6-m/nofp\libc.a
LOAD c:/st/stm32cubeide_1.7.0/stm32cubeide/plugins/com.st.stm32cube.ide.mcu.externaltools.gnu-tools-for-stm32.9-2020-q2-update.win32_2.0.0.202105311346/tools/bin/../lib/gcc/arm-none-eabi/9.3.1/../../../../arm-none-eabi/lib/thumb/v6-m/nofp\libm.a
LOAD c:/st/stm32cubeide_1.7.0/stm32cubeide/plugins/com.st.stm32cube.ide.mcu.externaltools.gnu-tools-for-stm32.9-2020-q2-update.win32_2.0.0.202105311346/tools/bin/../lib/gcc/arm-none-eabi/9.3.1/thumb/v6-m/nofp\libgcc.a

.debug_info     0x0000000000000000    0x25b8e
 .debug_info    0x0000000000000000     0x13d2 ./Drivers/Config/Config.o
 .debug_info    0x00000000000013d2     0x1227 ./Drivers/Flash_EEPROM/Flash_EEPROM.o
 .debug_info    0x00000000000025f9      0xd61 ./Drivers/LiteSHA1/LiteSHA1.o
 .debug_info    0x000000000000335a      0x6d8 ./Drivers/STM32F0xx_HAL_Driver/Src/stm32f0xx_hal.o
 .debug_info    0x0000000000003a32      0x7ba ./Drivers/STM32F0xx_HAL_Driver/Src/stm32f0xx_hal_cortex.o
 .debug_info    0x00000000000041ec      0x806 ./Drivers/STM32F0xx_HAL_Driver/Src/stm32f0xx_hal_dma.o
 .debug_info    0x00000000000049f2      0x5bc ./Drivers/STM32F0xx_HAL_Driver/Src/stm32f0xx_hal_flash.o
 .debug_info    0x0000000000004fae      0x7c6 ./Drivers/STM32F0xx_HAL_Driver/Src/stm32f0xx_hal_flash_ex.o
 .debug_info    0x0000000000005774      0x6d2 ./Drivers/STM32F0xx_HAL_Driver/Src/stm32f0xx_hal_gpio.o
 .debug_info    0x0000000000005e46      0x88d ./Drivers/STM32F0xx_HAL_Driver/Src/stm32f0xx_hal_rcc.o
 .debug_info    0x00000000000066d3     0x17a5 ./Drivers/STM32F0xx_HAL_Driver/Src/stm32f0xx_hal_spi.o
 .debug_info    0x0000000000007e78     0x2bfd ./Drivers/STM32F0xx_HAL_Driver/Src/stm32f0xx_hal_tim.o
 .debug_info    0x000000000000aa75     0x154a ./Drivers/STM32F0xx_HAL_Driver/Src/stm32f0xx_hal_tim_ex.o
 .debug_info    0x000000000000bfbf     0x3cce ./Drivers/STM32F0xx_HAL_Driver/Src/stm32f0xx_hal_uart.o
 .debug_info    0x000000000000fc8d      0xa90 ./Drivers/STM32F0xx_HAL_Driver/Src/stm32f0xx_hal_uart_ex.o
 .debug_info    0x000000000001071d      0xacd ./Drivers/SerialOverTCP/SerialOverTCP.o
 .debug_info    0x00000000000111ea     0x1265 ./Drivers/kfifo_DMA/kfifo_DMA.o
 .debug_info    0x000000000001244f      0x39e ./Src/CH395.o
 .debug_info    0x00000000000127ed     0x1ce3 ./Src/CH395CMD.o
 .debug_info    0x00000000000144d0     0x154c ./Src/CH395SPI_HW.o
 .debug_info    0x0000000000015a1c      0xb0f ./Src/Config_user_define.o
 .debug_info    0x000000000001652b      0x187 ./Src/Delay.o
 .debug_info    0x00000000000166b2      0xb9f ./Src/FS.o
 .debug_info    0x0000000000017251     0x1566 ./Src/HTTPResponders.o
 .debug_info    0x00000000000187b7     0x1ace ./Src/HTTPServer.o
 .debug_info    0x000000000001a285     0x19e3 ./Src/Lib485.o
 .debug_info    0x000000000001bc68     0x157e ./Src/command_funcs_OTRSP.o
 .debug_info    0x000000000001d1e6      0xd90 ./Src/commands.o
 .debug_info    0x000000000001df76     0x30cf ./Src/main.o
 .debug_info    0x0000000000021045      0xda3 ./Src/my_websocket.o
 .debug_info    0x0000000000021de8     0x1f0e ./Src/stm32f0xx_hal_msp.o
 .debug_info    0x0000000000023cf6     0x1bd4 ./Src/stm32f0xx_it.o
 .debug_info    0x00000000000258ca      0x2c4 ./Src/system_stm32f0xx.o

.debug_abbrev   0x0000000000000000     0x4e54
 .debug_abbrev  0x0000000000000000      0x32a ./Drivers/Config/Config.o
 .debug_abbrev  0x000000000000032a      0x271 ./Drivers/Flash_EEPROM/Flash_EEPROM.o
 .debug_abbrev  0x000000000000059b      0x29d ./Drivers/LiteSHA1/LiteSHA1.o
 .debug_abbrev  0x0000000000000838      0x21b ./Drivers/STM32F0xx_HAL_Driver/Src/stm32f0xx_hal.o
 .debug_abbrev  0x0000000000000a53      0x2a6 ./Drivers/STM32F0xx_HAL_Driver/Src/stm32f0xx_hal_cortex.o
 .debug_abbrev  0x0000000000000cf9      0x210 ./Drivers/STM32F0xx_HAL_Driver/Src/stm32f0xx_hal_dma.o
 .debug_abbrev  0x0000000000000f09      0x22c ./Drivers/STM32F0xx_HAL_Driver/Src/stm32f0xx_hal_flash.o
 .debug_abbrev  0x0000000000001135      0x215 ./Drivers/STM32F0xx_HAL_Driver/Src/stm32f0xx_hal_flash_ex.o
 .debug_abbrev  0x000000000000134a      0x1e5 ./Drivers/STM32F0xx_HAL_Driver/Src/stm32f0xx_hal_gpio.o
 .debug_abbrev  0x000000000000152f      0x238 ./Drivers/STM32F0xx_HAL_Driver/Src/stm32f0xx_hal_rcc.o
 .debug_abbrev  0x0000000000001767      0x251 ./Drivers/STM32F0xx_HAL_Driver/Src/stm32f0xx_hal_spi.o
 .debug_abbrev  0x00000000000019b8      0x26c ./Drivers/STM32F0xx_HAL_Driver/Src/stm32f0xx_hal_tim.o
 .debug_abbrev  0x0000000000001c24      0x274 ./Drivers/STM32F0xx_HAL_Driver/Src/stm32f0xx_hal_tim_ex.o
 .debug_abbrev  0x0000000000001e98      0x2bf ./Drivers/STM32F0xx_HAL_Driver/Src/stm32f0xx_hal_uart.o
 .debug_abbrev  0x0000000000002157      0x25e ./Drivers/STM32F0xx_HAL_Driver/Src/stm32f0xx_hal_uart_ex.o
 .debug_abbrev  0x00000000000023b5      0x1d7 ./Drivers/SerialOverTCP/SerialOverTCP.o
 .debug_abbrev  0x000000000000258c      0x2c3 ./Drivers/kfifo_DMA/kfifo_DMA.o
 .debug_abbrev  0x000000000000284f      0x170 ./Src/CH395.o
 .debug_abbrev  0x00000000000029bf      0x305 ./Src/CH395CMD.o
 .debug_abbrev  0x0000000000002cc4      0x282 ./Src/CH395SPI_HW.o
 .debug_abbrev  0x0000000000002f46      0x1f1 ./Src/Config_user_define.o
 .debug_abbrev  0x0000000000003137       0xd7 ./Src/Delay.o
 .debug_abbrev  0x000000000000320e      0x20d ./Src/FS.o
 .debug_abbrev  0x000000000000341b      0x2dd ./Src/HTTPResponders.o
 .debug_abbrev  0x00000000000036f8      0x3a5 ./Src/HTTPServer.o
 .debug_abbrev  0x0000000000003a9d      0x2bc ./Src/Lib485.o
 .debug_abbrev  0x0000000000003d59      0x276 ./Src/command_funcs_OTRSP.o
 .debug_abbrev  0x0000000000003fcf      0x27c ./Src/commands.o
 .debug_abbrev  0x000000000000424b      0x3d8 ./Src/main.o
 .debug_abbrev  0x0000000000004623      0x241 ./Src/my_websocket.o
 .debug_abbrev  0x0000000000004864      0x28e ./Src/stm32f0xx_hal_msp.o
 .debug_abbrev  0x0000000000004af2      0x220 ./Src/stm32f0xx_it.o
 .debug_abbrev  0x0000000000004d12      0x142 ./Src/system_stm32f0xx.o

.debug_aranges  0x0000000000000000     0x15a8
 .debug_aranges
                0x0000000000000000       0x60 ./Drivers/Config/Config.o
 .debug_aranges
                0x0000000000000060       0x28 ./Drivers/Flash_EEPROM/Flash_EEPROM.o
 .debug_aranges
                0x0000000000000088       0x48 ./Drivers/LiteSHA1/LiteSHA1.o
 .debug_aranges
                0x00000000000000d0       0xd0 ./Drivers/STM32F0xx_HAL_Driver/Src/stm32f0xx_hal.o
 .debug_aranges
                0x00000000000001a0       0xc0 ./Drivers/STM32F0xx_HAL_Driver/Src/stm32f0xx_hal_cortex.o
 .debug_aranges
                0x0000000000000260       0x88 ./Drivers/STM32F0xx_HAL_Driver/Src/stm32f0xx_hal_dma.o
 .debug_aranges
                0x00000000000002e8       0x88 ./Drivers/STM32F0xx_HAL_Driver/Src/stm32f0xx_hal_flash.o
 .debug_aranges
                0x0000000000000370       0x98 ./Drivers/STM32F0xx_HAL_Driver/Src/stm32f0xx_hal_flash_ex.o
 .debug_aranges
                0x0000000000000408       0x58 ./Drivers/STM32F0xx_HAL_Driver/Src/stm32f0xx_hal_gpio.o
 .debug_aranges
                0x0000000000000460       0x80 ./Drivers/STM32F0xx_HAL_Driver/Src/stm32f0xx_hal_rcc.o
 .debug_aranges
                0x00000000000004e0      0x1d8 ./Drivers/STM32F0xx_HAL_Driver/Src/stm32f0xx_hal_spi.o
 .debug_aranges
                0x00000000000006b8      0x3d0 ./Drivers/STM32F0xx_HAL_Driver/Src/stm32f0xx_hal_tim.o
 .debug_aranges
                0x0000000000000a88      0x168 ./Drivers/STM32F0xx_HAL_Driver/Src/stm32f0xx_hal_tim_ex.o
 .debug_aranges
                0x0000000000000bf0      0x218 ./Drivers/STM32F0xx_HAL_Driver/Src/stm32f0xx_hal_uart.o
 .debug_aranges
                0x0000000000000e08       0x48 ./Drivers/STM32F0xx_HAL_Driver/Src/stm32f0xx_hal_uart_ex.o
 .debug_aranges
                0x0000000000000e50       0x20 ./Drivers/SerialOverTCP/SerialOverTCP.o
 .debug_aranges
                0x0000000000000e70       0x58 ./Drivers/kfifo_DMA/kfifo_DMA.o
 .debug_aranges
                0x0000000000000ec8       0x28 ./Src/CH395.o
 .debug_aranges
                0x0000000000000ef0      0x1f8 ./Src/CH395CMD.o
 .debug_aranges
                0x00000000000010e8       0x38 ./Src/CH395SPI_HW.o
 .debug_aranges
                0x0000000000001120       0x20 ./Src/Config_user_define.o
 .debug_aranges
                0x0000000000001140       0x20 ./Src/Delay.o
 .debug_aranges
                0x0000000000001160       0x38 ./Src/FS.o
 .debug_aranges
                0x0000000000001198       0x78 ./Src/HTTPResponders.o
 .debug_aranges
                0x0000000000001210       0xd8 ./Src/HTTPServer.o
 .debug_aranges
                0x00000000000012e8       0x60 ./Src/Lib485.o
 .debug_aranges
                0x0000000000001348       0x48 ./Src/command_funcs_OTRSP.o
 .debug_aranges
                0x0000000000001390       0x50 ./Src/commands.o
 .debug_aranges
                0x00000000000013e0       0x98 ./Src/main.o
 .debug_aranges
                0x0000000000001478       0x58 ./Src/my_websocket.o
 .debug_aranges
                0x00000000000014d0       0x50 ./Src/stm32f0xx_hal_msp.o
 .debug_aranges
                0x0000000000001520       0x60 ./Src/stm32f0xx_it.o
 .debug_aranges
                0x0000000000001580       0x28 ./Src/system_stm32f0xx.o

.debug_ranges   0x0000000000000000     0x1458
 .debug_ranges  0x0000000000000000       0x50 ./Drivers/Config/Config.o
 .debug_ranges  0x0000000000000050       0x18 ./Drivers/Flash_EEPROM/Flash_EEPROM.o
 .debug_ranges  0x0000000000000068       0x38 ./Drivers/LiteSHA1/LiteSHA1.o
 .debug_ranges  0x00000000000000a0       0xc0 ./Drivers/STM32F0xx_HAL_Driver/Src/stm32f0xx_hal.o
 .debug_ranges  0x0000000000000160       0xb0 ./Drivers/STM32F0xx_HAL_Driver/Src/stm32f0xx_hal_cortex.o
 .debug_ranges  0x0000000000000210       0x78 ./Drivers/STM32F0xx_HAL_Driver/Src/stm32f0xx_hal_dma.o